iccp_main.mak: iccp_main.c
"../TASE2inc/glbtypes.h", 第 259 行: 警告: 不可识别的 #pragma 被忽略: message 
"/DPSINC/../../../lan/v4.0a/inc/lan_common.h", 第 13 行: 警告: 指令中有无效空白字符
"/DPSINC/../../../lan/v4.0a/inc/lan_common.h", 第 14 行: 警告: 指令中有无效空白字符
"/DPSINC/../../../lan/v4.0a/inc/lan_common.h", 第 16 行: 警告: 指令中有无效空白字符
"/DPSINC/../../../lan/v4.0a/inc/lan_os.h", 第 18 行: 警告: 指令中有无效空白字符
"/DPSINC/../../../lan/v4.0a/inc/lan_os.h", 第 19 行: 警告: 指令中有无效空白字符
"/DPSINC/../../../lan/v4.0a/inc/lan_os.h", 第 21 行: 警告: 指令中有无效空白字符
"/DPSINC/../../../lan/v4.0a/inc/lan_os.h", 第 23 行: 警告: 指令中有无效空白字符
"/DPSINC/../../../lan/v4.0a/inc/lan_os.h", 第 24 行: 警告: 指令中有无效空白字符
"/DPSINC/../../../lan/v4.0a/inc/lan_os.h", 第 25 行: 警告: 指令中有无效空白字符
"/DPSINC/../../../lan/v4.0a/inc/lan_os.h", 第 27 行: 警告: 指令中有无效空白字符
"/DPSINC/../../../lan/v4.0a/inc/lan_os.h", 第 28 行: 警告: 指令中有无效空白字符
"/DPSINC/../../../lan/v4.0a/inc/lan_os.h", 第 28 行: 警告: 重新定义宏: INADDR_NONE
 "/DPSINC/../../../lan/v4.0a/inc/lan_os.h", 第 29 行: 警告: 指令中有无效空白字符
"/DPSINC/../../../lan/v4.0a/inc/lan_os.h", 第 30 行: 警告: 指令中有无效空白字符
"/DPSINC/../../../lan/v4.0a/inc/lan_os.h", 第 32 行: 警告: 指令中有无效空白字符
"/DPSINC/../../../lan/v4.0a/inc/lan_os.h", 第 34 行: 警告: 指令中有无效空白字符
"/DPSINC/../../../lan/v4.0a/inc/lan_os.h", 第 36 行: 警告: 指令中有无效空白字符
"/DPSINC/../../../lan/v4.0a/inc/lan_os.h", 第 37 行: 警告: 指令中有无效空白字符
"/DPSINC/../../../lan/v4.0a/inc/lan_os.h", 第 38 行: 警告: 指令中有无效空白字符
"/DPSINC/../../../lan/v4.0a/inc/lan_os.h", 第 40 行: 警告: 指令中有无效空白字符
"/DPSINC/../../../lan/v4.0a/inc/lan_os.h", 第 42 行: 警告: 指令中有无效空白字符
"/DPSINC/../../../lan/v4.0a/inc/lan_os.h", 第 43 行: 警告: 指令中有无效空白字符
"/DPSINC/../../../lan/v4.0a/inc/lan_os.h", 第 44 行: 警告: 指令中有无效空白字符
"/DPSINC/../../../lan/v4.0a/inc/lan_os.h", 第 46 行: 警告: 指令中有无效空白字符
"/DPSINC/../../../lan/v4.0a/inc/lan_os.h", 第 49 行: 警告: 指令中有无效空白字符
"/DPSINC/../../../lan/v4.0a/inc/lan_os.h", 第 50 行: 警告: 指令中有无效空白字符
"/DPSINC/../../../lan/v4.0a/inc/lan_os.h", 第 51 行: 警告: 指令中有无效空白字符
"/DPSINC/../../../lan/v4.0a/inc/lan_os.h", 第 52 行: 警告: 指令中有无效空白字符
"/DPSINC/../../../lan/v4.0a/inc/lan_os.h", 第 54 行: 警告: 指令中有无效空白字符
"/DPSINC/../../../lan/v4.0a/inc/lan_common.h", 第 17 行: 警告: 指令中有无效空白字符
"/DPSINC/../../../lan/v4.0a/inc/common_head.h", 第 1 行: 警告: 指令中有无效空白字符
"/DPSINC/../../../lan/v4.0a/inc/common_head.h", 第 15 行: 警告: 指令中有无效空白字符
"/DPSINC/../../../lan/v4.0a/inc/common_head.h", 第 17 行: 警告: 指令中有无效空白字符
"/DPSINC/../../../lan/v4.0a/inc/common_head.h", 第 18 行: 警告: 指令中有无效空白字符
"/DPSINC/../../../lan/v4.0a/inc/common_head.h", 第 19 行: 警告: 指令中有无效空白字符
"/DPSINC/../../../lan/v4.0a/inc/common_head.h", 第 20 行: 警告: 指令中有无效空白字符
"/DPSINC/../../../lan/v4.0a/inc/common_head.h", 第 21 行: 警告: 指令中有无效空白字符
"/DPSINC/../../../lan/v4.0a/inc/common_head.h", 第 22 行: 警告: 指令中有无效空白字符
"/DPSINC/../../../lan/v4.0a/inc/common_head.h", 第 23 行: 警告: 指令中有无效空白字符
"/DPSINC/../../../lan/v4.0a/inc/common_head.h", 第 24 行: 警告: 指令中有无效空白字符
"/DPSINC/../../../lan/v4.0a/inc/common_head.h", 第 25 行: 警告: 指令中有无效空白字符
"/DPSINC/../../../lan/v4.0a/inc/common_head.h", 第 26 行: 警告: 指令中有无效空白字符
"/DPSINC/../../../lan/v4.0a/inc/common_head.h", 第 27 行: 警告: 指令中有无效空白字符
"/DPSINC/../../../lan/v4.0a/inc/common_head.h", 第 28 行: 警告: 指令中有无效空白字符
"/DPSINC/../../../lan/v4.0a/inc/common_head.h", 第 29 行: 警告: 指令中有无效空白字符
"/DPSINC/../../../lan/v4.0a/inc/common_head.h", 第 30 行: 警告: 指令中有无效空白字符
"/DPSINC/../../../lan/v4.0a/inc/common_head.h", 第 31 行: 警告: 指令中有无效空白字符
"/DPSINC/../../../lan/v4.0a/inc/common_head.h", 第 32 行: 警告: 指令中有无效空白字符
"/DPSINC/../../../lan/v4.0a/inc/common_head.h", 第 33 行: 警告: 指令中有无效空白字符
"/DPSINC/../../../lan/v4.0a/inc/common_head.h", 第 34 行: 警告: 指令中有无效空白字符
"/DPSINC/../../../lan/v4.0a/inc/common_head.h", 第 35 行: 警告: 指令中有无效空白字符
"/DPSINC/../../../lan/v4.0a/inc/common_head.h", 第 36 行: 警告: 指令中有无效空白字符
"/DPSINC/../../../lan/v4.0a/inc/common_head.h", 第 37 行: 警告: 指令中有无效空白字符
"/DPSINC/../../../lan/v4.0a/inc/common_head.h", 第 38 行: 警告: 指令中有无效空白字符
"/DPSINC/../../../lan/v4.0a/inc/lan_common.h", 第 18 行: 警告: 指令中有无效空白字符
"/DPSINC/../../../lan/v4.0a/inc/lan_common.h", 第 20 行: 警告: 指令中有无效空白字符
"/DPSINC/../../../lan/v4.0a/inc/lan_common.h", 第 22 行: 警告: 指令中有无效空白字符
"/DPSINC/../../../lan/v4.0a/inc/lan_common.h", 第 25 行: 警告: 指令中有无效空白字符
"/DPSINC/../../../lan/v4.0a/inc/lan_common.h", 第 26 行: 警告: 指令中有无效空白字符
"/DPSINC/../../../lan/v4.0a/inc/lan_common.h", 第 27 行: 警告: 指令中有无效空白字符
"/DPSINC/../../../lan/v4.0a/inc/lan_common.h", 第 28 行: 警告: 指令中有无效空白字符
"/DPSINC/../../../lan/v4.0a/inc/lan_common.h", 第 29 行: 警告: 指令中有无效空白字符
"/DPSINC/../../../lan/v4.0a/inc/lan_common.h", 第 30 行: 警告: 指令中有无效空白字符
"/DPSINC/../../../lan/v4.0a/inc/lan_common.h", 第 32 行: 警告: 指令中有无效空白字符
"/DPSINC/../../../lan/v4.0a/inc/lan_common.h", 第 33 行: 警告: 指令中有无效空白字符
"/DPSINC/../../../lan/v4.0a/inc/lan_common.h", 第 35 行: 警告: 指令中有无效空白字符
"/DPSINC/../../../lan/v4.0a/inc/lan_common.h", 第 36 行: 警告: 指令中有无效空白字符
"/DPSINC/../../../lan/v4.0a/inc/lan_common.h", 第 37 行: 警告: 指令中有无效空白字符
"/DPSINC/../../../lan/v4.0a/inc/lan_common.h", 第 38 行: 警告: 指令中有无效空白字符
"/DPSINC/../../../lan/v4.0a/inc/lan_common.h", 第 39 行: 警告: 指令中有无效空白字符
"/DPSINC/../../../lan/v4.0a/inc/lan_common.h", 第 40 行: 警告: 指令中有无效空白字符
"/DPSINC/../../../lan/v4.0a/inc/lan_common.h", 第 41 行: 警告: 指令中有无效空白字符
"/DPSINC/../../../lan/v4.0a/inc/lan_common.h", 第 42 行: 警告: 指令中有无效空白字符
"/DPSINC/../../../lan/v4.0a/inc/lan_common.h", 第 43 行: 警告: 指令中有无效空白字符
"/DPSINC/../../../lan/v4.0a/inc/lan_common.h", 第 44 行: 警告: 指令中有无效空白字符
"/DPSINC/../../../lan/v4.0a/inc/lan_common.h", 第 45 行: 警告: 指令中有无效空白字符
"/DPSINC/../../../lan/v4.0a/inc/lan_common.h", 第 46 行: 警告: 指令中有无效空白字符
"/DPSINC/../../../lan/v4.0a/inc/lan_common.h", 第 47 行: 警告: 指令中有无效空白字符
"/DPSINC/../../../lan/v4.0a/inc/lan_common.h", 第 48 行: 警告: 指令中有无效空白字符
"/DPSINC/../../../lan/v4.0a/inc/lan_common.h", 第 49 行: 警告: 指令中有无效空白字符
"/DPSINC/../../../lan/v4.0a/inc/lan_common.h", 第 50 行: 警告: 指令中有无效空白字符
"/DPSINC/../../../lan/v4.0a/inc/lan_common.h", 第 51 行: 警告: 指令中有无效空白字符
"/DPSINC/../../../lan/v4.0a/inc/lan_common.h", 第 52 行: 警告: 指令中有无效空白字符
"/DPSINC/../../../lan/v4.0a/inc/lan_common.h", 第 53 行: 警告: 指令中有无效空白字符
"/DPSINC/../../../lan/v4.0a/inc/lan_common.h", 第 54 行: 警告: 指令中有无效空白字符
"/DPSINC/../../../lan/v4.0a/inc/lan_common.h", 第 55 行: 警告: 指令中有无效空白字符
"/DPSINC/../../../lan/v4.0a/inc/lan_common.h", 第 56 行: 警告: 指令中有无效空白字符
"/DPSINC/../../../lan/v4.0a/inc/lan_common.h", 第 57 行: 警告: 指令中有无效空白字符
"/DPSINC/../../../lan/v4.0a/inc/lan_common.h", 第 58 行: 警告: 指令中有无效空白字符
"/DPSINC/../../../lan/v4.0a/inc/lan_common.h", 第 59 行: 警告: 指令中有无效空白字符
"/DPSINC/../../../lan/v4.0a/inc/lan_common.h", 第 60 行: 警告: 指令中有无效空白字符
"/DPSINC/../../../lan/v4.0a/inc/lan_common.h", 第 61 行: 警告: 指令中有无效空白字符
"/DPSINC/../../../lan/v4.0a/inc/lan_common.h", 第 62 行: 警告: 指令中有无效空白字符
"/DPSINC/../../../lan/v4.0a/inc/lan_common.h", 第 63 行: 警告: 指令中有无效空白字符
"/DPSINC/../../../lan/v4.0a/inc/lan_common.h", 第 64 行: 警告: 指令中有无效空白字符
"/DPSINC/../../../lan/v4.0a/inc/lan_common.h", 第 65 行: 警告: 指令中有无效空白字符
"/DPSINC/../../../lan/v4.0a/inc/lan_common.h", 第 66 行: 警告: 指令中有无效空白字符
"/DPSINC/../../../lan/v4.0a/inc/lan_common.h", 第 67 行: 警告: 指令中有无效空白字符
"/DPSINC/../../../lan/v4.0a/inc/lan_common.h", 第 68 行: 警告: 指令中有无效空白字符
"/DPSINC/../../../lan/v4.0a/inc/lan_common.h", 第 69 行: 警告: 指令中有无效空白字符
"/DPSINC/../../../lan/v4.0a/inc/lan_common.h", 第 70 行: 警告: 指令中有无效空白字符
"/DPSINC/../../../lan/v4.0a/inc/lan_common.h", 第 74 行: 警告: 指令中有无效空白字符
"/DPSINC/../../../lan/v4.0a/inc/lan_common.h", 第 156 行: 警告: 指令中有无效空白字符
"/DPSINC/../../../lan/v4.0a/inc/lan_common.h", 第 157 行: 警告: 指令中有无效空白字符
"/DPSINC/../../../lan/v4.0a/inc/lan_common.h", 第 158 行: 警告: 指令中有无效空白字符
"/DPSINC/../../../lan/v4.0a/inc/lan_common.h", 第 159 行: 警告: 指令中有无效空白字符
"/DPSINC/../../../lan/v4.0a/inc/lan_common.h", 第 249 行: 警告: 指令中有无效空白字符
"/DPSINC/../../../lan/v4.0a/inc/lan_common.h", 第 250 行: 警告: 指令中有无效空白字符
"/DPSINC/../../../lan/v4.0a/inc/lan_common.h", 第 251 行: 警告: 指令中有无效空白字符
"/DPSINC/../../../lan/v4.0a/inc/lan_common.h", 第 252 行: 警告: 指令中有无效空白字符
"/DPSINC/../../../lan/v4.0a/inc/lan_common.h", 第 356 行: 警告: 指令中有无效空白字符
"/DPSINC/../../../lan/v4.0a/inc/lan_common.h", 第 359 行: 警告: 指令中有无效空白字符
"/DPSINC/../../../lan/v4.0a/inc/lan_common.h", 第 366 行: 警告: 指令中有无效空白字符
"/DPSINC/../../../lan/v4.0a/inc/lan_common.h", 第 367 行: 警告: 指令中有无效空白字符
"/DPSINC/../../../lan/v4.0a/inc/lan_common.h", 第 368 行: 警告: 指令中有无效空白字符
"/DPSINC/../../../lan/v4.0a/inc/lan_common.h", 第 369 行: 警告: 指令中有无效空白字符
"/DPSINC/../../../lan/v4.0a/inc/lan_common.h", 第 370 行: 警告: 指令中有无效空白字符
"/DPSINC/../../../lan/v4.0a/inc/lan_common.h", 第 371 行: 警告: 指令中有无效空白字符
"/DPSINC/../../../lan/v4.0a/inc/lan_common.h", 第 432 行: 警告: 指令中有无效空白字符
"/DPSINC/../../../lan/v4.0a/inc/lan_common.h", 第 434 行: 警告: 指令中有无效空白字符
"/DPSINC/../../../lan/v4.0a/inc/lan_common.h", 第 436 行: 警告: 指令中有无效空白字符
"/LANINC/lan_common.h", 第 13 行: 警告: 指令中有无效空白字符
"/LANINC/lan_common.h", 第 18 行: 警告: 指令中有无效空白字符
"/LANINC/lan_common.h", 第 20 行: 警告: 指令中有无效空白字符
"/LANINC/lan_common.h", 第 22 行: 警告: 指令中有无效空白字符
"/LANINC/lan_common.h", 第 25 行: 警告: 指令中有无效空白字符
"/LANINC/lan_common.h", 第 356 行: 警告: 指令中有无效空白字符
"/LANINC/lan_common.h", 第 359 行: 警告: 指令中有无效空白字符
"/LANINC/lan_common.h", 第 432 行: 警告: 指令中有无效空白字符
"/LANINC/lan_common.h", 第 434 行: 警告: 指令中有无效空白字符
"/LANINC/lan_common.h", 第 436 行: 警告: 指令中有无效空白字符
iccp_main.mak: iccp_fun.c
"../TASE2inc/glbtypes.h", 第 259 行: 警告: 不可识别的 #pragma 被忽略: message 
"/DPSINC/../../../lan/v4.0a/inc/lan_common.h", 第 13 行: 警告: 指令中有无效空白字符
"/DPSINC/../../../lan/v4.0a/inc/lan_common.h", 第 14 行: 警告: 指令中有无效空白字符
"/DPSINC/../../../lan/v4.0a/inc/lan_common.h", 第 16 行: 警告: 指令中有无效空白字符
"/DPSINC/../../../lan/v4.0a/inc/lan_os.h", 第 18 行: 警告: 指令中有无效空白字符
"/DPSINC/../../../lan/v4.0a/inc/lan_os.h", 第 19 行: 警告: 指令中有无效空白字符
"/DPSINC/../../../lan/v4.0a/inc/lan_os.h", 第 21 行: 警告: 指令中有无效空白字符
"/DPSINC/../../../lan/v4.0a/inc/lan_os.h", 第 23 行: 警告: 指令中有无效空白字符
"/DPSINC/../../../lan/v4.0a/inc/lan_os.h", 第 24 行: 警告: 指令中有无效空白字符
"/DPSINC/../../../lan/v4.0a/inc/lan_os.h", 第 25 行: 警告: 指令中有无效空白字符
"/DPSINC/../../../lan/v4.0a/inc/lan_os.h", 第 27 行: 警告: 指令中有无效空白字符
"/DPSINC/../../../lan/v4.0a/inc/lan_os.h", 第 28 行: 警告: 指令中有无效空白字符
"/DPSINC/../../../lan/v4.0a/inc/lan_os.h", 第 28 行: 警告: 重新定义宏: INADDR_NONE
 "/DPSINC/../../../lan/v4.0a/inc/lan_os.h", 第 29 行: 警告: 指令中有无效空白字符
"/DPSINC/../../../lan/v4.0a/inc/lan_os.h", 第 30 行: 警告: 指令中有无效空白字符
"/DPSINC/../../../lan/v4.0a/inc/lan_os.h", 第 32 行: 警告: 指令中有无效空白字符
"/DPSINC/../../../lan/v4.0a/inc/lan_os.h", 第 34 行: 警告: 指令中有无效空白字符
"/DPSINC/../../../lan/v4.0a/inc/lan_os.h", 第 36 行: 警告: 指令中有无效空白字符
"/DPSINC/../../../lan/v4.0a/inc/lan_os.h", 第 37 行: 警告: 指令中有无效空白字符
"/DPSINC/../../../lan/v4.0a/inc/lan_os.h", 第 38 行: 警告: 指令中有无效空白字符
"/DPSINC/../../../lan/v4.0a/inc/lan_os.h", 第 40 行: 警告: 指令中有无效空白字符
"/DPSINC/../../../lan/v4.0a/inc/lan_os.h", 第 42 行: 警告: 指令中有无效空白字符
"/DPSINC/../../../lan/v4.0a/inc/lan_os.h", 第 43 行: 警告: 指令中有无效空白字符
"/DPSINC/../../../lan/v4.0a/inc/lan_os.h", 第 44 行: 警告: 指令中有无效空白字符
"/DPSINC/../../../lan/v4.0a/inc/lan_os.h", 第 46 行: 警告: 指令中有无效空白字符
"/DPSINC/../../../lan/v4.0a/inc/lan_os.h", 第 49 行: 警告: 指令中有无效空白字符
"/DPSINC/../../../lan/v4.0a/inc/lan_os.h", 第 50 行: 警告: 指令中有无效空白字符
"/DPSINC/../../../lan/v4.0a/inc/lan_os.h", 第 51 行: 警告: 指令中有无效空白字符
"/DPSINC/../../../lan/v4.0a/inc/lan_os.h", 第 52 行: 警告: 指令中有无效空白字符
"/DPSINC/../../../lan/v4.0a/inc/lan_os.h", 第 54 行: 警告: 指令中有无效空白字符
"/DPSINC/../../../lan/v4.0a/inc/lan_common.h", 第 17 行: 警告: 指令中有无效空白字符
"/DPSINC/../../../lan/v4.0a/inc/common_head.h", 第 1 行: 警告: 指令中有无效空白字符
"/DPSINC/../../../lan/v4.0a/inc/common_head.h", 第 15 行: 警告: 指令中有无效空白字符
"/DPSINC/../../../lan/v4.0a/inc/common_head.h", 第 17 行: 警告: 指令中有无效空白字符
"/DPSINC/../../../lan/v4.0a/inc/common_head.h", 第 18 行: 警告: 指令中有无效空白字符
"/DPSINC/../../../lan/v4.0a/inc/common_head.h", 第 19 行: 警告: 指令中有无效空白字符
"/DPSINC/../../../lan/v4.0a/inc/common_head.h", 第 20 行: 警告: 指令中有无效空白字符
"/DPSINC/../../../lan/v4.0a/inc/common_head.h", 第 21 行: 警告: 指令中有无效空白字符
"/DPSINC/../../../lan/v4.0a/inc/common_head.h", 第 22 行: 警告: 指令中有无效空白字符
"/DPSINC/../../../lan/v4.0a/inc/common_head.h", 第 23 行: 警告: 指令中有无效空白字符
"/DPSINC/../../../lan/v4.0a/inc/common_head.h", 第 24 行: 警告: 指令中有无效空白字符
"/DPSINC/../../../lan/v4.0a/inc/common_head.h", 第 25 行: 警告: 指令中有无效空白字符
"/DPSINC/../../../lan/v4.0a/inc/common_head.h", 第 26 行: 警告: 指令中有无效空白字符
"/DPSINC/../../../lan/v4.0a/inc/common_head.h", 第 27 行: 警告: 指令中有无效空白字符
"/DPSINC/../../../lan/v4.0a/inc/common_head.h", 第 28 行: 警告: 指令中有无效空白字符
"/DPSINC/../../../lan/v4.0a/inc/common_head.h", 第 29 行: 警告: 指令中有无效空白字符
"/DPSINC/../../../lan/v4.0a/inc/common_head.h", 第 30 行: 警告: 指令中有无效空白字符
"/DPSINC/../../../lan/v4.0a/inc/common_head.h", 第 31 行: 警告: 指令中有无效空白字符
"/DPSINC/../../../lan/v4.0a/inc/common_head.h", 第 32 行: 警告: 指令中有无效空白字符
"/DPSINC/../../../lan/v4.0a/inc/common_head.h", 第 33 行: 警告: 指令中有无效空白字符
"/DPSINC/../../../lan/v4.0a/inc/common_head.h", 第 34 行: 警告: 指令中有无效空白字符
"/DPSINC/../../../lan/v4.0a/inc/common_head.h", 第 35 行: 警告: 指令中有无效空白字符
"/DPSINC/../../../lan/v4.0a/inc/common_head.h", 第 36 行: 警告: 指令中有无效空白字符
"/DPSINC/../../../lan/v4.0a/inc/common_head.h", 第 37 行: 警告: 指令中有无效空白字符
"/DPSINC/../../../lan/v4.0a/inc/common_head.h", 第 38 行: 警告: 指令中有无效空白字符
"/DPSINC/../../../lan/v4.0a/inc/lan_common.h", 第 18 行: 警告: 指令中有无效空白字符
"/DPSINC/../../../lan/v4.0a/inc/lan_common.h", 第 20 行: 警告: 指令中有无效空白字符
"/DPSINC/../../../lan/v4.0a/inc/lan_common.h", 第 22 行: 警告: 指令中有无效空白字符
"/DPSINC/../../../lan/v4.0a/inc/lan_common.h", 第 25 行: 警告: 指令中有无效空白字符
"/DPSINC/../../../lan/v4.0a/inc/lan_common.h", 第 26 行: 警告: 指令中有无效空白字符
"/DPSINC/../../../lan/v4.0a/inc/lan_common.h", 第 27 行: 警告: 指令中有无效空白字符
"/DPSINC/../../../lan/v4.0a/inc/lan_common.h", 第 28 行: 警告: 指令中有无效空白字符
"/DPSINC/../../../lan/v4.0a/inc/lan_common.h", 第 29 行: 警告: 指令中有无效空白字符
"/DPSINC/../../../lan/v4.0a/inc/lan_common.h", 第 30 行: 警告: 指令中有无效空白字符
"/DPSINC/../../../lan/v4.0a/inc/lan_common.h", 第 32 行: 警告: 指令中有无效空白字符
"/DPSINC/../../../lan/v4.0a/inc/lan_common.h", 第 33 行: 警告: 指令中有无效空白字符
"/DPSINC/../../../lan/v4.0a/inc/lan_common.h", 第 35 行: 警告: 指令中有无效空白字符
"/DPSINC/../../../lan/v4.0a/inc/lan_common.h", 第 36 行: 警告: 指令中有无效空白字符
"/DPSINC/../../../lan/v4.0a/inc/lan_common.h", 第 37 行: 警告: 指令中有无效空白字符
"/DPSINC/../../../lan/v4.0a/inc/lan_common.h", 第 38 行: 警告: 指令中有无效空白字符
"/DPSINC/../../../lan/v4.0a/inc/lan_common.h", 第 39 行: 警告: 指令中有无效空白字符
"/DPSINC/../../../lan/v4.0a/inc/lan_common.h", 第 40 行: 警告: 指令中有无效空白字符
"/DPSINC/../../../lan/v4.0a/inc/lan_common.h", 第 41 行: 警告: 指令中有无效空白字符
"/DPSINC/../../../lan/v4.0a/inc/lan_common.h", 第 42 行: 警告: 指令中有无效空白字符
"/DPSINC/../../../lan/v4.0a/inc/lan_common.h", 第 43 行: 警告: 指令中有无效空白字符
"/DPSINC/../../../lan/v4.0a/inc/lan_common.h", 第 44 行: 警告: 指令中有无效空白字符
"/DPSINC/../../../lan/v4.0a/inc/lan_common.h", 第 45 行: 警告: 指令中有无效空白字符
"/DPSINC/../../../lan/v4.0a/inc/lan_common.h", 第 46 行: 警告: 指令中有无效空白字符
"/DPSINC/../../../lan/v4.0a/inc/lan_common.h", 第 47 行: 警告: 指令中有无效空白字符
"/DPSINC/../../../lan/v4.0a/inc/lan_common.h", 第 48 行: 警告: 指令中有无效空白字符
"/DPSINC/../../../lan/v4.0a/inc/lan_common.h", 第 49 行: 警告: 指令中有无效空白字符
"/DPSINC/../../../lan/v4.0a/inc/lan_common.h", 第 50 行: 警告: 指令中有无效空白字符
"/DPSINC/../../../lan/v4.0a/inc/lan_common.h", 第 51 行: 警告: 指令中有无效空白字符
"/DPSINC/../../../lan/v4.0a/inc/lan_common.h", 第 52 行: 警告: 指令中有无效空白字符
"/DPSINC/../../../lan/v4.0a/inc/lan_common.h", 第 53 行: 警告: 指令中有无效空白字符
"/DPSINC/../../../lan/v4.0a/inc/lan_common.h", 第 54 行: 警告: 指令中有无效空白字符
"/DPSINC/../../../lan/v4.0a/inc/lan_common.h", 第 55 行: 警告: 指令中有无效空白字符
"/DPSINC/../../../lan/v4.0a/inc/lan_common.h", 第 56 行: 警告: 指令中有无效空白字符
"/DPSINC/../../../lan/v4.0a/inc/lan_common.h", 第 57 行: 警告: 指令中有无效空白字符
"/DPSINC/../../../lan/v4.0a/inc/lan_common.h", 第 58 行: 警告: 指令中有无效空白字符
"/DPSINC/../../../lan/v4.0a/inc/lan_common.h", 第 59 行: 警告: 指令中有无效空白字符
"/DPSINC/../../../lan/v4.0a/inc/lan_common.h", 第 60 行: 警告: 指令中有无效空白字符
"/DPSINC/../../../lan/v4.0a/inc/lan_common.h", 第 61 行: 警告: 指令中有无效空白字符
"/DPSINC/../../../lan/v4.0a/inc/lan_common.h", 第 62 行: 警告: 指令中有无效空白字符
"/DPSINC/../../../lan/v4.0a/inc/lan_common.h", 第 63 行: 警告: 指令中有无效空白字符
"/DPSINC/../../../lan/v4.0a/inc/lan_common.h", 第 64 行: 警告: 指令中有无效空白字符
"/DPSINC/../../../lan/v4.0a/inc/lan_common.h", 第 65 行: 警告: 指令中有无效空白字符
"/DPSINC/../../../lan/v4.0a/inc/lan_common.h", 第 66 行: 警告: 指令中有无效空白字符
"/DPSINC/../../../lan/v4.0a/inc/lan_common.h", 第 67 行: 警告: 指令中有无效空白字符
"/DPSINC/../../../lan/v4.0a/inc/lan_common.h", 第 68 行: 警告: 指令中有无效空白字符
"/DPSINC/../../../lan/v4.0a/inc/lan_common.h", 第 69 行: 警告: 指令中有无效空白字符
"/DPSINC/../../../lan/v4.0a/inc/lan_common.h", 第 70 行: 警告: 指令中有无效空白字符
"/DPSINC/../../../lan/v4.0a/inc/lan_common.h", 第 74 行: 警告: 指令中有无效空白字符
"/DPSINC/../../../lan/v4.0a/inc/lan_common.h", 第 156 行: 警告: 指令中有无效空白字符
"/DPSINC/../../../lan/v4.0a/inc/lan_common.h", 第 157 行: 警告: 指令中有无效空白字符
"/DPSINC/../../../lan/v4.0a/inc/lan_common.h", 第 158 行: 警告: 指令中有无效空白字符
"/DPSINC/../../../lan/v4.0a/inc/lan_common.h", 第 159 行: 警告: 指令中有无效空白字符
"/DPSINC/../../../lan/v4.0a/inc/lan_common.h", 第 249 行: 警告: 指令中有无效空白字符
"/DPSINC/../../../lan/v4.0a/inc/lan_common.h", 第 250 行: 警告: 指令中有无效空白字符
"/DPSINC/../../../lan/v4.0a/inc/lan_common.h", 第 251 行: 警告: 指令中有无效空白字符
"/DPSINC/../../../lan/v4.0a/inc/lan_common.h", 第 252 行: 警告: 指令中有无效空白字符
"/DPSINC/../../../lan/v4.0a/inc/lan_common.h", 第 356 行: 警告: 指令中有无效空白字符
"/DPSINC/../../../lan/v4.0a/inc/lan_common.h", 第 359 行: 警告: 指令中有无效空白字符
"/DPSINC/../../../lan/v4.0a/inc/lan_common.h", 第 366 行: 警告: 指令中有无效空白字符
"/DPSINC/../../../lan/v4.0a/inc/lan_common.h", 第 367 行: 警告: 指令中有无效空白字符
"/DPSINC/../../../lan/v4.0a/inc/lan_common.h", 第 368 行: 警告: 指令中有无效空白字符
"/DPSINC/../../../lan/v4.0a/inc/lan_common.h", 第 369 行: 警告: 指令中有无效空白字符
"/DPSINC/../../../lan/v4.0a/inc/lan_common.h", 第 370 行: 警告: 指令中有无效空白字符
"/DPSINC/../../../lan/v4.0a/inc/lan_common.h", 第 371 行: 警告: 指令中有无效空白字符
"/DPSINC/../../../lan/v4.0a/inc/lan_common.h", 第 432 行: 警告: 指令中有无效空白字符
"/DPSINC/../../../lan/v4.0a/inc/lan_common.h", 第 434 行: 警告: 指令中有无效空白字符
"/DPSINC/../../../lan/v4.0a/inc/lan_common.h", 第 436 行: 警告: 指令中有无效空白字符
"/LANINC/lan_common.h", 第 13 行: 警告: 指令中有无效空白字符
"/LANINC/lan_common.h", 第 18 行: 警告: 指令中有无效空白字符
"/LANINC/lan_common.h", 第 20 行: 警告: 指令中有无效空白字符
"/LANINC/lan_common.h", 第 22 行: 警告: 指令中有无效空白字符
"/LANINC/lan_common.h", 第 25 行: 警告: 指令中有无效空白字符
"/LANINC/lan_common.h", 第 356 行: 警告: 指令中有无效空白字符
"/LANINC/lan_common.h", 第 359 行: 警告: 指令中有无效空白字符
"/LANINC/lan_common.h", 第 432 行: 警告: 指令中有无效空白字符
"/LANINC/lan_common.h", 第 434 行: 警告: 指令中有无效空白字符
"/LANINC/lan_common.h", 第 436 行: 警告: 指令中有无效空白字符
iccp_main.mak: iccp_app_fun.c
"../TASE2inc/glbtypes.h", 第 259 行: 警告: 不可识别的 #pragma 被忽略: message 
"/DPSINC/../../../lan/v4.0a/inc/lan_common.h", 第 13 行: 警告: 指令中有无效空白字符
"/DPSINC/../../../lan/v4.0a/inc/lan_common.h", 第 14 行: 警告: 指令中有无效空白字符
"/DPSINC/../../../lan/v4.0a/inc/lan_common.h", 第 16 行: 警告: 指令中有无效空白字符
"/DPSINC/../../../lan/v4.0a/inc/lan_os.h", 第 18 行: 警告: 指令中有无效空白字符
"/DPSINC/../../../lan/v4.0a/inc/lan_os.h", 第 19 行: 警告: 指令中有无效空白字符
"/DPSINC/../../../lan/v4.0a/inc/lan_os.h", 第 21 行: 警告: 指令中有无效空白字符
"/DPSINC/../../../lan/v4.0a/inc/lan_os.h", 第 23 行: 警告: 指令中有无效空白字符
"/DPSINC/../../../lan/v4.0a/inc/lan_os.h", 第 24 行: 警告: 指令中有无效空白字符
"/DPSINC/../../../lan/v4.0a/inc/lan_os.h", 第 25 行: 警告: 指令中有无效空白字符
"/DPSINC/../../../lan/v4.0a/inc/lan_os.h", 第 27 行: 警告: 指令中有无效空白字符
"/DPSINC/../../../lan/v4.0a/inc/lan_os.h", 第 28 行: 警告: 指令中有无效空白字符
"/DPSINC/../../../lan/v4.0a/inc/lan_os.h", 第 28 行: 警告: 重新定义宏: INADDR_NONE
 "/DPSINC/../../../lan/v4.0a/inc/lan_os.h", 第 29 行: 警告: 指令中有无效空白字符
"/DPSINC/../../../lan/v4.0a/inc/lan_os.h", 第 30 行: 警告: 指令中有无效空白字符
"/DPSINC/../../../lan/v4.0a/inc/lan_os.h", 第 32 行: 警告: 指令中有无效空白字符
"/DPSINC/../../../lan/v4.0a/inc/lan_os.h", 第 34 行: 警告: 指令中有无效空白字符
"/DPSINC/../../../lan/v4.0a/inc/lan_os.h", 第 36 行: 警告: 指令中有无效空白字符
"/DPSINC/../../../lan/v4.0a/inc/lan_os.h", 第 37 行: 警告: 指令中有无效空白字符
"/DPSINC/../../../lan/v4.0a/inc/lan_os.h", 第 38 行: 警告: 指令中有无效空白字符
"/DPSINC/../../../lan/v4.0a/inc/lan_os.h", 第 40 行: 警告: 指令中有无效空白字符
"/DPSINC/../../../lan/v4.0a/inc/lan_os.h", 第 42 行: 警告: 指令中有无效空白字符
"/DPSINC/../../../lan/v4.0a/inc/lan_os.h", 第 43 行: 警告: 指令中有无效空白字符
"/DPSINC/../../../lan/v4.0a/inc/lan_os.h", 第 44 行: 警告: 指令中有无效空白字符
"/DPSINC/../../../lan/v4.0a/inc/lan_os.h", 第 46 行: 警告: 指令中有无效空白字符
"/DPSINC/../../../lan/v4.0a/inc/lan_os.h", 第 49 行: 警告: 指令中有无效空白字符
"/DPSINC/../../../lan/v4.0a/inc/lan_os.h", 第 50 行: 警告: 指令中有无效空白字符
"/DPSINC/../../../lan/v4.0a/inc/lan_os.h", 第 51 行: 警告: 指令中有无效空白字符
"/DPSINC/../../../lan/v4.0a/inc/lan_os.h", 第 52 行: 警告: 指令中有无效空白字符
"/DPSINC/../../../lan/v4.0a/inc/lan_os.h", 第 54 行: 警告: 指令中有无效空白字符
"/DPSINC/../../../lan/v4.0a/inc/lan_common.h", 第 17 行: 警告: 指令中有无效空白字符
"/DPSINC/../../../lan/v4.0a/inc/common_head.h", 第 1 行: 警告: 指令中有无效空白字符
"/DPSINC/../../../lan/v4.0a/inc/common_head.h", 第 15 行: 警告: 指令中有无效空白字符
"/DPSINC/../../../lan/v4.0a/inc/common_head.h", 第 17 行: 警告: 指令中有无效空白字符
"/DPSINC/../../../lan/v4.0a/inc/common_head.h", 第 18 行: 警告: 指令中有无效空白字符
"/DPSINC/../../../lan/v4.0a/inc/common_head.h", 第 19 行: 警告: 指令中有无效空白字符
"/DPSINC/../../../lan/v4.0a/inc/common_head.h", 第 20 行: 警告: 指令中有无效空白字符
"/DPSINC/../../../lan/v4.0a/inc/common_head.h", 第 21 行: 警告: 指令中有无效空白字符
"/DPSINC/../../../lan/v4.0a/inc/common_head.h", 第 22 行: 警告: 指令中有无效空白字符
"/DPSINC/../../../lan/v4.0a/inc/common_head.h", 第 23 行: 警告: 指令中有无效空白字符
"/DPSINC/../../../lan/v4.0a/inc/common_head.h", 第 24 行: 警告: 指令中有无效空白字符
"/DPSINC/../../../lan/v4.0a/inc/common_head.h", 第 25 行: 警告: 指令中有无效空白字符
"/DPSINC/../../../lan/v4.0a/inc/common_head.h", 第 26 行: 警告: 指令中有无效空白字符
"/DPSINC/../../../lan/v4.0a/inc/common_head.h", 第 27 行: 警告: 指令中有无效空白字符
"/DPSINC/../../../lan/v4.0a/inc/common_head.h", 第 28 行: 警告: 指令中有无效空白字符
"/DPSINC/../../../lan/v4.0a/inc/common_head.h", 第 29 行: 警告: 指令中有无效空白字符
"/DPSINC/../../../lan/v4.0a/inc/common_head.h", 第 30 行: 警告: 指令中有无效空白字符
"/DPSINC/../../../lan/v4.0a/inc/common_head.h", 第 31 行: 警告: 指令中有无效空白字符
"/DPSINC/../../../lan/v4.0a/inc/common_head.h", 第 32 行: 警告: 指令中有无效空白字符
"/DPSINC/../../../lan/v4.0a/inc/common_head.h", 第 33 行: 警告: 指令中有无效空白字符
"/DPSINC/../../../lan/v4.0a/inc/common_head.h", 第 34 行: 警告: 指令中有无效空白字符
"/DPSINC/../../../lan/v4.0a/inc/common_head.h", 第 35 行: 警告: 指令中有无效空白字符
"/DPSINC/../../../lan/v4.0a/inc/common_head.h", 第 36 行: 警告: 指令中有无效空白字符
"/DPSINC/../../../lan/v4.0a/inc/common_head.h", 第 37 行: 警告: 指令中有无效空白字符
"/DPSINC/../../../lan/v4.0a/inc/common_head.h", 第 38 行: 警告: 指令中有无效空白字符
"/DPSINC/../../../lan/v4.0a/inc/lan_common.h", 第 18 行: 警告: 指令中有无效空白字符
"/DPSINC/../../../lan/v4.0a/inc/lan_common.h", 第 20 行: 警告: 指令中有无效空白字符
"/DPSINC/../../../lan/v4.0a/inc/lan_common.h", 第 22 行: 警告: 指令中有无效空白字符
"/DPSINC/../../../lan/v4.0a/inc/lan_common.h", 第 25 行: 警告: 指令中有无效空白字符
"/DPSINC/../../../lan/v4.0a/inc/lan_common.h", 第 26 行: 警告: 指令中有无效空白字符
"/DPSINC/../../../lan/v4.0a/inc/lan_common.h", 第 27 行: 警告: 指令中有无效空白字符
"/DPSINC/../../../lan/v4.0a/inc/lan_common.h", 第 28 行: 警告: 指令中有无效空白字符
"/DPSINC/../../../lan/v4.0a/inc/lan_common.h", 第 29 行: 警告: 指令中有无效空白字符
"/DPSINC/../../../lan/v4.0a/inc/lan_common.h", 第 30 行: 警告: 指令中有无效空白字符
"/DPSINC/../../../lan/v4.0a/inc/lan_common.h", 第 32 行: 警告: 指令中有无效空白字符
"/DPSINC/../../../lan/v4.0a/inc/lan_common.h", 第 33 行: 警告: 指令中有无效空白字符
"/DPSINC/../../../lan/v4.0a/inc/lan_common.h", 第 35 行: 警告: 指令中有无效空白字符
"/DPSINC/../../../lan/v4.0a/inc/lan_common.h", 第 36 行: 警告: 指令中有无效空白字符
"/DPSINC/../../../lan/v4.0a/inc/lan_common.h", 第 37 行: 警告: 指令中有无效空白字符
"/DPSINC/../../../lan/v4.0a/inc/lan_common.h", 第 38 行: 警告: 指令中有无效空白字符
"/DPSINC/../../../lan/v4.0a/inc/lan_common.h", 第 39 行: 警告: 指令中有无效空白字符
"/DPSINC/../../../lan/v4.0a/inc/lan_common.h", 第 40 行: 警告: 指令中有无效空白字符
"/DPSINC/../../../lan/v4.0a/inc/lan_common.h", 第 41 行: 警告: 指令中有无效空白字符
"/DPSINC/../../../lan/v4.0a/inc/lan_common.h", 第 42 行: 警告: 指令中有无效空白字符
"/DPSINC/../../../lan/v4.0a/inc/lan_common.h", 第 43 行: 警告: 指令中有无效空白字符
"/DPSINC/../../../lan/v4.0a/inc/lan_common.h", 第 44 行: 警告: 指令中有无效空白字符
"/DPSINC/../../../lan/v4.0a/inc/lan_common.h", 第 45 行: 警告: 指令中有无效空白字符
"/DPSINC/../../../lan/v4.0a/inc/lan_common.h", 第 46 行: 警告: 指令中有无效空白字符
"/DPSINC/../../../lan/v4.0a/inc/lan_common.h", 第 47 行: 警告: 指令中有无效空白字符
"/DPSINC/../../../lan/v4.0a/inc/lan_common.h", 第 48 行: 警告: 指令中有无效空白字符
"/DPSINC/../../../lan/v4.0a/inc/lan_common.h", 第 49 行: 警告: 指令中有无效空白字符
"/DPSINC/../../../lan/v4.0a/inc/lan_common.h", 第 50 行: 警告: 指令中有无效空白字符
"/DPSINC/../../../lan/v4.0a/inc/lan_common.h", 第 51 行: 警告: 指令中有无效空白字符
"/DPSINC/../../../lan/v4.0a/inc/lan_common.h", 第 52 行: 警告: 指令中有无效空白字符
"/DPSINC/../../../lan/v4.0a/inc/lan_common.h", 第 53 行: 警告: 指令中有无效空白字符
"/DPSINC/../../../lan/v4.0a/inc/lan_common.h", 第 54 行: 警告: 指令中有无效空白字符
"/DPSINC/../../../lan/v4.0a/inc/lan_common.h", 第 55 行: 警告: 指令中有无效空白字符
"/DPSINC/../../../lan/v4.0a/inc/lan_common.h", 第 56 行: 警告: 指令中有无效空白字符
"/DPSINC/../../../lan/v4.0a/inc/lan_common.h", 第 57 行: 警告: 指令中有无效空白字符
"/DPSINC/../../../lan/v4.0a/inc/lan_common.h", 第 58 行: 警告: 指令中有无效空白字符
"/DPSINC/../../../lan/v4.0a/inc/lan_common.h", 第 59 行: 警告: 指令中有无效空白字符
"/DPSINC/../../../lan/v4.0a/inc/lan_common.h", 第 60 行: 警告: 指令中有无效空白字符
"/DPSINC/../../../lan/v4.0a/inc/lan_common.h", 第 61 行: 警告: 指令中有无效空白字符
"/DPSINC/../../../lan/v4.0a/inc/lan_common.h", 第 62 行: 警告: 指令中有无效空白字符
"/DPSINC/../../../lan/v4.0a/inc/lan_common.h", 第 63 行: 警告: 指令中有无效空白字符
"/DPSINC/../../../lan/v4.0a/inc/lan_common.h", 第 64 行: 警告: 指令中有无效空白字符
"/DPSINC/../../../lan/v4.0a/inc/lan_common.h", 第 65 行: 警告: 指令中有无效空白字符
"/DPSINC/../../../lan/v4.0a/inc/lan_common.h", 第 66 行: 警告: 指令中有无效空白字符
"/DPSINC/../../../lan/v4.0a/inc/lan_common.h", 第 67 行: 警告: 指令中有无效空白字符
"/DPSINC/../../../lan/v4.0a/inc/lan_common.h", 第 68 行: 警告: 指令中有无效空白字符
"/DPSINC/../../../lan/v4.0a/inc/lan_common.h", 第 69 行: 警告: 指令中有无效空白字符
"/DPSINC/../../../lan/v4.0a/inc/lan_common.h", 第 70 行: 警告: 指令中有无效空白字符
"/DPSINC/../../../lan/v4.0a/inc/lan_common.h", 第 74 行: 警告: 指令中有无效空白字符
"/DPSINC/../../../lan/v4.0a/inc/lan_common.h", 第 156 行: 警告: 指令中有无效空白字符
"/DPSINC/../../../lan/v4.0a/inc/lan_common.h", 第 157 行: 警告: 指令中有无效空白字符
"/DPSINC/../../../lan/v4.0a/inc/lan_common.h", 第 158 行: 警告: 指令中有无效空白字符
"/DPSINC/../../../lan/v4.0a/inc/lan_common.h", 第 159 行: 警告: 指令中有无效空白字符
"/DPSINC/../../../lan/v4.0a/inc/lan_common.h", 第 249 行: 警告: 指令中有无效空白字符
"/DPSINC/../../../lan/v4.0a/inc/lan_common.h", 第 250 行: 警告: 指令中有无效空白字符
"/DPSINC/../../../lan/v4.0a/inc/lan_common.h", 第 251 行: 警告: 指令中有无效空白字符
"/DPSINC/../../../lan/v4.0a/inc/lan_common.h", 第 252 行: 警告: 指令中有无效空白字符
"/DPSINC/../../../lan/v4.0a/inc/lan_common.h", 第 356 行: 警告: 指令中有无效空白字符
"/DPSINC/../../../lan/v4.0a/inc/lan_common.h", 第 359 行: 警告: 指令中有无效空白字符
"/DPSINC/../../../lan/v4.0a/inc/lan_common.h", 第 366 行: 警告: 指令中有无效空白字符
"/DPSINC/../../../lan/v4.0a/inc/lan_common.h", 第 367 行: 警告: 指令中有无效空白字符
"/DPSINC/../../../lan/v4.0a/inc/lan_common.h", 第 368 行: 警告: 指令中有无效空白字符
"/DPSINC/../../../lan/v4.0a/inc/lan_common.h", 第 369 行: 警告: 指令中有无效空白字符
"/DPSINC/../../../lan/v4.0a/inc/lan_common.h", 第 370 行: 警告: 指令中有无效空白字符
"/DPSINC/../../../lan/v4.0a/inc/lan_common.h", 第 371 行: 警告: 指令中有无效空白字符
"/DPSINC/../../../lan/v4.0a/inc/lan_common.h", 第 432 行: 警告: 指令中有无效空白字符
"/DPSINC/../../../lan/v4.0a/inc/lan_common.h", 第 434 行: 警告: 指令中有无效空白字符
"/DPSINC/../../../lan/v4.0a/inc/lan_common.h", 第 436 行: 警告: 指令中有无效空白字符
"/LANINC/lan_common.h", 第 13 行: 警告: 指令中有无效空白字符
"/LANINC/lan_common.h", 第 18 行: 警告: 指令中有无效空白字符
"/LANINC/lan_common.h", 第 20 行: 警告: 指令中有无效空白字符
"/LANINC/lan_common.h", 第 22 行: 警告: 指令中有无效空白字符
"/LANINC/lan_common.h", 第 25 行: 警告: 指令中有无效空白字符
"/LANINC/lan_common.h", 第 356 行: 警告: 指令中有无效空白字符
"/LANINC/lan_common.h", 第 359 行: 警告: 指令中有无效空白字符
"/LANINC/lan_common.h", 第 432 行: 警告: 指令中有无效空白字符
"/LANINC/lan_common.h", 第 434 行: 警告: 指令中有无效空白字符
"/LANINC/lan_common.h", 第 436 行: 警告: 指令中有无效空白字符
"../../../plc/v4.0a/inc/lcu_data.h", 第 1 行: 警告: 指令中有无效空白字符
"../../../plc/v4.0a/inc/lcu_data.h", 第 2 行: 警告: 指令中有无效空白字符
"../../../plc/v4.0a/inc/lcu_data.h", 第 4 行: 警告: 指令中有无效空白字符
"../../../plc/v4.0a/inc/lcu_data.h", 第 5 行: 警告: 指令中有无效空白字符
"../../../plc/v4.0a/inc/lcu_data.h", 第 6 行: 警告: 指令中有无效空白字符
"../../../plc/v4.0a/inc/lcu_data.h", 第 7 行: 警告: 指令中有无效空白字符
"../../../plc/v4.0a/inc/lcu_data.h", 第 8 行: 警告: 指令中有无效空白字符
"../../../plc/v4.0a/inc/lcu_data.h", 第 9 行: 警告: 指令中有无效空白字符
"../../../plc/v4.0a/inc/lcu_data.h", 第 10 行: 警告: 指令中有无效空白字符
"../../../plc/v4.0a/inc/lcu_data.h", 第 11 行: 警告: 指令中有无效空白字符
"../../../plc/v4.0a/inc/lcu_data.h", 第 12 行: 警告: 指令中有无效空白字符
"../../../plc/v4.0a/inc/lcu_data.h", 第 13 行: 警告: 指令中有无效空白字符
"../../../plc/v4.0a/inc/lcu_data.h", 第 14 行: 警告: 指令中有无效空白字符
"../../../plc/v4.0a/inc/lcu_data.h", 第 15 行: 警告: 指令中有无效空白字符
"../../../plc/v4.0a/inc/lcu_data.h", 第 16 行: 警告: 指令中有无效空白字符
"../../../plc/v4.0a/inc/lcu_data.h", 第 17 行: 警告: 指令中有无效空白字符
"../../../plc/v4.0a/inc/lcu_data.h", 第 18 行: 警告: 指令中有无效空白字符
"../../../plc/v4.0a/inc/lcu_data.h", 第 19 行: 警告: 指令中有无效空白字符
"../../../plc/v4.0a/inc/lcu_data.h", 第 20 行: 警告: 指令中有无效空白字符
"../../../plc/v4.0a/inc/lcu_data.h", 第 21 行: 警告: 指令中有无效空白字符
"../../../plc/v4.0a/inc/lcu_data.h", 第 22 行: 警告: 指令中有无效空白字符
"../../../plc/v4.0a/inc/lcu_data.h", 第 23 行: 警告: 指令中有无效空白字符
"../../../plc/v4.0a/inc/lcu_data.h", 第 24 行: 警告: 指令中有无效空白字符
"../../../plc/v4.0a/inc/lcu_data.h", 第 25 行: 警告: 指令中有无效空白字符
"../../../plc/v4.0a/inc/lcu_data.h", 第 26 行: 警告: 指令中有无效空白字符
"../../../plc/v4.0a/inc/lcu_data.h", 第 27 行: 警告: 指令中有无效空白字符
"../../../plc/v4.0a/inc/lcu_data.h", 第 28 行: 警告: 指令中有无效空白字符
"../../../plc/v4.0a/inc/lcu_data.h", 第 29 行: 警告: 指令中有无效空白字符
"../../../plc/v4.0a/inc/lcu_data.h", 第 30 行: 警告: 指令中有无效空白字符
"../../../plc/v4.0a/inc/lcu_data.h", 第 31 行: 警告: 指令中有无效空白字符
"../../../plc/v4.0a/inc/lcu_data.h", 第 32 行: 警告: 指令中有无效空白字符
"../../../plc/v4.0a/inc/lcu_data.h", 第 33 行: 警告: 指令中有无效空白字符
"../../../plc/v4.0a/inc/lcu_data.h", 第 34 行: 警告: 指令中有无效空白字符
"../../../plc/v4.0a/inc/lcu_data.h", 第 35 行: 警告: 指令中有无效空白字符
"../../../plc/v4.0a/inc/lcu_data.h", 第 36 行: 警告: 指令中有无效空白字符
"../../../plc/v4.0a/inc/lcu_data.h", 第 37 行: 警告: 指令中有无效空白字符
"../../../plc/v4.0a/inc/lcu_data.h", 第 38 行: 警告: 指令中有无效空白字符
"../../../plc/v4.0a/inc/lcu_data.h", 第 39 行: 警告: 指令中有无效空白字符
"../../../plc/v4.0a/inc/lcu_data.h", 第 40 行: 警告: 指令中有无效空白字符
"../../../plc/v4.0a/inc/lcu_data.h", 第 41 行: 警告: 指令中有无效空白字符
"../../../plc/v4.0a/inc/lcu_data.h", 第 290 行: 警告: 指令中有无效空白字符
"../../../plc/v4.0a/inc/lcu_data.h", 第 291 行: 警告: 指令中有无效空白字符
"../../../plc/v4.0a/inc/lcu_data.h", 第 292 行: 警告: 指令中有无效空白字符
"../../../plc/v4.0a/inc/lcu_data.h", 第 293 行: 警告: 指令中有无效空白字符
"../../../plc/v4.0a/inc/lcu_data.h", 第 295 行: 警告: 指令中有无效空白字符
"../../../plc/v4.0a/inc/lcu_data.h", 第 297 行: 警告: 指令中有无效空白字符
"../../../plc/v4.0a/inc/lcu_data.h", 第 298 行: 警告: 指令中有无效空白字符
"../../../plc/v4.0a/inc/lcu_data.h", 第 299 行: 警告: 指令中有无效空白字符
"../../../plc/v4.0a/inc/lcu_data.h", 第 300 行: 警告: 指令中有无效空白字符
"../../../plc/v4.0a/inc/lcu_data.h", 第 301 行: 警告: 指令中有无效空白字符
"../../../plc/v4.0a/inc/lcu_data.h", 第 302 行: 警告: 指令中有无效空白字符
"../../../plc/v4.0a/inc/lcu_data.h", 第 303 行: 警告: 指令中有无效空白字符
"../../../plc/v4.0a/inc/lcu_data.h", 第 304 行: 警告: 指令中有无效空白字符
"../../../plc/v4.0a/inc/lcu_data.h", 第 305 行: 警告: 指令中有无效空白字符
"../../../plc/v4.0a/inc/lcu_data.h", 第 306 行: 警告: 指令中有无效空白字符
"../../../plc/v4.0a/inc/lcu_data.h", 第 307 行: 警告: 指令中有无效空白字符
"../../../plc/v4.0a/inc/lcu_data.h", 第 308 行: 警告: 指令中有无效空白字符
"../../../plc/v4.0a/inc/lcu_data.h", 第 309 行: 警告: 指令中有无效空白字符
"../../../plc/v4.0a/inc/lcu_data.h", 第 310 行: 警告: 指令中有无效空白字符
"../../../plc/v4.0a/inc/lcu_data.h", 第 311 行: 警告: 指令中有无效空白字符
"../../../plc/v4.0a/inc/lcu_data.h", 第 312 行: 警告: 指令中有无效空白字符
"../../../plc/v4.0a/inc/lcu_data.h", 第 313 行: 警告: 指令中有无效空白字符
"../../../plc/v4.0a/inc/lcu_data.h", 第 315 行: 警告: 指令中有无效空白字符
"../../../plc/v4.0a/inc/lcu_data.h", 第 316 行: 警告: 指令中有无效空白字符
"../../../plc/v4.0a/inc/lcu_data.h", 第 317 行: 警告: 指令中有无效空白字符
"../../../plc/v4.0a/inc/lcu_data.h", 第 318 行: 警告: 指令中有无效空白字符
"../../../plc/v4.0a/inc/lcu_data.h", 第 319 行: 警告: 指令中有无效空白字符
"../../../plc/v4.0a/inc/lcu_data.h", 第 320 行: 警告: 指令中有无效空白字符
"../../../plc/v4.0a/inc/lcu_data.h", 第 321 行: 警告: 指令中有无效空白字符
"../../../plc/v4.0a/inc/lcu_data.h", 第 322 行: 警告: 指令中有无效空白字符
"../../../plc/v4.0a/inc/lcu_data.h", 第 323 行: 警告: 指令中有无效空白字符
"../../../plc/v4.0a/inc/lcu_data.h", 第 324 行: 警告: 指令中有无效空白字符
"../../../plc/v4.0a/inc/lcu_data.h", 第 325 行: 警告: 指令中有无效空白字符
"../../../plc/v4.0a/inc/lcu_data.h", 第 326 行: 警告: 指令中有无效空白字符
"../../../plc/v4.0a/inc/lcu_data.h", 第 327 行: 警告: 指令中有无效空白字符
"../../../plc/v4.0a/inc/lcu_data.h", 第 328 行: 警告: 指令中有无效空白字符
"../../../plc/v4.0a/inc/lcu_data.h", 第 329 行: 警告: 指令中有无效空白字符
"../../../plc/v4.0a/inc/lcu_data.h", 第 330 行: 警告: 指令中有无效空白字符
"../../../plc/v4.0a/inc/lcu_data.h", 第 333 行: 警告: 指令中有无效空白字符
"../../../plc/v4.0a/inc/lcu_data.h", 第 334 行: 警告: 指令中有无效空白字符
"../../../plc/v4.0a/inc/lcu_data.h", 第 335 行: 警告: 指令中有无效空白字符
"../../../plc/v4.0a/inc/lcu_data.h", 第 336 行: 警告: 指令中有无效空白字符
"../../../plc/v4.0a/inc/lcu_data.h", 第 337 行: 警告: 指令中有无效空白字符
"../../../plc/v4.0a/inc/lcu_data.h", 第 338 行: 警告: 指令中有无效空白字符
"../../../plc/v4.0a/inc/lcu_data.h", 第 339 行: 警告: 指令中有无效空白字符
"../../../plc/v4.0a/inc/lcu_data.h", 第 340 行: 警告: 指令中有无效空白字符
"../../../plc/v4.0a/inc/lcu_data.h", 第 341 行: 警告: 指令中有无效空白字符
"../../../plc/v4.0a/inc/lcu_data.h", 第 342 行: 警告: 指令中有无效空白字符
"../../../plc/v4.0a/inc/lcu_data.h", 第 343 行: 警告: 指令中有无效空白字符
"../../../plc/v4.0a/inc/lcu_data.h", 第 344 行: 警告: 指令中有无效空白字符
"../../../plc/v4.0a/inc/lcu_data.h", 第 345 行: 警告: 指令中有无效空白字符
"../../../plc/v4.0a/inc/lcu_data.h", 第 346 行: 警告: 指令中有无效空白字符
"../../../plc/v4.0a/inc/lcu_data.h", 第 347 行: 警告: 指令中有无效空白字符
"../../../plc/v4.0a/inc/lcu_data.h", 第 348 行: 警告: 指令中有无效空白字符
"../../../plc/v4.0a/inc/lcu_data.h", 第 350 行: 警告: 指令中有无效空白字符
"../../../plc/v4.0a/inc/lcu_data.h", 第 351 行: 警告: 指令中有无效空白字符
"../../../plc/v4.0a/inc/lcu_data.h", 第 352 行: 警告: 指令中有无效空白字符
"../../../plc/v4.0a/inc/lcu_data.h", 第 353 行: 警告: 指令中有无效空白字符
"../../../plc/v4.0a/inc/lcu_data.h", 第 354 行: 警告: 指令中有无效空白字符
"../../../plc/v4.0a/inc/lcu_data.h", 第 355 行: 警告: 指令中有无效空白字符
"../../../plc/v4.0a/inc/lcu_data.h", 第 356 行: 警告: 指令中有无效空白字符
"../../../plc/v4.0a/inc/lcu_data.h", 第 357 行: 警告: 指令中有无效空白字符
"../../../plc/v4.0a/inc/lcu_data.h", 第 358 行: 警告: 指令中有无效空白字符
"../../../plc/v4.0a/inc/lcu_data.h", 第 359 行: 警告: 指令中有无效空白字符
"../../../plc/v4.0a/inc/lcu_data.h", 第 360 行: 警告: 指令中有无效空白字符
"../../../plc/v4.0a/inc/lcu_data.h", 第 361 行: 警告: 指令中有无效空白字符
"../../../plc/v4.0a/inc/lcu_data.h", 第 362 行: 警告: 指令中有无效空白字符
"../../../plc/v4.0a/inc/lcu_data.h", 第 363 行: 警告: 指令中有无效空白字符
"../../../plc/v4.0a/inc/lcu_data.h", 第 364 行: 警告: 指令中有无效空白字符
"../../../plc/v4.0a/inc/lcu_data.h", 第 365 行: 警告: 指令中有无效空白字符
"../../../plc/v4.0a/inc/lcu_data.h", 第 367 行: 警告: 指令中有无效空白字符
"../../../plc/v4.0a/inc/lcu_data.h", 第 368 行: 警告: 指令中有无效空白字符
"../../../plc/v4.0a/inc/lcu_data.h", 第 369 行: 警告: 指令中有无效空白字符
"../../../plc/v4.0a/inc/lcu_data.h", 第 370 行: 警告: 指令中有无效空白字符
"../../../plc/v4.0a/inc/lcu_data.h", 第 371 行: 警告: 指令中有无效空白字符
"../../../plc/v4.0a/inc/lcu_data.h", 第 372 行: 警告: 指令中有无效空白字符
"../../../plc/v4.0a/inc/lcu_data.h", 第 373 行: 警告: 指令中有无效空白字符
"../../../plc/v4.0a/inc/lcu_data.h", 第 376 行: 警告: 指令中有无效空白字符
"iccp_app_fun.c", 第 2173 行: 警告: 不正确的指针/整型组合:操作符 "="
iccp_main.mak: event.c
"../TASE2inc/glbtypes.h", 第 259 行: 警告: 不可识别的 #pragma 被忽略: message 
iccp_main.mak: getval5.c
"../TASE2inc/glbtypes.h", 第 259 行: 警告: 不可识别的 #pragma 被忽略: message 
iccp_main.mak: logcfgx.c
"../TASE2inc/glbtypes.h", 第 259 行: 警告: 不可识别的 #pragma 被忽略: message 
"logcfgx.c", 第 113 行: 警告: 类型后的存储类将被废弃
iccp_main.mak: mit_devc.c
"../TASE2inc/glbtypes.h", 第 259 行: 警告: 不可识别的 #pragma 被忽略: message 
"/DPSINC/../../../lan/v4.0a/inc/lan_common.h", 第 13 行: 警告: 指令中有无效空白字符
"/DPSINC/../../../lan/v4.0a/inc/lan_common.h", 第 14 行: 警告: 指令中有无效空白字符
"/DPSINC/../../../lan/v4.0a/inc/lan_common.h", 第 16 行: 警告: 指令中有无效空白字符
"/DPSINC/../../../lan/v4.0a/inc/lan_os.h", 第 18 行: 警告: 指令中有无效空白字符
"/DPSINC/../../../lan/v4.0a/inc/lan_os.h", 第 19 行: 警告: 指令中有无效空白字符
"/DPSINC/../../../lan/v4.0a/inc/lan_os.h", 第 21 行: 警告: 指令中有无效空白字符
"/DPSINC/../../../lan/v4.0a/inc/lan_os.h", 第 23 行: 警告: 指令中有无效空白字符
"/DPSINC/../../../lan/v4.0a/inc/lan_os.h", 第 24 行: 警告: 指令中有无效空白字符
"/DPSINC/../../../lan/v4.0a/inc/lan_os.h", 第 25 行: 警告: 指令中有无效空白字符
"/DPSINC/../../../lan/v4.0a/inc/lan_os.h", 第 27 行: 警告: 指令中有无效空白字符
"/DPSINC/../../../lan/v4.0a/inc/lan_os.h", 第 28 行: 警告: 指令中有无效空白字符
"/DPSINC/../../../lan/v4.0a/inc/lan_os.h", 第 28 行: 警告: 重新定义宏: INADDR_NONE
 "/DPSINC/../../../lan/v4.0a/inc/lan_os.h", 第 29 行: 警告: 指令中有无效空白字符
"/DPSINC/../../../lan/v4.0a/inc/lan_os.h", 第 30 行: 警告: 指令中有无效空白字符
"/DPSINC/../../../lan/v4.0a/inc/lan_os.h", 第 32 行: 警告: 指令中有无效空白字符
"/DPSINC/../../../lan/v4.0a/inc/lan_os.h", 第 34 行: 警告: 指令中有无效空白字符
"/DPSINC/../../../lan/v4.0a/inc/lan_os.h", 第 36 行: 警告: 指令中有无效空白字符
"/DPSINC/../../../lan/v4.0a/inc/lan_os.h", 第 37 行: 警告: 指令中有无效空白字符
"/DPSINC/../../../lan/v4.0a/inc/lan_os.h", 第 38 行: 警告: 指令中有无效空白字符
"/DPSINC/../../../lan/v4.0a/inc/lan_os.h", 第 40 行: 警告: 指令中有无效空白字符
"/DPSINC/../../../lan/v4.0a/inc/lan_os.h", 第 42 行: 警告: 指令中有无效空白字符
"/DPSINC/../../../lan/v4.0a/inc/lan_os.h", 第 43 行: 警告: 指令中有无效空白字符
"/DPSINC/../../../lan/v4.0a/inc/lan_os.h", 第 44 行: 警告: 指令中有无效空白字符
"/DPSINC/../../../lan/v4.0a/inc/lan_os.h", 第 46 行: 警告: 指令中有无效空白字符
"/DPSINC/../../../lan/v4.0a/inc/lan_os.h", 第 49 行: 警告: 指令中有无效空白字符
"/DPSINC/../../../lan/v4.0a/inc/lan_os.h", 第 50 行: 警告: 指令中有无效空白字符
"/DPSINC/../../../lan/v4.0a/inc/lan_os.h", 第 51 行: 警告: 指令中有无效空白字符
"/DPSINC/../../../lan/v4.0a/inc/lan_os.h", 第 52 行: 警告: 指令中有无效空白字符
"/DPSINC/../../../lan/v4.0a/inc/lan_os.h", 第 54 行: 警告: 指令中有无效空白字符
"/DPSINC/../../../lan/v4.0a/inc/lan_common.h", 第 17 行: 警告: 指令中有无效空白字符
"/DPSINC/../../../lan/v4.0a/inc/common_head.h", 第 1 行: 警告: 指令中有无效空白字符
"/DPSINC/../../../lan/v4.0a/inc/common_head.h", 第 15 行: 警告: 指令中有无效空白字符
"/DPSINC/../../../lan/v4.0a/inc/common_head.h", 第 17 行: 警告: 指令中有无效空白字符
"/DPSINC/../../../lan/v4.0a/inc/common_head.h", 第 18 行: 警告: 指令中有无效空白字符
"/DPSINC/../../../lan/v4.0a/inc/common_head.h", 第 19 行: 警告: 指令中有无效空白字符
"/DPSINC/../../../lan/v4.0a/inc/common_head.h", 第 20 行: 警告: 指令中有无效空白字符
"/DPSINC/../../../lan/v4.0a/inc/common_head.h", 第 21 行: 警告: 指令中有无效空白字符
"/DPSINC/../../../lan/v4.0a/inc/common_head.h", 第 22 行: 警告: 指令中有无效空白字符
"/DPSINC/../../../lan/v4.0a/inc/common_head.h", 第 23 行: 警告: 指令中有无效空白字符
"/DPSINC/../../../lan/v4.0a/inc/common_head.h", 第 24 行: 警告: 指令中有无效空白字符
"/DPSINC/../../../lan/v4.0a/inc/common_head.h", 第 25 行: 警告: 指令中有无效空白字符
"/DPSINC/../../../lan/v4.0a/inc/common_head.h", 第 26 行: 警告: 指令中有无效空白字符
"/DPSINC/../../../lan/v4.0a/inc/common_head.h", 第 27 行: 警告: 指令中有无效空白字符
"/DPSINC/../../../lan/v4.0a/inc/common_head.h", 第 28 行: 警告: 指令中有无效空白字符
"/DPSINC/../../../lan/v4.0a/inc/common_head.h", 第 29 行: 警告: 指令中有无效空白字符
"/DPSINC/../../../lan/v4.0a/inc/common_head.h", 第 30 行: 警告: 指令中有无效空白字符
"/DPSINC/../../../lan/v4.0a/inc/common_head.h", 第 31 行: 警告: 指令中有无效空白字符
"/DPSINC/../../../lan/v4.0a/inc/common_head.h", 第 32 行: 警告: 指令中有无效空白字符
"/DPSINC/../../../lan/v4.0a/inc/common_head.h", 第 33 行: 警告: 指令中有无效空白字符
"/DPSINC/../../../lan/v4.0a/inc/common_head.h", 第 34 行: 警告: 指令中有无效空白字符
"/DPSINC/../../../lan/v4.0a/inc/common_head.h", 第 35 行: 警告: 指令中有无效空白字符
"/DPSINC/../../../lan/v4.0a/inc/common_head.h", 第 36 行: 警告: 指令中有无效空白字符
"/DPSINC/../../../lan/v4.0a/inc/common_head.h", 第 37 行: 警告: 指令中有无效空白字符
"/DPSINC/../../../lan/v4.0a/inc/common_head.h", 第 38 行: 警告: 指令中有无效空白字符
"/DPSINC/../../../lan/v4.0a/inc/lan_common.h", 第 18 行: 警告: 指令中有无效空白字符
"/DPSINC/../../../lan/v4.0a/inc/lan_common.h", 第 20 行: 警告: 指令中有无效空白字符
"/DPSINC/../../../lan/v4.0a/inc/lan_common.h", 第 22 行: 警告: 指令中有无效空白字符
"/DPSINC/../../../lan/v4.0a/inc/lan_common.h", 第 25 行: 警告: 指令中有无效空白字符
"/DPSINC/../../../lan/v4.0a/inc/lan_common.h", 第 26 行: 警告: 指令中有无效空白字符
"/DPSINC/../../../lan/v4.0a/inc/lan_common.h", 第 27 行: 警告: 指令中有无效空白字符
"/DPSINC/../../../lan/v4.0a/inc/lan_common.h", 第 28 行: 警告: 指令中有无效空白字符
"/DPSINC/../../../lan/v4.0a/inc/lan_common.h", 第 29 行: 警告: 指令中有无效空白字符
"/DPSINC/../../../lan/v4.0a/inc/lan_common.h", 第 30 行: 警告: 指令中有无效空白字符
"/DPSINC/../../../lan/v4.0a/inc/lan_common.h", 第 32 行: 警告: 指令中有无效空白字符
"/DPSINC/../../../lan/v4.0a/inc/lan_common.h", 第 33 行: 警告: 指令中有无效空白字符
"/DPSINC/../../../lan/v4.0a/inc/lan_common.h", 第 35 行: 警告: 指令中有无效空白字符
"/DPSINC/../../../lan/v4.0a/inc/lan_common.h", 第 36 行: 警告: 指令中有无效空白字符
"/DPSINC/../../../lan/v4.0a/inc/lan_common.h", 第 37 行: 警告: 指令中有无效空白字符
"/DPSINC/../../../lan/v4.0a/inc/lan_common.h", 第 38 行: 警告: 指令中有无效空白字符
"/DPSINC/../../../lan/v4.0a/inc/lan_common.h", 第 39 行: 警告: 指令中有无效空白字符
"/DPSINC/../../../lan/v4.0a/inc/lan_common.h", 第 40 行: 警告: 指令中有无效空白字符
"/DPSINC/../../../lan/v4.0a/inc/lan_common.h", 第 41 行: 警告: 指令中有无效空白字符
"/DPSINC/../../../lan/v4.0a/inc/lan_common.h", 第 42 行: 警告: 指令中有无效空白字符
"/DPSINC/../../../lan/v4.0a/inc/lan_common.h", 第 43 行: 警告: 指令中有无效空白字符
"/DPSINC/../../../lan/v4.0a/inc/lan_common.h", 第 44 行: 警告: 指令中有无效空白字符
"/DPSINC/../../../lan/v4.0a/inc/lan_common.h", 第 45 行: 警告: 指令中有无效空白字符
"/DPSINC/../../../lan/v4.0a/inc/lan_common.h", 第 46 行: 警告: 指令中有无效空白字符
"/DPSINC/../../../lan/v4.0a/inc/lan_common.h", 第 47 行: 警告: 指令中有无效空白字符
"/DPSINC/../../../lan/v4.0a/inc/lan_common.h", 第 48 行: 警告: 指令中有无效空白字符
"/DPSINC/../../../lan/v4.0a/inc/lan_common.h", 第 49 行: 警告: 指令中有无效空白字符
"/DPSINC/../../../lan/v4.0a/inc/lan_common.h", 第 50 行: 警告: 指令中有无效空白字符
"/DPSINC/../../../lan/v4.0a/inc/lan_common.h", 第 51 行: 警告: 指令中有无效空白字符
"/DPSINC/../../../lan/v4.0a/inc/lan_common.h", 第 52 行: 警告: 指令中有无效空白字符
"/DPSINC/../../../lan/v4.0a/inc/lan_common.h", 第 53 行: 警告: 指令中有无效空白字符
"/DPSINC/../../../lan/v4.0a/inc/lan_common.h", 第 54 行: 警告: 指令中有无效空白字符
"/DPSINC/../../../lan/v4.0a/inc/lan_common.h", 第 55 行: 警告: 指令中有无效空白字符
"/DPSINC/../../../lan/v4.0a/inc/lan_common.h", 第 56 行: 警告: 指令中有无效空白字符
"/DPSINC/../../../lan/v4.0a/inc/lan_common.h", 第 57 行: 警告: 指令中有无效空白字符
"/DPSINC/../../../lan/v4.0a/inc/lan_common.h", 第 58 行: 警告: 指令中有无效空白字符
"/DPSINC/../../../lan/v4.0a/inc/lan_common.h", 第 59 行: 警告: 指令中有无效空白字符
"/DPSINC/../../../lan/v4.0a/inc/lan_common.h", 第 60 行: 警告: 指令中有无效空白字符
"/DPSINC/../../../lan/v4.0a/inc/lan_common.h", 第 61 行: 警告: 指令中有无效空白字符
"/DPSINC/../../../lan/v4.0a/inc/lan_common.h", 第 62 行: 警告: 指令中有无效空白字符
"/DPSINC/../../../lan/v4.0a/inc/lan_common.h", 第 63 行: 警告: 指令中有无效空白字符
"/DPSINC/../../../lan/v4.0a/inc/lan_common.h", 第 64 行: 警告: 指令中有无效空白字符
"/DPSINC/../../../lan/v4.0a/inc/lan_common.h", 第 65 行: 警告: 指令中有无效空白字符
"/DPSINC/../../../lan/v4.0a/inc/lan_common.h", 第 66 行: 警告: 指令中有无效空白字符
"/DPSINC/../../../lan/v4.0a/inc/lan_common.h", 第 67 行: 警告: 指令中有无效空白字符
"/DPSINC/../../../lan/v4.0a/inc/lan_common.h", 第 68 行: 警告: 指令中有无效空白字符
"/DPSINC/../../../lan/v4.0a/inc/lan_common.h", 第 69 行: 警告: 指令中有无效空白字符
"/DPSINC/../../../lan/v4.0a/inc/lan_common.h", 第 70 行: 警告: 指令中有无效空白字符
"/DPSINC/../../../lan/v4.0a/inc/lan_common.h", 第 74 行: 警告: 指令中有无效空白字符
"/DPSINC/../../../lan/v4.0a/inc/lan_common.h", 第 156 行: 警告: 指令中有无效空白字符
"/DPSINC/../../../lan/v4.0a/inc/lan_common.h", 第 157 行: 警告: 指令中有无效空白字符
"/DPSINC/../../../lan/v4.0a/inc/lan_common.h", 第 158 行: 警告: 指令中有无效空白字符
"/DPSINC/../../../lan/v4.0a/inc/lan_common.h", 第 159 行: 警告: 指令中有无效空白字符
"/DPSINC/../../../lan/v4.0a/inc/lan_common.h", 第 249 行: 警告: 指令中有无效空白字符
"/DPSINC/../../../lan/v4.0a/inc/lan_common.h", 第 250 行: 警告: 指令中有无效空白字符
"/DPSINC/../../../lan/v4.0a/inc/lan_common.h", 第 251 行: 警告: 指令中有无效空白字符
"/DPSINC/../../../lan/v4.0a/inc/lan_common.h", 第 252 行: 警告: 指令中有无效空白字符
"/DPSINC/../../../lan/v4.0a/inc/lan_common.h", 第 356 行: 警告: 指令中有无效空白字符
"/DPSINC/../../../lan/v4.0a/inc/lan_common.h", 第 359 行: 警告: 指令中有无效空白字符
"/DPSINC/../../../lan/v4.0a/inc/lan_common.h", 第 366 行: 警告: 指令中有无效空白字符
"/DPSINC/../../../lan/v4.0a/inc/lan_common.h", 第 367 行: 警告: 指令中有无效空白字符
"/DPSINC/../../../lan/v4.0a/inc/lan_common.h", 第 368 行: 警告: 指令中有无效空白字符
"/DPSINC/../../../lan/v4.0a/inc/lan_common.h", 第 369 行: 警告: 指令中有无效空白字符
"/DPSINC/../../../lan/v4.0a/inc/lan_common.h", 第 370 行: 警告: 指令中有无效空白字符
"/DPSINC/../../../lan/v4.0a/inc/lan_common.h", 第 371 行: 警告: 指令中有无效空白字符
"/DPSINC/../../../lan/v4.0a/inc/lan_common.h", 第 432 行: 警告: 指令中有无效空白字符
"/DPSINC/../../../lan/v4.0a/inc/lan_common.h", 第 434 行: 警告: 指令中有无效空白字符
"/DPSINC/../../../lan/v4.0a/inc/lan_common.h", 第 436 行: 警告: 指令中有无效空白字符
"/LANINC/lan_common.h", 第 13 行: 警告: 指令中有无效空白字符
"/LANINC/lan_common.h", 第 18 行: 警告: 指令中有无效空白字符
"/LANINC/lan_common.h", 第 20 行: 警告: 指令中有无效空白字符
"/LANINC/lan_common.h", 第 22 行: 警告: 指令中有无效空白字符
"/LANINC/lan_common.h", 第 25 行: 警告: 指令中有无效空白字符
"/LANINC/lan_common.h", 第 356 行: 警告: 指令中有无效空白字符
"/LANINC/lan_common.h", 第 359 行: 警告: 指令中有无效空白字符
"/LANINC/lan_common.h", 第 432 行: 警告: 指令中有无效空白字符
"/LANINC/lan_common.h", 第 434 行: 警告: 指令中有无效空白字符
"/LANINC/lan_common.h", 第 436 行: 警告: 指令中有无效空白字符
"mit_devc.c", 第 813 行: 警告: 语句执行不到
"mit_devc.c", 第 839 行: 警告: 语句执行不到
iccp_main.mak: mit_imsg.c
"../TASE2inc/glbtypes.h", 第 259 行: 警告: 不可识别的 #pragma 被忽略: message 
"/DPSINC/../../../lan/v4.0a/inc/lan_common.h", 第 13 行: 警告: 指令中有无效空白字符
"/DPSINC/../../../lan/v4.0a/inc/lan_common.h", 第 14 行: 警告: 指令中有无效空白字符
"/DPSINC/../../../lan/v4.0a/inc/lan_common.h", 第 16 行: 警告: 指令中有无效空白字符
"/DPSINC/../../../lan/v4.0a/inc/lan_os.h", 第 18 行: 警告: 指令中有无效空白字符
"/DPSINC/../../../lan/v4.0a/inc/lan_os.h", 第 19 行: 警告: 指令中有无效空白字符
"/DPSINC/../../../lan/v4.0a/inc/lan_os.h", 第 21 行: 警告: 指令中有无效空白字符
"/DPSINC/../../../lan/v4.0a/inc/lan_os.h", 第 23 行: 警告: 指令中有无效空白字符
"/DPSINC/../../../lan/v4.0a/inc/lan_os.h", 第 24 行: 警告: 指令中有无效空白字符
"/DPSINC/../../../lan/v4.0a/inc/lan_os.h", 第 25 行: 警告: 指令中有无效空白字符
"/DPSINC/../../../lan/v4.0a/inc/lan_os.h", 第 27 行: 警告: 指令中有无效空白字符
"/DPSINC/../../../lan/v4.0a/inc/lan_os.h", 第 28 行: 警告: 指令中有无效空白字符
"/DPSINC/../../../lan/v4.0a/inc/lan_os.h", 第 28 行: 警告: 重新定义宏: INADDR_NONE
 "/DPSINC/../../../lan/v4.0a/inc/lan_os.h", 第 29 行: 警告: 指令中有无效空白字符
"/DPSINC/../../../lan/v4.0a/inc/lan_os.h", 第 30 行: 警告: 指令中有无效空白字符
"/DPSINC/../../../lan/v4.0a/inc/lan_os.h", 第 32 行: 警告: 指令中有无效空白字符
"/DPSINC/../../../lan/v4.0a/inc/lan_os.h", 第 34 行: 警告: 指令中有无效空白字符
"/DPSINC/../../../lan/v4.0a/inc/lan_os.h", 第 36 行: 警告: 指令中有无效空白字符
"/DPSINC/../../../lan/v4.0a/inc/lan_os.h", 第 37 行: 警告: 指令中有无效空白字符
"/DPSINC/../../../lan/v4.0a/inc/lan_os.h", 第 38 行: 警告: 指令中有无效空白字符
"/DPSINC/../../../lan/v4.0a/inc/lan_os.h", 第 40 行: 警告: 指令中有无效空白字符
"/DPSINC/../../../lan/v4.0a/inc/lan_os.h", 第 42 行: 警告: 指令中有无效空白字符
"/DPSINC/../../../lan/v4.0a/inc/lan_os.h", 第 43 行: 警告: 指令中有无效空白字符
"/DPSINC/../../../lan/v4.0a/inc/lan_os.h", 第 44 行: 警告: 指令中有无效空白字符
"/DPSINC/../../../lan/v4.0a/inc/lan_os.h", 第 46 行: 警告: 指令中有无效空白字符
"/DPSINC/../../../lan/v4.0a/inc/lan_os.h", 第 49 行: 警告: 指令中有无效空白字符
"/DPSINC/../../../lan/v4.0a/inc/lan_os.h", 第 50 行: 警告: 指令中有无效空白字符
"/DPSINC/../../../lan/v4.0a/inc/lan_os.h", 第 51 行: 警告: 指令中有无效空白字符
"/DPSINC/../../../lan/v4.0a/inc/lan_os.h", 第 52 行: 警告: 指令中有无效空白字符
"/DPSINC/../../../lan/v4.0a/inc/lan_os.h", 第 54 行: 警告: 指令中有无效空白字符
"/DPSINC/../../../lan/v4.0a/inc/lan_common.h", 第 17 行: 警告: 指令中有无效空白字符
"/DPSINC/../../../lan/v4.0a/inc/common_head.h", 第 1 行: 警告: 指令中有无效空白字符
"/DPSINC/../../../lan/v4.0a/inc/common_head.h", 第 15 行: 警告: 指令中有无效空白字符
"/DPSINC/../../../lan/v4.0a/inc/common_head.h", 第 17 行: 警告: 指令中有无效空白字符
"/DPSINC/../../../lan/v4.0a/inc/common_head.h", 第 18 行: 警告: 指令中有无效空白字符
"/DPSINC/../../../lan/v4.0a/inc/common_head.h", 第 19 行: 警告: 指令中有无效空白字符
"/DPSINC/../../../lan/v4.0a/inc/common_head.h", 第 20 行: 警告: 指令中有无效空白字符
"/DPSINC/../../../lan/v4.0a/inc/common_head.h", 第 21 行: 警告: 指令中有无效空白字符
"/DPSINC/../../../lan/v4.0a/inc/common_head.h", 第 22 行: 警告: 指令中有无效空白字符
"/DPSINC/../../../lan/v4.0a/inc/common_head.h", 第 23 行: 警告: 指令中有无效空白字符
"/DPSINC/../../../lan/v4.0a/inc/common_head.h", 第 24 行: 警告: 指令中有无效空白字符
"/DPSINC/../../../lan/v4.0a/inc/common_head.h", 第 25 行: 警告: 指令中有无效空白字符
"/DPSINC/../../../lan/v4.0a/inc/common_head.h", 第 26 行: 警告: 指令中有无效空白字符
"/DPSINC/../../../lan/v4.0a/inc/common_head.h", 第 27 行: 警告: 指令中有无效空白字符
"/DPSINC/../../../lan/v4.0a/inc/common_head.h", 第 28 行: 警告: 指令中有无效空白字符
"/DPSINC/../../../lan/v4.0a/inc/common_head.h", 第 29 行: 警告: 指令中有无效空白字符
"/DPSINC/../../../lan/v4.0a/inc/common_head.h", 第 30 行: 警告: 指令中有无效空白字符
"/DPSINC/../../../lan/v4.0a/inc/common_head.h", 第 31 行: 警告: 指令中有无效空白字符
"/DPSINC/../../../lan/v4.0a/inc/common_head.h", 第 32 行: 警告: 指令中有无效空白字符
"/DPSINC/../../../lan/v4.0a/inc/common_head.h", 第 33 行: 警告: 指令中有无效空白字符
"/DPSINC/../../../lan/v4.0a/inc/common_head.h", 第 34 行: 警告: 指令中有无效空白字符
"/DPSINC/../../../lan/v4.0a/inc/common_head.h", 第 35 行: 警告: 指令中有无效空白字符
"/DPSINC/../../../lan/v4.0a/inc/common_head.h", 第 36 行: 警告: 指令中有无效空白字符
"/DPSINC/../../../lan/v4.0a/inc/common_head.h", 第 37 行: 警告: 指令中有无效空白字符
"/DPSINC/../../../lan/v4.0a/inc/common_head.h", 第 38 行: 警告: 指令中有无效空白字符
"/DPSINC/../../../lan/v4.0a/inc/lan_common.h", 第 18 行: 警告: 指令中有无效空白字符
"/DPSINC/../../../lan/v4.0a/inc/lan_common.h", 第 20 行: 警告: 指令中有无效空白字符
"/DPSINC/../../../lan/v4.0a/inc/lan_common.h", 第 22 行: 警告: 指令中有无效空白字符
"/DPSINC/../../../lan/v4.0a/inc/lan_common.h", 第 25 行: 警告: 指令中有无效空白字符
"/DPSINC/../../../lan/v4.0a/inc/lan_common.h", 第 26 行: 警告: 指令中有无效空白字符
"/DPSINC/../../../lan/v4.0a/inc/lan_common.h", 第 27 行: 警告: 指令中有无效空白字符
"/DPSINC/../../../lan/v4.0a/inc/lan_common.h", 第 28 行: 警告: 指令中有无效空白字符
"/DPSINC/../../../lan/v4.0a/inc/lan_common.h", 第 29 行: 警告: 指令中有无效空白字符
"/DPSINC/../../../lan/v4.0a/inc/lan_common.h", 第 30 行: 警告: 指令中有无效空白字符
"/DPSINC/../../../lan/v4.0a/inc/lan_common.h", 第 32 行: 警告: 指令中有无效空白字符
"/DPSINC/../../../lan/v4.0a/inc/lan_common.h", 第 33 行: 警告: 指令中有无效空白字符
"/DPSINC/../../../lan/v4.0a/inc/lan_common.h", 第 35 行: 警告: 指令中有无效空白字符
"/DPSINC/../../../lan/v4.0a/inc/lan_common.h", 第 36 行: 警告: 指令中有无效空白字符
"/DPSINC/../../../lan/v4.0a/inc/lan_common.h", 第 37 行: 警告: 指令中有无效空白字符
"/DPSINC/../../../lan/v4.0a/inc/lan_common.h", 第 38 行: 警告: 指令中有无效空白字符
"/DPSINC/../../../lan/v4.0a/inc/lan_common.h", 第 39 行: 警告: 指令中有无效空白字符
"/DPSINC/../../../lan/v4.0a/inc/lan_common.h", 第 40 行: 警告: 指令中有无效空白字符
"/DPSINC/../../../lan/v4.0a/inc/lan_common.h", 第 41 行: 警告: 指令中有无效空白字符
"/DPSINC/../../../lan/v4.0a/inc/lan_common.h", 第 42 行: 警告: 指令中有无效空白字符
"/DPSINC/../../../lan/v4.0a/inc/lan_common.h", 第 43 行: 警告: 指令中有无效空白字符
"/DPSINC/../../../lan/v4.0a/inc/lan_common.h", 第 44 行: 警告: 指令中有无效空白字符
"/DPSINC/../../../lan/v4.0a/inc/lan_common.h", 第 45 行: 警告: 指令中有无效空白字符
"/DPSINC/../../../lan/v4.0a/inc/lan_common.h", 第 46 行: 警告: 指令中有无效空白字符
"/DPSINC/../../../lan/v4.0a/inc/lan_common.h", 第 47 行: 警告: 指令中有无效空白字符
"/DPSINC/../../../lan/v4.0a/inc/lan_common.h", 第 48 行: 警告: 指令中有无效空白字符
"/DPSINC/../../../lan/v4.0a/inc/lan_common.h", 第 49 行: 警告: 指令中有无效空白字符
"/DPSINC/../../../lan/v4.0a/inc/lan_common.h", 第 50 行: 警告: 指令中有无效空白字符
"/DPSINC/../../../lan/v4.0a/inc/lan_common.h", 第 51 行: 警告: 指令中有无效空白字符
"/DPSINC/../../../lan/v4.0a/inc/lan_common.h", 第 52 行: 警告: 指令中有无效空白字符
"/DPSINC/../../../lan/v4.0a/inc/lan_common.h", 第 53 行: 警告: 指令中有无效空白字符
"/DPSINC/../../../lan/v4.0a/inc/lan_common.h", 第 54 行: 警告: 指令中有无效空白字符
"/DPSINC/../../../lan/v4.0a/inc/lan_common.h", 第 55 行: 警告: 指令中有无效空白字符
"/DPSINC/../../../lan/v4.0a/inc/lan_common.h", 第 56 行: 警告: 指令中有无效空白字符
"/DPSINC/../../../lan/v4.0a/inc/lan_common.h", 第 57 行: 警告: 指令中有无效空白字符
"/DPSINC/../../../lan/v4.0a/inc/lan_common.h", 第 58 行: 警告: 指令中有无效空白字符
"/DPSINC/../../../lan/v4.0a/inc/lan_common.h", 第 59 行: 警告: 指令中有无效空白字符
"/DPSINC/../../../lan/v4.0a/inc/lan_common.h", 第 60 行: 警告: 指令中有无效空白字符
"/DPSINC/../../../lan/v4.0a/inc/lan_common.h", 第 61 行: 警告: 指令中有无效空白字符
"/DPSINC/../../../lan/v4.0a/inc/lan_common.h", 第 62 行: 警告: 指令中有无效空白字符
"/DPSINC/../../../lan/v4.0a/inc/lan_common.h", 第 63 行: 警告: 指令中有无效空白字符
"/DPSINC/../../../lan/v4.0a/inc/lan_common.h", 第 64 行: 警告: 指令中有无效空白字符
"/DPSINC/../../../lan/v4.0a/inc/lan_common.h", 第 65 行: 警告: 指令中有无效空白字符
"/DPSINC/../../../lan/v4.0a/inc/lan_common.h", 第 66 行: 警告: 指令中有无效空白字符
"/DPSINC/../../../lan/v4.0a/inc/lan_common.h", 第 67 行: 警告: 指令中有无效空白字符
"/DPSINC/../../../lan/v4.0a/inc/lan_common.h", 第 68 行: 警告: 指令中有无效空白字符
"/DPSINC/../../../lan/v4.0a/inc/lan_common.h", 第 69 行: 警告: 指令中有无效空白字符
"/DPSINC/../../../lan/v4.0a/inc/lan_common.h", 第 70 行: 警告: 指令中有无效空白字符
"/DPSINC/../../../lan/v4.0a/inc/lan_common.h", 第 74 行: 警告: 指令中有无效空白字符
"/DPSINC/../../../lan/v4.0a/inc/lan_common.h", 第 156 行: 警告: 指令中有无效空白字符
"/DPSINC/../../../lan/v4.0a/inc/lan_common.h", 第 157 行: 警告: 指令中有无效空白字符
"/DPSINC/../../../lan/v4.0a/inc/lan_common.h", 第 158 行: 警告: 指令中有无效空白字符
"/DPSINC/../../../lan/v4.0a/inc/lan_common.h", 第 159 行: 警告: 指令中有无效空白字符
"/DPSINC/../../../lan/v4.0a/inc/lan_common.h", 第 249 行: 警告: 指令中有无效空白字符
"/DPSINC/../../../lan/v4.0a/inc/lan_common.h", 第 250 行: 警告: 指令中有无效空白字符
"/DPSINC/../../../lan/v4.0a/inc/lan_common.h", 第 251 行: 警告: 指令中有无效空白字符
"/DPSINC/../../../lan/v4.0a/inc/lan_common.h", 第 252 行: 警告: 指令中有无效空白字符
"/DPSINC/../../../lan/v4.0a/inc/lan_common.h", 第 356 行: 警告: 指令中有无效空白字符
"/DPSINC/../../../lan/v4.0a/inc/lan_common.h", 第 359 行: 警告: 指令中有无效空白字符
"/DPSINC/../../../lan/v4.0a/inc/lan_common.h", 第 366 行: 警告: 指令中有无效空白字符
"/DPSINC/../../../lan/v4.0a/inc/lan_common.h", 第 367 行: 警告: 指令中有无效空白字符
"/DPSINC/../../../lan/v4.0a/inc/lan_common.h", 第 368 行: 警告: 指令中有无效空白字符
"/DPSINC/../../../lan/v4.0a/inc/lan_common.h", 第 369 行: 警告: 指令中有无效空白字符
"/DPSINC/../../../lan/v4.0a/inc/lan_common.h", 第 370 行: 警告: 指令中有无效空白字符
"/DPSINC/../../../lan/v4.0a/inc/lan_common.h", 第 371 行: 警告: 指令中有无效空白字符
"/DPSINC/../../../lan/v4.0a/inc/lan_common.h", 第 432 行: 警告: 指令中有无效空白字符
"/DPSINC/../../../lan/v4.0a/inc/lan_common.h", 第 434 行: 警告: 指令中有无效空白字符
"/DPSINC/../../../lan/v4.0a/inc/lan_common.h", 第 436 行: 警告: 指令中有无效空白字符
"/LANINC/lan_common.h", 第 13 行: 警告: 指令中有无效空白字符
"/LANINC/lan_common.h", 第 18 行: 警告: 指令中有无效空白字符
"/LANINC/lan_common.h", 第 20 行: 警告: 指令中有无效空白字符
"/LANINC/lan_common.h", 第 22 行: 警告: 指令中有无效空白字符
"/LANINC/lan_common.h", 第 25 行: 警告: 指令中有无效空白字符
"/LANINC/lan_common.h", 第 356 行: 警告: 指令中有无效空白字符
"/LANINC/lan_common.h", 第 359 行: 警告: 指令中有无效空白字符
"/LANINC/lan_common.h", 第 432 行: 警告: 指令中有无效空白字符
"/LANINC/lan_common.h", 第 434 行: 警告: 指令中有无效空白字符
"/LANINC/lan_common.h", 第 436 行: 警告: 指令中有无效空白字符
iccp_main.mak: mit_misc.c
"../TASE2inc/glbtypes.h", 第 259 行: 警告: 不可识别的 #pragma 被忽略: message 
iccp_main.mak: mit_ssoc.c
"../TASE2inc/glbtypes.h", 第 259 行: 警告: 不可识别的 #pragma 被忽略: message 
"mit_ssoc.c", 第 134 行: 警告: 隐式函数声明: WriteDspInfo 
iccp_main.mak: mit_tran.c
"../TASE2inc/glbtypes.h", 第 259 行: 警告: 不可识别的 #pragma 被忽略: message 
iccp_main.mak: mit_usr.c
"../TASE2inc/glbtypes.h", 第 259 行: 警告: 不可识别的 #pragma 被忽略: message 
iccp_main.mak: mit_util.c
"../TASE2inc/glbtypes.h", 第 259 行: 警告: 不可识别的 #pragma 被忽略: message 
iccp_main.mak: mit_var.c
"../TASE2inc/glbtypes.h", 第 259 行: 警告: 不可识别的 #pragma 被忽略: message 
"/DPSINC/../../../lan/v4.0a/inc/lan_common.h", 第 13 行: 警告: 指令中有无效空白字符
"/DPSINC/../../../lan/v4.0a/inc/lan_common.h", 第 14 行: 警告: 指令中有无效空白字符
"/DPSINC/../../../lan/v4.0a/inc/lan_common.h", 第 16 行: 警告: 指令中有无效空白字符
"/DPSINC/../../../lan/v4.0a/inc/lan_os.h", 第 18 行: 警告: 指令中有无效空白字符
"/DPSINC/../../../lan/v4.0a/inc/lan_os.h", 第 19 行: 警告: 指令中有无效空白字符
"/DPSINC/../../../lan/v4.0a/inc/lan_os.h", 第 21 行: 警告: 指令中有无效空白字符
"/DPSINC/../../../lan/v4.0a/inc/lan_os.h", 第 23 行: 警告: 指令中有无效空白字符
"/DPSINC/../../../lan/v4.0a/inc/lan_os.h", 第 24 行: 警告: 指令中有无效空白字符
"/DPSINC/../../../lan/v4.0a/inc/lan_os.h", 第 25 行: 警告: 指令中有无效空白字符
"/DPSINC/../../../lan/v4.0a/inc/lan_os.h", 第 27 行: 警告: 指令中有无效空白字符
"/DPSINC/../../../lan/v4.0a/inc/lan_os.h", 第 28 行: 警告: 指令中有无效空白字符
"/DPSINC/../../../lan/v4.0a/inc/lan_os.h", 第 28 行: 警告: 重新定义宏: INADDR_NONE
 "/DPSINC/../../../lan/v4.0a/inc/lan_os.h", 第 29 行: 警告: 指令中有无效空白字符
"/DPSINC/../../../lan/v4.0a/inc/lan_os.h", 第 30 行: 警告: 指令中有无效空白字符
"/DPSINC/../../../lan/v4.0a/inc/lan_os.h", 第 32 行: 警告: 指令中有无效空白字符
"/DPSINC/../../../lan/v4.0a/inc/lan_os.h", 第 34 行: 警告: 指令中有无效空白字符
"/DPSINC/../../../lan/v4.0a/inc/lan_os.h", 第 36 行: 警告: 指令中有无效空白字符
"/DPSINC/../../../lan/v4.0a/inc/lan_os.h", 第 37 行: 警告: 指令中有无效空白字符
"/DPSINC/../../../lan/v4.0a/inc/lan_os.h", 第 38 行: 警告: 指令中有无效空白字符
"/DPSINC/../../../lan/v4.0a/inc/lan_os.h", 第 40 行: 警告: 指令中有无效空白字符
"/DPSINC/../../../lan/v4.0a/inc/lan_os.h", 第 42 行: 警告: 指令中有无效空白字符
"/DPSINC/../../../lan/v4.0a/inc/lan_os.h", 第 43 行: 警告: 指令中有无效空白字符
"/DPSINC/../../../lan/v4.0a/inc/lan_os.h", 第 44 行: 警告: 指令中有无效空白字符
"/DPSINC/../../../lan/v4.0a/inc/lan_os.h", 第 46 行: 警告: 指令中有无效空白字符
"/DPSINC/../../../lan/v4.0a/inc/lan_os.h", 第 49 行: 警告: 指令中有无效空白字符
"/DPSINC/../../../lan/v4.0a/inc/lan_os.h", 第 50 行: 警告: 指令中有无效空白字符
"/DPSINC/../../../lan/v4.0a/inc/lan_os.h", 第 51 行: 警告: 指令中有无效空白字符
"/DPSINC/../../../lan/v4.0a/inc/lan_os.h", 第 52 行: 警告: 指令中有无效空白字符
"/DPSINC/../../../lan/v4.0a/inc/lan_os.h", 第 54 行: 警告: 指令中有无效空白字符
"/DPSINC/../../../lan/v4.0a/inc/lan_common.h", 第 17 行: 警告: 指令中有无效空白字符
"/DPSINC/../../../lan/v4.0a/inc/common_head.h", 第 1 行: 警告: 指令中有无效空白字符
"/DPSINC/../../../lan/v4.0a/inc/common_head.h", 第 15 行: 警告: 指令中有无效空白字符
"/DPSINC/../../../lan/v4.0a/inc/common_head.h", 第 17 行: 警告: 指令中有无效空白字符
"/DPSINC/../../../lan/v4.0a/inc/common_head.h", 第 18 行: 警告: 指令中有无效空白字符
"/DPSINC/../../../lan/v4.0a/inc/common_head.h", 第 19 行: 警告: 指令中有无效空白字符
"/DPSINC/../../../lan/v4.0a/inc/common_head.h", 第 20 行: 警告: 指令中有无效空白字符
"/DPSINC/../../../lan/v4.0a/inc/common_head.h", 第 21 行: 警告: 指令中有无效空白字符
"/DPSINC/../../../lan/v4.0a/inc/common_head.h", 第 22 行: 警告: 指令中有无效空白字符
"/DPSINC/../../../lan/v4.0a/inc/common_head.h", 第 23 行: 警告: 指令中有无效空白字符
"/DPSINC/../../../lan/v4.0a/inc/common_head.h", 第 24 行: 警告: 指令中有无效空白字符
"/DPSINC/../../../lan/v4.0a/inc/common_head.h", 第 25 行: 警告: 指令中有无效空白字符
"/DPSINC/../../../lan/v4.0a/inc/common_head.h", 第 26 行: 警告: 指令中有无效空白字符
"/DPSINC/../../../lan/v4.0a/inc/common_head.h", 第 27 行: 警告: 指令中有无效空白字符
"/DPSINC/../../../lan/v4.0a/inc/common_head.h", 第 28 行: 警告: 指令中有无效空白字符
"/DPSINC/../../../lan/v4.0a/inc/common_head.h", 第 29 行: 警告: 指令中有无效空白字符
"/DPSINC/../../../lan/v4.0a/inc/common_head.h", 第 30 行: 警告: 指令中有无效空白字符
"/DPSINC/../../../lan/v4.0a/inc/common_head.h", 第 31 行: 警告: 指令中有无效空白字符
"/DPSINC/../../../lan/v4.0a/inc/common_head.h", 第 32 行: 警告: 指令中有无效空白字符
"/DPSINC/../../../lan/v4.0a/inc/common_head.h", 第 33 行: 警告: 指令中有无效空白字符
"/DPSINC/../../../lan/v4.0a/inc/common_head.h", 第 34 行: 警告: 指令中有无效空白字符
"/DPSINC/../../../lan/v4.0a/inc/common_head.h", 第 35 行: 警告: 指令中有无效空白字符
"/DPSINC/../../../lan/v4.0a/inc/common_head.h", 第 36 行: 警告: 指令中有无效空白字符
"/DPSINC/../../../lan/v4.0a/inc/common_head.h", 第 37 行: 警告: 指令中有无效空白字符
"/DPSINC/../../../lan/v4.0a/inc/common_head.h", 第 38 行: 警告: 指令中有无效空白字符
"/DPSINC/../../../lan/v4.0a/inc/lan_common.h", 第 18 行: 警告: 指令中有无效空白字符
"/DPSINC/../../../lan/v4.0a/inc/lan_common.h", 第 20 行: 警告: 指令中有无效空白字符
"/DPSINC/../../../lan/v4.0a/inc/lan_common.h", 第 22 行: 警告: 指令中有无效空白字符
"/DPSINC/../../../lan/v4.0a/inc/lan_common.h", 第 25 行: 警告: 指令中有无效空白字符
"/DPSINC/../../../lan/v4.0a/inc/lan_common.h", 第 26 行: 警告: 指令中有无效空白字符
"/DPSINC/../../../lan/v4.0a/inc/lan_common.h", 第 27 行: 警告: 指令中有无效空白字符
"/DPSINC/../../../lan/v4.0a/inc/lan_common.h", 第 28 行: 警告: 指令中有无效空白字符
"/DPSINC/../../../lan/v4.0a/inc/lan_common.h", 第 29 行: 警告: 指令中有无效空白字符
"/DPSINC/../../../lan/v4.0a/inc/lan_common.h", 第 30 行: 警告: 指令中有无效空白字符
"/DPSINC/../../../lan/v4.0a/inc/lan_common.h", 第 32 行: 警告: 指令中有无效空白字符
"/DPSINC/../../../lan/v4.0a/inc/lan_common.h", 第 33 行: 警告: 指令中有无效空白字符
"/DPSINC/../../../lan/v4.0a/inc/lan_common.h", 第 35 行: 警告: 指令中有无效空白字符
"/DPSINC/../../../lan/v4.0a/inc/lan_common.h", 第 36 行: 警告: 指令中有无效空白字符
"/DPSINC/../../../lan/v4.0a/inc/lan_common.h", 第 37 行: 警告: 指令中有无效空白字符
"/DPSINC/../../../lan/v4.0a/inc/lan_common.h", 第 38 行: 警告: 指令中有无效空白字符
"/DPSINC/../../../lan/v4.0a/inc/lan_common.h", 第 39 行: 警告: 指令中有无效空白字符
"/DPSINC/../../../lan/v4.0a/inc/lan_common.h", 第 40 行: 警告: 指令中有无效空白字符
"/DPSINC/../../../lan/v4.0a/inc/lan_common.h", 第 41 行: 警告: 指令中有无效空白字符
"/DPSINC/../../../lan/v4.0a/inc/lan_common.h", 第 42 行: 警告: 指令中有无效空白字符
"/DPSINC/../../../lan/v4.0a/inc/lan_common.h", 第 43 行: 警告: 指令中有无效空白字符
"/DPSINC/../../../lan/v4.0a/inc/lan_common.h", 第 44 行: 警告: 指令中有无效空白字符
"/DPSINC/../../../lan/v4.0a/inc/lan_common.h", 第 45 行: 警告: 指令中有无效空白字符
"/DPSINC/../../../lan/v4.0a/inc/lan_common.h", 第 46 行: 警告: 指令中有无效空白字符
"/DPSINC/../../../lan/v4.0a/inc/lan_common.h", 第 47 行: 警告: 指令中有无效空白字符
"/DPSINC/../../../lan/v4.0a/inc/lan_common.h", 第 48 行: 警告: 指令中有无效空白字符
"/DPSINC/../../../lan/v4.0a/inc/lan_common.h", 第 49 行: 警告: 指令中有无效空白字符
"/DPSINC/../../../lan/v4.0a/inc/lan_common.h", 第 50 行: 警告: 指令中有无效空白字符
"/DPSINC/../../../lan/v4.0a/inc/lan_common.h", 第 51 行: 警告: 指令中有无效空白字符
"/DPSINC/../../../lan/v4.0a/inc/lan_common.h", 第 52 行: 警告: 指令中有无效空白字符
"/DPSINC/../../../lan/v4.0a/inc/lan_common.h", 第 53 行: 警告: 指令中有无效空白字符
"/DPSINC/../../../lan/v4.0a/inc/lan_common.h", 第 54 行: 警告: 指令中有无效空白字符
"/DPSINC/../../../lan/v4.0a/inc/lan_common.h", 第 55 行: 警告: 指令中有无效空白字符
"/DPSINC/../../../lan/v4.0a/inc/lan_common.h", 第 56 行: 警告: 指令中有无效空白字符
"/DPSINC/../../../lan/v4.0a/inc/lan_common.h", 第 57 行: 警告: 指令中有无效空白字符
"/DPSINC/../../../lan/v4.0a/inc/lan_common.h", 第 58 行: 警告: 指令中有无效空白字符
"/DPSINC/../../../lan/v4.0a/inc/lan_common.h", 第 59 行: 警告: 指令中有无效空白字符
"/DPSINC/../../../lan/v4.0a/inc/lan_common.h", 第 60 行: 警告: 指令中有无效空白字符
"/DPSINC/../../../lan/v4.0a/inc/lan_common.h", 第 61 行: 警告: 指令中有无效空白字符
"/DPSINC/../../../lan/v4.0a/inc/lan_common.h", 第 62 行: 警告: 指令中有无效空白字符
"/DPSINC/../../../lan/v4.0a/inc/lan_common.h", 第 63 行: 警告: 指令中有无效空白字符
"/DPSINC/../../../lan/v4.0a/inc/lan_common.h", 第 64 行: 警告: 指令中有无效空白字符
"/DPSINC/../../../lan/v4.0a/inc/lan_common.h", 第 65 行: 警告: 指令中有无效空白字符
"/DPSINC/../../../lan/v4.0a/inc/lan_common.h", 第 66 行: 警告: 指令中有无效空白字符
"/DPSINC/../../../lan/v4.0a/inc/lan_common.h", 第 67 行: 警告: 指令中有无效空白字符
"/DPSINC/../../../lan/v4.0a/inc/lan_common.h", 第 68 行: 警告: 指令中有无效空白字符
"/DPSINC/../../../lan/v4.0a/inc/lan_common.h", 第 69 行: 警告: 指令中有无效空白字符
"/DPSINC/../../../lan/v4.0a/inc/lan_common.h", 第 70 行: 警告: 指令中有无效空白字符
"/DPSINC/../../../lan/v4.0a/inc/lan_common.h", 第 74 行: 警告: 指令中有无效空白字符
"/DPSINC/../../../lan/v4.0a/inc/lan_common.h", 第 156 行: 警告: 指令中有无效空白字符
"/DPSINC/../../../lan/v4.0a/inc/lan_common.h", 第 157 行: 警告: 指令中有无效空白字符
"/DPSINC/../../../lan/v4.0a/inc/lan_common.h", 第 158 行: 警告: 指令中有无效空白字符
"/DPSINC/../../../lan/v4.0a/inc/lan_common.h", 第 159 行: 警告: 指令中有无效空白字符
"/DPSINC/../../../lan/v4.0a/inc/lan_common.h", 第 249 行: 警告: 指令中有无效空白字符
"/DPSINC/../../../lan/v4.0a/inc/lan_common.h", 第 250 行: 警告: 指令中有无效空白字符
"/DPSINC/../../../lan/v4.0a/inc/lan_common.h", 第 251 行: 警告: 指令中有无效空白字符
"/DPSINC/../../../lan/v4.0a/inc/lan_common.h", 第 252 行: 警告: 指令中有无效空白字符
"/DPSINC/../../../lan/v4.0a/inc/lan_common.h", 第 356 行: 警告: 指令中有无效空白字符
"/DPSINC/../../../lan/v4.0a/inc/lan_common.h", 第 359 行: 警告: 指令中有无效空白字符
"/DPSINC/../../../lan/v4.0a/inc/lan_common.h", 第 366 行: 警告: 指令中有无效空白字符
"/DPSINC/../../../lan/v4.0a/inc/lan_common.h", 第 367 行: 警告: 指令中有无效空白字符
"/DPSINC/../../../lan/v4.0a/inc/lan_common.h", 第 368 行: 警告: 指令中有无效空白字符
"/DPSINC/../../../lan/v4.0a/inc/lan_common.h", 第 369 行: 警告: 指令中有无效空白字符
"/DPSINC/../../../lan/v4.0a/inc/lan_common.h", 第 370 行: 警告: 指令中有无效空白字符
"/DPSINC/../../../lan/v4.0a/inc/lan_common.h", 第 371 行: 警告: 指令中有无效空白字符
"/DPSINC/../../../lan/v4.0a/inc/lan_common.h", 第 432 行: 警告: 指令中有无效空白字符
"/DPSINC/../../../lan/v4.0a/inc/lan_common.h", 第 434 行: 警告: 指令中有无效空白字符
"/DPSINC/../../../lan/v4.0a/inc/lan_common.h", 第 436 行: 警告: 指令中有无效空白字符
"/LANINC/lan_common.h", 第 13 行: 警告: 指令中有无效空白字符
"/LANINC/lan_common.h", 第 18 行: 警告: 指令中有无效空白字符
"/LANINC/lan_common.h", 第 20 行: 警告: 指令中有无效空白字符
"/LANINC/lan_common.h", 第 22 行: 警告: 指令中有无效空白字符
"/LANINC/lan_common.h", 第 25 行: 警告: 指令中有无效空白字符
"/LANINC/lan_common.h", 第 356 行: 警告: 指令中有无效空白字符
"/LANINC/lan_common.h", 第 359 行: 警告: 指令中有无效空白字符
"/LANINC/lan_common.h", 第 432 行: 警告: 指令中有无效空白字符
"/LANINC/lan_common.h", 第 434 行: 警告: 指令中有无效空白字符
"/LANINC/lan_common.h", 第 436 行: 警告: 指令中有无效空白字符
iccp_main.mak: mit_xmlc.c
"../TASE2inc/glbtypes.h", 第 259 行: 警告: 不可识别的 #pragma 被忽略: message 
"/DPSINC/../../../lan/v4.0a/inc/lan_common.h", 第 13 行: 警告: 指令中有无效空白字符
"/DPSINC/../../../lan/v4.0a/inc/lan_common.h", 第 14 行: 警告: 指令中有无效空白字符
"/DPSINC/../../../lan/v4.0a/inc/lan_common.h", 第 16 行: 警告: 指令中有无效空白字符
"/DPSINC/../../../lan/v4.0a/inc/lan_os.h", 第 18 行: 警告: 指令中有无效空白字符
"/DPSINC/../../../lan/v4.0a/inc/lan_os.h", 第 19 行: 警告: 指令中有无效空白字符
"/DPSINC/../../../lan/v4.0a/inc/lan_os.h", 第 21 行: 警告: 指令中有无效空白字符
"/DPSINC/../../../lan/v4.0a/inc/lan_os.h", 第 23 行: 警告: 指令中有无效空白字符
"/DPSINC/../../../lan/v4.0a/inc/lan_os.h", 第 24 行: 警告: 指令中有无效空白字符
"/DPSINC/../../../lan/v4.0a/inc/lan_os.h", 第 25 行: 警告: 指令中有无效空白字符
"/DPSINC/../../../lan/v4.0a/inc/lan_os.h", 第 27 行: 警告: 指令中有无效空白字符
"/DPSINC/../../../lan/v4.0a/inc/lan_os.h", 第 28 行: 警告: 指令中有无效空白字符
"/DPSINC/../../../lan/v4.0a/inc/lan_os.h", 第 28 行: 警告: 重新定义宏: INADDR_NONE
 "/DPSINC/../../../lan/v4.0a/inc/lan_os.h", 第 29 行: 警告: 指令中有无效空白字符
"/DPSINC/../../../lan/v4.0a/inc/lan_os.h", 第 30 行: 警告: 指令中有无效空白字符
"/DPSINC/../../../lan/v4.0a/inc/lan_os.h", 第 32 行: 警告: 指令中有无效空白字符
"/DPSINC/../../../lan/v4.0a/inc/lan_os.h", 第 34 行: 警告: 指令中有无效空白字符
"/DPSINC/../../../lan/v4.0a/inc/lan_os.h", 第 36 行: 警告: 指令中有无效空白字符
"/DPSINC/../../../lan/v4.0a/inc/lan_os.h", 第 37 行: 警告: 指令中有无效空白字符
"/DPSINC/../../../lan/v4.0a/inc/lan_os.h", 第 38 行: 警告: 指令中有无效空白字符
"/DPSINC/../../../lan/v4.0a/inc/lan_os.h", 第 40 行: 警告: 指令中有无效空白字符
"/DPSINC/../../../lan/v4.0a/inc/lan_os.h", 第 42 行: 警告: 指令中有无效空白字符
"/DPSINC/../../../lan/v4.0a/inc/lan_os.h", 第 43 行: 警告: 指令中有无效空白字符
"/DPSINC/../../../lan/v4.0a/inc/lan_os.h", 第 44 行: 警告: 指令中有无效空白字符
"/DPSINC/../../../lan/v4.0a/inc/lan_os.h", 第 46 行: 警告: 指令中有无效空白字符
"/DPSINC/../../../lan/v4.0a/inc/lan_os.h", 第 49 行: 警告: 指令中有无效空白字符
"/DPSINC/../../../lan/v4.0a/inc/lan_os.h", 第 50 行: 警告: 指令中有无效空白字符
"/DPSINC/../../../lan/v4.0a/inc/lan_os.h", 第 51 行: 警告: 指令中有无效空白字符
"/DPSINC/../../../lan/v4.0a/inc/lan_os.h", 第 52 行: 警告: 指令中有无效空白字符
"/DPSINC/../../../lan/v4.0a/inc/lan_os.h", 第 54 行: 警告: 指令中有无效空白字符
"/DPSINC/../../../lan/v4.0a/inc/lan_common.h", 第 17 行: 警告: 指令中有无效空白字符
"/DPSINC/../../../lan/v4.0a/inc/common_head.h", 第 1 行: 警告: 指令中有无效空白字符
"/DPSINC/../../../lan/v4.0a/inc/common_head.h", 第 15 行: 警告: 指令中有无效空白字符
"/DPSINC/../../../lan/v4.0a/inc/common_head.h", 第 17 行: 警告: 指令中有无效空白字符
"/DPSINC/../../../lan/v4.0a/inc/common_head.h", 第 18 行: 警告: 指令中有无效空白字符
"/DPSINC/../../../lan/v4.0a/inc/common_head.h", 第 19 行: 警告: 指令中有无效空白字符
"/DPSINC/../../../lan/v4.0a/inc/common_head.h", 第 20 行: 警告: 指令中有无效空白字符
"/DPSINC/../../../lan/v4.0a/inc/common_head.h", 第 21 行: 警告: 指令中有无效空白字符
"/DPSINC/../../../lan/v4.0a/inc/common_head.h", 第 22 行: 警告: 指令中有无效空白字符
"/DPSINC/../../../lan/v4.0a/inc/common_head.h", 第 23 行: 警告: 指令中有无效空白字符
"/DPSINC/../../../lan/v4.0a/inc/common_head.h", 第 24 行: 警告: 指令中有无效空白字符
"/DPSINC/../../../lan/v4.0a/inc/common_head.h", 第 25 行: 警告: 指令中有无效空白字符
"/DPSINC/../../../lan/v4.0a/inc/common_head.h", 第 26 行: 警告: 指令中有无效空白字符
"/DPSINC/../../../lan/v4.0a/inc/common_head.h", 第 27 行: 警告: 指令中有无效空白字符
"/DPSINC/../../../lan/v4.0a/inc/common_head.h", 第 28 行: 警告: 指令中有无效空白字符
"/DPSINC/../../../lan/v4.0a/inc/common_head.h", 第 29 行: 警告: 指令中有无效空白字符
"/DPSINC/../../../lan/v4.0a/inc/common_head.h", 第 30 行: 警告: 指令中有无效空白字符
"/DPSINC/../../../lan/v4.0a/inc/common_head.h", 第 31 行: 警告: 指令中有无效空白字符
"/DPSINC/../../../lan/v4.0a/inc/common_head.h", 第 32 行: 警告: 指令中有无效空白字符
"/DPSINC/../../../lan/v4.0a/inc/common_head.h", 第 33 行: 警告: 指令中有无效空白字符
"/DPSINC/../../../lan/v4.0a/inc/common_head.h", 第 34 行: 警告: 指令中有无效空白字符
"/DPSINC/../../../lan/v4.0a/inc/common_head.h", 第 35 行: 警告: 指令中有无效空白字符
"/DPSINC/../../../lan/v4.0a/inc/common_head.h", 第 36 行: 警告: 指令中有无效空白字符
"/DPSINC/../../../lan/v4.0a/inc/common_head.h", 第 37 行: 警告: 指令中有无效空白字符
"/DPSINC/../../../lan/v4.0a/inc/common_head.h", 第 38 行: 警告: 指令中有无效空白字符
"/DPSINC/../../../lan/v4.0a/inc/lan_common.h", 第 18 行: 警告: 指令中有无效空白字符
"/DPSINC/../../../lan/v4.0a/inc/lan_common.h", 第 20 行: 警告: 指令中有无效空白字符
"/DPSINC/../../../lan/v4.0a/inc/lan_common.h", 第 22 行: 警告: 指令中有无效空白字符
"/DPSINC/../../../lan/v4.0a/inc/lan_common.h", 第 25 行: 警告: 指令中有无效空白字符
"/DPSINC/../../../lan/v4.0a/inc/lan_common.h", 第 26 行: 警告: 指令中有无效空白字符
"/DPSINC/../../../lan/v4.0a/inc/lan_common.h", 第 27 行: 警告: 指令中有无效空白字符
"/DPSINC/../../../lan/v4.0a/inc/lan_common.h", 第 28 行: 警告: 指令中有无效空白字符
"/DPSINC/../../../lan/v4.0a/inc/lan_common.h", 第 29 行: 警告: 指令中有无效空白字符
"/DPSINC/../../../lan/v4.0a/inc/lan_common.h", 第 30 行: 警告: 指令中有无效空白字符
"/DPSINC/../../../lan/v4.0a/inc/lan_common.h", 第 32 行: 警告: 指令中有无效空白字符
"/DPSINC/../../../lan/v4.0a/inc/lan_common.h", 第 33 行: 警告: 指令中有无效空白字符
"/DPSINC/../../../lan/v4.0a/inc/lan_common.h", 第 35 行: 警告: 指令中有无效空白字符
"/DPSINC/../../../lan/v4.0a/inc/lan_common.h", 第 36 行: 警告: 指令中有无效空白字符
"/DPSINC/../../../lan/v4.0a/inc/lan_common.h", 第 37 行: 警告: 指令中有无效空白字符
"/DPSINC/../../../lan/v4.0a/inc/lan_common.h", 第 38 行: 警告: 指令中有无效空白字符
"/DPSINC/../../../lan/v4.0a/inc/lan_common.h", 第 39 行: 警告: 指令中有无效空白字符
"/DPSINC/../../../lan/v4.0a/inc/lan_common.h", 第 40 行: 警告: 指令中有无效空白字符
"/DPSINC/../../../lan/v4.0a/inc/lan_common.h", 第 41 行: 警告: 指令中有无效空白字符
"/DPSINC/../../../lan/v4.0a/inc/lan_common.h", 第 42 行: 警告: 指令中有无效空白字符
"/DPSINC/../../../lan/v4.0a/inc/lan_common.h", 第 43 行: 警告: 指令中有无效空白字符
"/DPSINC/../../../lan/v4.0a/inc/lan_common.h", 第 44 行: 警告: 指令中有无效空白字符
"/DPSINC/../../../lan/v4.0a/inc/lan_common.h", 第 45 行: 警告: 指令中有无效空白字符
"/DPSINC/../../../lan/v4.0a/inc/lan_common.h", 第 46 行: 警告: 指令中有无效空白字符
"/DPSINC/../../../lan/v4.0a/inc/lan_common.h", 第 47 行: 警告: 指令中有无效空白字符
"/DPSINC/../../../lan/v4.0a/inc/lan_common.h", 第 48 行: 警告: 指令中有无效空白字符
"/DPSINC/../../../lan/v4.0a/inc/lan_common.h", 第 49 行: 警告: 指令中有无效空白字符
"/DPSINC/../../../lan/v4.0a/inc/lan_common.h", 第 50 行: 警告: 指令中有无效空白字符
"/DPSINC/../../../lan/v4.0a/inc/lan_common.h", 第 51 行: 警告: 指令中有无效空白字符
"/DPSINC/../../../lan/v4.0a/inc/lan_common.h", 第 52 行: 警告: 指令中有无效空白字符
"/DPSINC/../../../lan/v4.0a/inc/lan_common.h", 第 53 行: 警告: 指令中有无效空白字符
"/DPSINC/../../../lan/v4.0a/inc/lan_common.h", 第 54 行: 警告: 指令中有无效空白字符
"/DPSINC/../../../lan/v4.0a/inc/lan_common.h", 第 55 行: 警告: 指令中有无效空白字符
"/DPSINC/../../../lan/v4.0a/inc/lan_common.h", 第 56 行: 警告: 指令中有无效空白字符
"/DPSINC/../../../lan/v4.0a/inc/lan_common.h", 第 57 行: 警告: 指令中有无效空白字符
"/DPSINC/../../../lan/v4.0a/inc/lan_common.h", 第 58 行: 警告: 指令中有无效空白字符
"/DPSINC/../../../lan/v4.0a/inc/lan_common.h", 第 59 行: 警告: 指令中有无效空白字符
"/DPSINC/../../../lan/v4.0a/inc/lan_common.h", 第 60 行: 警告: 指令中有无效空白字符
"/DPSINC/../../../lan/v4.0a/inc/lan_common.h", 第 61 行: 警告: 指令中有无效空白字符
"/DPSINC/../../../lan/v4.0a/inc/lan_common.h", 第 62 行: 警告: 指令中有无效空白字符
"/DPSINC/../../../lan/v4.0a/inc/lan_common.h", 第 63 行: 警告: 指令中有无效空白字符
"/DPSINC/../../../lan/v4.0a/inc/lan_common.h", 第 64 行: 警告: 指令中有无效空白字符
"/DPSINC/../../../lan/v4.0a/inc/lan_common.h", 第 65 行: 警告: 指令中有无效空白字符
"/DPSINC/../../../lan/v4.0a/inc/lan_common.h", 第 66 行: 警告: 指令中有无效空白字符
"/DPSINC/../../../lan/v4.0a/inc/lan_common.h", 第 67 行: 警告: 指令中有无效空白字符
"/DPSINC/../../../lan/v4.0a/inc/lan_common.h", 第 68 行: 警告: 指令中有无效空白字符
"/DPSINC/../../../lan/v4.0a/inc/lan_common.h", 第 69 行: 警告: 指令中有无效空白字符
"/DPSINC/../../../lan/v4.0a/inc/lan_common.h", 第 70 行: 警告: 指令中有无效空白字符
"/DPSINC/../../../lan/v4.0a/inc/lan_common.h", 第 74 行: 警告: 指令中有无效空白字符
"/DPSINC/../../../lan/v4.0a/inc/lan_common.h", 第 156 行: 警告: 指令中有无效空白字符
"/DPSINC/../../../lan/v4.0a/inc/lan_common.h", 第 157 行: 警告: 指令中有无效空白字符
"/DPSINC/../../../lan/v4.0a/inc/lan_common.h", 第 158 行: 警告: 指令中有无效空白字符
"/DPSINC/../../../lan/v4.0a/inc/lan_common.h", 第 159 行: 警告: 指令中有无效空白字符
"/DPSINC/../../../lan/v4.0a/inc/lan_common.h", 第 249 行: 警告: 指令中有无效空白字符
"/DPSINC/../../../lan/v4.0a/inc/lan_common.h", 第 250 行: 警告: 指令中有无效空白字符
"/DPSINC/../../../lan/v4.0a/inc/lan_common.h", 第 251 行: 警告: 指令中有无效空白字符
"/DPSINC/../../../lan/v4.0a/inc/lan_common.h", 第 252 行: 警告: 指令中有无效空白字符
"/DPSINC/../../../lan/v4.0a/inc/lan_common.h", 第 356 行: 警告: 指令中有无效空白字符
"/DPSINC/../../../lan/v4.0a/inc/lan_common.h", 第 359 行: 警告: 指令中有无效空白字符
"/DPSINC/../../../lan/v4.0a/inc/lan_common.h", 第 366 行: 警告: 指令中有无效空白字符
"/DPSINC/../../../lan/v4.0a/inc/lan_common.h", 第 367 行: 警告: 指令中有无效空白字符
"/DPSINC/../../../lan/v4.0a/inc/lan_common.h", 第 368 行: 警告: 指令中有无效空白字符
"/DPSINC/../../../lan/v4.0a/inc/lan_common.h", 第 369 行: 警告: 指令中有无效空白字符
"/DPSINC/../../../lan/v4.0a/inc/lan_common.h", 第 370 行: 警告: 指令中有无效空白字符
"/DPSINC/../../../lan/v4.0a/inc/lan_common.h", 第 371 行: 警告: 指令中有无效空白字符
"/DPSINC/../../../lan/v4.0a/inc/lan_common.h", 第 432 行: 警告: 指令中有无效空白字符
"/DPSINC/../../../lan/v4.0a/inc/lan_common.h", 第 434 行: 警告: 指令中有无效空白字符
"/DPSINC/../../../lan/v4.0a/inc/lan_common.h", 第 436 行: 警告: 指令中有无效空白字符
"/LANINC/lan_common.h", 第 13 行: 警告: 指令中有无效空白字符
"/LANINC/lan_common.h", 第 18 行: 警告: 指令中有无效空白字符
"/LANINC/lan_common.h", 第 20 行: 警告: 指令中有无效空白字符
"/LANINC/lan_common.h", 第 22 行: 警告: 指令中有无效空白字符
"/LANINC/lan_common.h", 第 25 行: 警告: 指令中有无效空白字符
"/LANINC/lan_common.h", 第 356 行: 警告: 指令中有无效空白字符
"/LANINC/lan_common.h", 第 359 行: 警告: 指令中有无效空白字符
"/LANINC/lan_common.h", 第 432 行: 警告: 指令中有无效空白字符
"/LANINC/lan_common.h", 第 434 行: 警告: 指令中有无效空白字符
"/LANINC/lan_common.h", 第 436 行: 警告: 指令中有无效空白字符
iccp_main.mak: miusrobj.c
"../TASE2inc/glbtypes.h", 第 259 行: 警告: 不可识别的 #pragma 被忽略: message 
"miusrobj.c", 第 17 行: 警告: 类型后的存储类将被废弃
"miusrobj.c", 第 1116 行: 警告: 类型后的存储类将被废弃
"miusrobj.c", 第 1139 行: 警告: 类型后的存储类将被废弃
"miusrobj.c", 第 1162 行: 警告: 类型后的存储类将被废弃
"miusrobj.c", 第 1185 行: 警告: 类型后的存储类将被废弃
"miusrobj.c", 第 1208 行: 警告: 类型后的存储类将被废弃
"miusrobj.c", 第 1231 行: 警告: 类型后的存储类将被废弃
"miusrobj.c", 第 1254 行: 警告: 类型后的存储类将被废弃
"miusrobj.c", 第 1341 行: 警告: 类型后的存储类将被废弃
"miusrobj.c", 第 1412 行: 警告: 类型后的存储类将被废弃
"miusrobj.c", 第 1435 行: 警告: 类型后的存储类将被废弃
"miusrobj.c", 第 1730 行: 警告: 类型后的存储类将被废弃
"miusrobj.c", 第 1753 行: 警告: 类型后的存储类将被废弃
"miusrobj.c", 第 1824 行: 警告: 类型后的存储类将被废弃
"miusrobj.c", 第 1847 行: 警告: 类型后的存储类将被废弃
"miusrobj.c", 第 1870 行: 警告: 类型后的存储类将被废弃
"miusrobj.c", 第 1893 行: 警告: 类型后的存储类将被废弃
"miusrobj.c", 第 1916 行: 警告: 类型后的存储类将被废弃
"miusrobj.c", 第 1987 行: 警告: 类型后的存储类将被废弃
"miusrobj.c", 第 2010 行: 警告: 类型后的存储类将被废弃
"miusrobj.c", 第 2081 行: 警告: 类型后的存储类将被废弃
"miusrobj.c", 第 2168 行: 警告: 类型后的存储类将被废弃
"miusrobj.c", 第 2239 行: 警告: 类型后的存储类将被废弃
"miusrobj.c", 第 2326 行: 警告: 类型后的存储类将被废弃
"miusrobj.c", 第 2429 行: 警告: 类型后的存储类将被废弃
"miusrobj.c", 第 2516 行: 警告: 类型后的存储类将被废弃
"miusrobj.c", 第 2619 行: 警告: 类型后的存储类将被废弃
"miusrobj.c", 第 2642 行: 警告: 类型后的存储类将被废弃
"miusrobj.c", 第 2665 行: 警告: 类型后的存储类将被废弃
"miusrobj.c", 第 2688 行: 警告: 类型后的存储类将被废弃
"miusrobj.c", 第 2711 行: 警告: 类型后的存储类将被废弃
"miusrobj.c", 第 2734 行: 警告: 类型后的存储类将被废弃
"miusrobj.c", 第 2757 行: 警告: 类型后的存储类将被废弃
"miusrobj.c", 第 2828 行: 警告: 类型后的存储类将被废弃
"miusrobj.c", 第 2899 行: 警告: 类型后的存储类将被废弃
"miusrobj.c", 第 3002 行: 警告: 类型后的存储类将被废弃
iccp_main.mak: mmsop_en.c
"../TASE2inc/glbtypes.h", 第 259 行: 警告: 不可识别的 #pragma 被忽略: message 
iccp_main.mak: mvlop_en.c
"../TASE2inc/glbtypes.h", 第 259 行: 警告: 不可识别的 #pragma 被忽略: message 
"mvlop_en.c", 第 49 行: 警告: 类型后的存储类将被废弃
iccp_main.mak: mvl_acse.c
"../TASE2inc/glbtypes.h", 第 259 行: 警告: 不可识别的 #pragma 被忽略: message 
"mvl_acse.c", 第 163 行: 警告: 类型后的存储类将被废弃
iccp_main.mak: ukey.c
"../TASE2inc/glbtypes.h", 第 259 行: 警告: 不可识别的 #pragma 被忽略: message 
FINISHED GENERATING ./iccp_main.dxe PROGRAM
