 SimuEngine

 Timestamp is 53844595 (Tue May 27 15:58:13 2014)

 Preferred load address is 00400000

 Start         Length     Name                   Class
 0001:00000000 0002c862H .text                   CODE
 0002:00000000 00004674H .rdata                  DATA
 0002:00004674 00000000H .edata                  DATA
 0003:00000000 00000004H .CRT$XCA                DATA
 0003:00000004 00000004H .CRT$XCZ                DATA
 0003:00000008 00000004H .CRT$XIA                DATA
 0003:0000000c 00000004H .CRT$XIZ                DATA
 0003:00000010 00001424H .data                   DATA
 0003:00001438 1c557514H .bss                    DATA
 0004:00000000 00000050H .idata$2                DATA
 0004:00000050 00000014H .idata$3                DATA
 0004:00000064 00000160H .idata$4                DATA
 0004:000001c4 00000160H .idata$5                DATA
 0004:00000324 0000043aH .idata$6                DATA

  Address         Publics by Value              Rva+Base     Lib:Object

 0001:00000000       _GetFloatFromCommand       00401000 f   get_coded_cmd.obj
 0001:00000020       _GetIO_NameString          00401020 f   get_coded_cmd.obj
 0001:00000050       _GetIO_PtrByName           00401050 f   get_coded_cmd.obj
 0001:000000b0       _GetRtuNameByID            004010b0 f   get_coded_cmd.obj
 0001:00000110       _GetDBNameByID             00401110 f   get_coded_cmd.obj
 0001:00000140       _GetInfoFromCMD            00401140 f   get_coded_cmd.obj
 0001:000002c0       _FormCmdTest               004012c0 f   get_coded_cmd.obj
 0001:00000310       _CheckCmdBuffer            00401310 f   get_coded_cmd.obj
 0001:000004f0       _GetSeqNameFromID          004014f0 f   get_coded_cmd.obj
 0001:000006e0       _OtsCmdProc                004016e0 f   get_coded_cmd.obj
 0001:00000d50       _GetInterpolationIndex     00401d50 f   interpolation.obj
 0001:00000de0       _GetInterpolationFactor    00401de0 f   interpolation.obj
 0001:00000e90       _BiInterpolation           00401e90 f   interpolation.obj
 0001:00000f20       _TriInterpolation          00401f20 f   interpolation.obj
 0001:00001020       _GetNLF_IdByName           00402020 f   model_proc.obj
 0001:000010a0       _PreInsensitiveTFB         004020a0 f   model_proc.obj
 0001:00001150       _PreSaturedTFB             00402150 f   model_proc.obj
 0001:00001200       _PreGearGapTFB             00402200 f   model_proc.obj
 0001:00001460       _PreRelayTFB               00402460 f   model_proc.obj
 0001:00001510       _PreInsensitiveRelayTFB    00402510 f   model_proc.obj
 0001:000015b0       _PreInertieRelayTFB        004025b0 f   model_proc.obj
 0001:000017f0       _PreNonlinearTFB           004027f0 f   model_proc.obj
 0001:000019f0       _PreNonLinearityProc       004029f0 f   model_proc.obj
 0001:00001bb0       _PostNonLinearityProc      00402bb0 f   model_proc.obj
 0001:00001cb0       _WriteModelOutput          00402cb0 f   model_proc.obj
 0001:00001d30       _GetTFB_Coef               00402d30 f   model_proc.obj
 0001:00002530       _GetTFB_RealTimeData       00403530 f   model_proc.obj
 0001:000028a0       _GetTFB_Output             004038a0 f   model_proc.obj
 0001:00002bb0       _GetTFB_Input              00403bb0 f   model_proc.obj
 0001:00002cc0       _GetModelIdByName          00403cc0 f   model_proc.obj
 0001:00002d40       _ActivateModelByID         00403d40 f   model_proc.obj
 0001:00002f90       _StopModelByID             00403f90 f   model_proc.obj
 0001:00002ff0       _ExecuteModelById          00403ff0 f   model_proc.obj
 0001:00003080       _ActivateModelByName       00404080 f   model_proc.obj
 0001:000030d0       _StopModelByName           004040d0 f   model_proc.obj
 0001:00003110       _LAN_ReadPtrInit           00404110 f   read_recv_buf.obj
 0001:00003140       _ReadCMD_FromNetcmdBuf     00404140 f   read_recv_buf.obj
 0001:00003280       _main                      00404280 f   SimuEngine.obj
 0001:000033e0       _ChildThread               004043e0 f   SimuEngine.obj
 0001:000035b0       _CheckOneIntCondition      004045b0 f   SimuEngine.obj
 0001:00003600       _CheckOneAnaCondition      00404600 f   SimuEngine.obj
 0001:00003700       _GetSceneIdByName          00404700 f   SimuEngine.obj
 0001:00003780       _DoSetScene                00404780 f   SimuEngine.obj
 0001:000039b0       _GetParamSeqFvalue         004049b0 f   SimuEngine.obj
 0001:00003a30       _GoOneStep                 00404a30 f   SimuEngine.obj
 0001:00004b50       _SequenceFileFree          00405b50 f   SimuEngine.obj
 0001:00004ba0       _SequenceInitialize        00405ba0 f   SimuEngine.obj
 0001:00004ce0       _ActivateSequenceById      00405ce0 f   SimuEngine.obj
 0001:00004e90       _StopSequenceById          00405e90 f   SimuEngine.obj
 0001:00004f10       _ExecuteSequenceById       00405f10 f   SimuEngine.obj
 0001:00005210       _StopSequenceByName        00406210 f   SimuEngine.obj
 0001:00005270       _ActivateSequenceByName    00406270 f   SimuEngine.obj
 0001:00005300       _ResetTimeCount            00406300 f   SimuEngine.obj
 0001:00005330       _ThreadMdl                 00406330 f   SimuEngine.obj
 0001:000054c0       _ThreadSeqLogical          004064c0 f   SimuEngine.obj
 0001:000055d0       _ThreadSeq                 004065d0 f   SimuEngine.obj
 0001:00005940       _ActiveAutoSeq             00406940 f   SimuEngine.obj
 0001:000059b0       _StopSimulog               004069b0 f   SimuEngine.obj
 0001:00005a20       _BdFZTimes                 00406a20 f   SimuEngine.obj
 0001:00005a40       _DoDataCalculation         00406a40 f   SimuEngine.obj
 0001:00005ec0       _SetTimerByID              00406ec0 f   timer_task.obj
 0001:00005f60       _ActivateTimedTask         00406f60 f   timer_task.obj
 0001:00006010       _GetEmsConfig              00407010 f   lan:commonlib.obj
 0001:00006810       _ClearCommShm              00407810 f   lan:commonlib.obj
 0001:00006940       _ReadAppDefFile            00407940 f   lan:commonlib.obj
 0001:00006d10       _MySleep                   00407d10 f   lan:commonlib.obj
 0001:00006d30       _GetSrcId                  00407d30 f   lan:commonlib.obj
 0001:00006d70       _GetPlcTypeStr             00407d70 f   lan:commonlib.obj
 0001:00006db0       _GetCmdBufId               00407db0 f   lan:commonlib.obj
 0001:00006de0       _rdb_net                   00407de0 f   lan:commonlib.obj
 0001:00006f50       _rdb_cpu                   00407f50 f   lan:commonlib.obj
 0001:000070b0       _WriteIndDBByStr           004080b0 f   lan:commonlib.obj
 0001:00007210       _BdcastMsg                 00408210 f   lan:commonlib.obj
 0001:00007360       _GetPtQlt                  00408360 f   lan:commonlib.obj
 0001:000073d0       _BdcastQltWithSta          004083d0 f   lan:commonlib.obj
 0001:000076a0       _BdcastQltANA              004086a0 f   lan:commonlib.obj
 0001:00007850       _BdcastQlt                 00408850 f   lan:commonlib.obj
 0001:00007b90       _BdcastQltObj              00408b90 f   lan:commonlib.obj
 0001:00007e60       _BdObjByID                 00408e60 f   lan:commonlib.obj
 0001:00008100       _BdINDByID                 00409100 f   lan:commonlib.obj
 0001:000082e0       _BdObjForceByID            004092e0 f   lan:commonlib.obj
 0001:00008590       _WrANA                     00409590 f   lan:commonlib.obj
 0001:00008680       _WrIND                     00409680 f   lan:commonlib.obj
 0001:00008870       _BdANAByID                 00409870 f   lan:commonlib.obj
 0001:00009110       _BdINDByName               0040a110 f   lan:commonlib.obj
 0001:00009190       _BdANAByName               0040a190 f   lan:commonlib.obj
 0001:00009210       _NetSwitchCmd              0040a210 f   lan:commonlib.obj
 0001:000093b0       _BdNetHost                 0040a3b0 f   lan:commonlib.obj
 0001:000094b0       _BdCpuHost                 0040a4b0 f   lan:commonlib.obj
 0001:000095b0       _BdCmdSendResult           0040a5b0 f   lan:commonlib.obj
 0001:00009600       _BdLCUONOFFStat            0040a600 f   lan:commonlib.obj
 0001:00009740       _GetLCUONOFFStat           0040a740 f   lan:commonlib.obj
 0001:00009850       _BdPlcLinkStat             0040a850 f   lan:commonlib.obj
 0001:00009990       _GetPlcLinkStat            0040a990 f   lan:commonlib.obj
 0001:00009aa0       _BdPlcScanStat             0040aaa0 f   lan:commonlib.obj
 0001:00009be0       _GetPlcScanStat            0040abe0 f   lan:commonlib.obj
 0001:00009cf0       _BdScanHost                0040acf0 f   lan:commonlib.obj
 0001:00009ea0       _GetScanHost               0040aea0 f   lan:commonlib.obj
 0001:00009fb0       _BdLCUONOFFStatQlt         0040afb0 f   lan:commonlib.obj
 0001:0000a0b0       _BdPlcLinkStatQlt          0040b0b0 f   lan:commonlib.obj
 0001:0000a1b0       _BdPlcScanStatQlt          0040b1b0 f   lan:commonlib.obj
 0001:0000a2b0       _BdScanHostQlt             0040b2b0 f   lan:commonlib.obj
 0001:0000a3b0       _BdCpuWkQlt                0040b3b0 f   lan:commonlib.obj
 0001:0000a520       _BdCpuStatQlt              0040b520 f   lan:commonlib.obj
 0001:0000a610       _BdNetWkQlt                0040b610 f   lan:commonlib.obj
 0001:0000a700       _WriteScanHost             0040b700 f   lan:commonlib.obj
 0001:0000a8b0       _BdPlcMonHost              0040b8b0 f   lan:commonlib.obj
 0001:0000aa70       _BdHdbStat                 0040ba70 f   lan:commonlib.obj
 0001:0000abd0       _BdSms                     0040bbd0 f   lan:commonlib.obj
 0001:0000acd0       _BdLms                     0040bcd0 f   lan:commonlib.obj
 0001:0000adb0       _sig_term                  0040bdb0 f   lan:commonlib.obj
 0001:0000ade0       _GetTimeString             0040bde0 f   lan:commonlib.obj
 0001:0000af00       _GetIPCConf                0040bf00 f   lan:commonlib.obj
 0001:0000b1f0       _GetIdByHostname           0040c1f0 f   lan:commonlib.obj
 0001:0000b2a0       _SetLogLevel               0040c2a0 f   lan:commonlib.obj
 0001:0000b330       _wsa_startup               0040c330 f   lan:lanlib.obj
 0001:0000b380       _lan_init_all              0040c380 f   lan:lanlib.obj
 0001:0000b450       _lan_out_init              0040c450 f   lan:lanlib.obj
 0001:0000b500       _lan_finish                0040c500 f   lan:lanlib.obj
 0001:0000b510       _lan_out                   0040c510 f   lan:lanlib.obj
 0001:0000b9b0       _InitPlcDataShm            0040c9b0 f   lan:lanlib.obj
 0001:0000bce0       _get_lan_shm               0040cce0 f   lan:lanlib.obj
 0001:0000bfa0       _get_lcu_shm               0040cfa0 f   lan:lanlib.obj
 0001:0000c1c0       _get_rec_shm               0040d1c0 f   lan:lanlib.obj
 0001:0000c270       _get_iccp_data_shm         0040d270 f   lan:lanlib.obj
 0001:0000c290       _get_hdb_shm               0040d290 f   lan:lanlib.obj
 0001:0000c340       _get_ots_shm               0040d340 f   lan:lanlib.obj
 0001:0000c3f0       _CreateShm                 0040d3f0 f   lan:lanlib.obj
 0001:0000c450       _GetDBName                 0040d450 f   ipclib:ReadDatabase.obj
 0001:0000c490       _GetDBLongname             0040d490 f   ipclib:ReadDatabase.obj
 0001:0000c4d0       _GetDBVersion              0040d4d0 f   ipclib:ReadDatabase.obj
 0001:0000c510       _GetStationNum             0040d510 f   ipclib:ReadDatabase.obj
 0001:0000c540       _GetStnIdByIndex           0040d540 f   ipclib:ReadDatabase.obj
 0001:0000c5d0       _GetStnIndexById           0040d5d0 f   ipclib:ReadDatabase.obj
 0001:0000c690       _GetStnNameById            0040d690 f   ipclib:ReadDatabase.obj
 0001:0000c7b0       _GetStnLongnameById        0040d7b0 f   ipclib:ReadDatabase.obj
 0001:0000c810       _GetStnCommentById         0040d810 f   ipclib:ReadDatabase.obj
 0001:0000c870       _GetStnIdByName            0040d870 f   ipclib:ReadDatabase.obj
 0001:0000c980       _GetStnTypeById            0040d980 f   ipclib:ReadDatabase.obj
 0001:0000c9d0       _GetStnSysLcuIdById        0040d9d0 f   ipclib:ReadDatabase.obj
 0001:0000ca20       _GetGroupNumById           0040da20 f   ipclib:ReadDatabase.obj
 0001:0000ca70       _GetGroupNameById          0040da70 f   ipclib:ReadDatabase.obj
 0001:0000cb90       _GetGroupLongnameById      0040db90 f   ipclib:ReadDatabase.obj
 0001:0000ccb0       _GetGroupCommentById       0040dcb0 f   ipclib:ReadDatabase.obj
 0001:0000ce00       _GetGroupIdByName          0040de00 f   ipclib:ReadDatabase.obj
 0001:0000cf60       _GetGroupTypeNameById      0040df60 f   ipclib:ReadDatabase.obj
 0001:0000d050       _GetGroupSysLcuFlagById    0040e050 f   ipclib:ReadDatabase.obj
 0001:0000d170       _GetLcuIoGroupCommentById  0040e170 f   ipclib:ReadDatabase.obj
 0001:0000d340       _GetLcuIoGroupNumById      0040e340 f   ipclib:ReadDatabase.obj
 0001:0000d430       _GetLcuIoGroupInfoByIndex  0040e430 f   ipclib:ReadDatabase.obj
 0001:0000d5b0       _GetLcuIoGroupInfoById     0040e5b0 f   ipclib:ReadDatabase.obj
 0001:0000d780       _SetLcuIoGroupStatusById   0040e780 f   ipclib:ReadDatabase.obj
 0001:0000d940       _GetRecordNumById          0040e940 f   ipclib:ReadDatabase.obj
 0001:0000da60       _GetRecNameByType          0040ea60 f   ipclib:ReadDatabase.obj
 0001:0000db00       _GetRecLongnameByType      0040eb00 f   ipclib:ReadDatabase.obj
 0001:0000dba0       _GetRecTypeByName          0040eba0 f   ipclib:ReadDatabase.obj
 0001:0000dc40       _GetEntryNumById           0040ec40 f   ipclib:ReadDatabase.obj
 0001:0000de40       _GetRecTypeByOffset        0040ee40 f   ipclib:ReadDatabase.obj
 0001:0000e010       _GetEntryNumByRecOffset    0040f010 f   ipclib:ReadDatabase.obj
 0001:0000e080       _IsPointExist              0040f080 f   ipclib:ReadDatabase.obj
 0001:0000e1d0       _GetPtIdByNameStr          0040f1d0 f   ipclib:ReadDatabase.obj
 0001:0000e690       _GetCommonPtrById          0040f690 f   ipclib:ReadDatabase.obj
 0001:0000e920       _GetCommonPtrByNameStr     0040f920 f   ipclib:ReadDatabase.obj
 0001:0000f030       _GetEntryIdByName          00410030 f   ipclib:ReadDatabase.obj
 0001:0000f250       _ReadEntryById             00410250 f   ipclib:ReadDatabase.obj
 0001:0000fb20       _ReadEntryByNameStr        00410b20 f   ipclib:ReadDatabase.obj
 0001:00010870       _GetEntryNameById          00411870 f   ipclib:ReadPoint.obj
 0001:000108d0       _GetEntryLongnameById      004118d0 f   ipclib:ReadPoint.obj
 0001:00010930       _GetEntryLongnameByNameStr 00411930 f   ipclib:ReadPoint.obj
 0001:00010990       _GetPtNameById             00411990 f   ipclib:ReadPoint.obj
 0001:00010a70       _GetPtLongnameById         00411a70 f   ipclib:ReadPoint.obj
 0001:00010b40       _GetPtLongnameByNameStr    00411b40 f   ipclib:ReadPoint.obj
 0001:00010c30       _GetPtCmdMsgSelById        00411c30 f   ipclib:ReadPoint.obj
 0001:00010c90       _GetPtCmdMsgSelByNameStr   00411c90 f   ipclib:ReadPoint.obj
 0001:00010cf0       _GetPtAlmMsgSelById        00411cf0 f   ipclib:ReadPoint.obj
 0001:00010d50       _GetPtAlmMsgSelByNameStr   00411d50 f   ipclib:ReadPoint.obj
 0001:00010db0       _GetPtHardAddrById         00411db0 f   ipclib:ReadPoint.obj
 0001:00010e10       _GetPtHardAddrByNameStr    00411e10 f   ipclib:ReadPoint.obj
 0001:00010e70       _GetPtCtrlAddrById         00411e70 f   ipclib:ReadPoint.obj
 0001:00010ed0       _GetPtCtrlAddrByNameStr    00411ed0 f   ipclib:ReadPoint.obj
 0001:00010f30       _GetPtUpdateSrcById        00411f30 f   ipclib:ReadPoint.obj
 0001:00010f90       _GetPtUpdateSrcByNameStr   00411f90 f   ipclib:ReadPoint.obj
 0001:00010ff0       _GetPtIoGroupById          00411ff0 f   ipclib:ReadPoint.obj
 0001:00011050       _GetPtIoGroupByNameStr     00412050 f   ipclib:ReadPoint.obj
 0001:000110b0       _GetPtIoGroupCommentById   004120b0 f   ipclib:ReadPoint.obj
 0001:000111a0       _GetPtIoGroupCommentByNameStr 004121a0 f   ipclib:ReadPoint.obj
 0001:00011200       _GetPtIoGroupStatusById    00412200 f   ipclib:ReadPoint.obj
 0001:000112f0       _GetPtIoGroupStatusByNameStr 004122f0 f   ipclib:ReadPoint.obj
 0001:00011350       _GetPtDspFileNameById      00412350 f   ipclib:ReadPoint.obj
 0001:000113b0       _GetPtDspFileNameByNameStr 004123b0 f   ipclib:ReadPoint.obj
 0001:00011410       _GetPairPtById             00412410 f   ipclib:ReadPoint.obj
 0001:000114a0       _GetPairPtByNameStr        004124a0 f   ipclib:ReadPoint.obj
 0001:00011530       _GetPtUpdateTimeById       00412530 f   ipclib:ReadPoint.obj
 0001:000116c0       _GetPtUpdateTimeByNameStr  004126c0 f   ipclib:ReadPoint.obj
 0001:00011850       _IsPtValueManSetById       00412850 f   ipclib:ReadPoint.obj
 0001:00011990       _IsPtValueManSetByNameStr  00412990 f   ipclib:ReadPoint.obj
 0001:00011ad0       _IsPtValueChanFailById     00412ad0 f   ipclib:ReadPoint.obj
 0001:00011be0       _IsPtValueChanFailByNameStr 00412be0 f   ipclib:ReadPoint.obj
 0001:00011cf0       _GetPtViewPointById        00412cf0 f   ipclib:ReadPoint.obj
 0001:00011d60       _GetPtViewPointByNameStr   00412d60 f   ipclib:ReadPoint.obj
 0001:00011dd0       _IsPtScanEnableById        00412dd0 f   ipclib:ReadPoint.obj
 0001:00011e40       _IsPtScanEnableByNameStr   00412e40 f   ipclib:ReadPoint.obj
 0001:00011eb0       _IsPtAlmEnableById         00412eb0 f   ipclib:ReadPoint.obj
 0001:00011f20       _IsPtAlmEnableByNameStr    00412f20 f   ipclib:ReadPoint.obj
 0001:00011f90       _IsPtAlmNotAckedById       00412f90 f   ipclib:ReadPoint.obj
 0001:00012000       _IsPtAlmNotAckedByNameStr  00413000 f   ipclib:ReadPoint.obj
 0001:00012070       _IsPtCtrlLockedById        00413070 f   ipclib:ReadPoint.obj
 0001:000120e0       _IsPtCtrlLockedByNameStr   004130e0 f   ipclib:ReadPoint.obj
 0001:00012150       _IsPtNoUpdateById          00413150 f   ipclib:ReadPoint.obj
 0001:000121c0       _IsPtNoUpdateByNameStr     004131c0 f   ipclib:ReadPoint.obj
 0001:00012230       _IsPtAlmRepeatById         00413230 f   ipclib:ReadPoint.obj
 0001:000122a0       _IsPtAlmRepeatByNameStr    004132a0 f   ipclib:ReadPoint.obj
 0001:00012310       _GetPtTagStateById         00413310 f   ipclib:ReadPoint.obj
 0001:00012380       _GetPtTagStateByNameStr    00413380 f   ipclib:ReadPoint.obj
 0001:000123f0       _GetPtProcTypeById         004133f0 f   ipclib:ReadPoint.obj
 0001:000124c0       _GetPtProcTypeByNameStr    004134c0 f   ipclib:ReadPoint.obj
 0001:000125a0       _IsPtAlmCbaById            004135a0 f   ipclib:ReadPoint.obj
 0001:00012600       _IsPtAlmCbaByNameStr       00413600 f   ipclib:ReadPoint.obj
 0001:00012660       _IsPtStatisticById         00413660 f   ipclib:ReadPoint.obj
 0001:000126c0       _IsPtStatisticByNameStr    004136c0 f   ipclib:ReadPoint.obj
 0001:00012720       _IsPtFaultById             00413720 f   ipclib:ReadPoint.obj
 0001:00012780       _IsPtFaultByNameStr        00413780 f   ipclib:ReadPoint.obj
 0001:000127e0       _IsPtFailById              004137e0 f   ipclib:ReadPoint.obj
 0001:00012840       _IsPtFailByNameStrd        00413840 f   ipclib:ReadPoint.obj
 0001:000128a0       _IsPtCtrlById              004138a0 f   ipclib:ReadPoint.obj
 0001:00012900       _IsPtCtrlByNameStr         00413900 f   ipclib:ReadPoint.obj
 0001:00012960       _IsPtSoeById               00413960 f   ipclib:ReadPoint.obj
 0001:000129c0       _IsPtSoeByNameStr          004139c0 f   ipclib:ReadPoint.obj
 0001:00012a20       _IsPtTrendAlmById          00413a20 f   ipclib:ReadPoint.obj
 0001:00012a80       _IsPtTrendAlmByNameStr     00413a80 f   ipclib:ReadPoint.obj
 0001:00012ae0       _IsPtKeySignalById         00413ae0 f   ipclib:ReadPoint.obj
 0001:00012b40       _IsPtKeySignalByNameStr    00413b40 f   ipclib:ReadPoint.obj
 0001:00012ba0       _IsPtFaultRecById          00413ba0 f   ipclib:ReadPoint.obj
 0001:00012c00       _IsPtFaultRecByNameStr     00413c00 f   ipclib:ReadPoint.obj
 0001:00012c60       _IsPtAudAlmById            00413c60 f   ipclib:ReadPoint.obj
 0001:00012cc0       _IsPtAudAlmByNameStr       00413cc0 f   ipclib:ReadPoint.obj
 0001:00012d20       _IsPtNormalCloseById       00413d20 f   ipclib:ReadPoint.obj
 0001:00012d80       _IsPtNormalCloseByNameStr  00413d80 f   ipclib:ReadPoint.obj
 0001:00012de0       _IsPtDoublePointById       00413de0 f   ipclib:ReadPoint.obj
 0001:00012e40       _IsPtDoublePointByNameStr  00413e40 f   ipclib:ReadPoint.obj
 0001:00012ea0       _IsPtSysVirtualById        00413ea0 f   ipclib:ReadPoint.obj
 0001:00012f00       _IsPtSysVirtualByNameStr   00413f00 f   ipclib:ReadPoint.obj
 0001:00012f60       _IsPtOnAlmById             00413f60 f   ipclib:ReadPoint.obj
 0001:00012fc0       _IsPtOnAlmByNameStr        00413fc0 f   ipclib:ReadPoint.obj
 0001:00013020       _IsPtOffAlmById            00414020 f   ipclib:ReadPoint.obj
 0001:00013080       _IsPtOffAlmByNameStr       00414080 f   ipclib:ReadPoint.obj
 0001:000130e0       _GetPtNormalStateById      004140e0 f   ipclib:ReadPoint.obj
 0001:00013140       _GetPtNormalStateByNameStr 00414140 f   ipclib:ReadPoint.obj
 0001:000131a0       _IsPtLcuVirtualById        004141a0 f   ipclib:ReadPoint.obj
 0001:00013200       _IsPtLcuVirtualByNameStr   00414200 f   ipclib:ReadPoint.obj
 0001:00013260       _IsPtCascadeById           00414260 f   ipclib:ReadPoint.obj
 0001:000132c0       _IsPtCascadeByNameStr      004142c0 f   ipclib:ReadPoint.obj
 0001:00013320       _IsPtHdbRecordById         00414320 f   ipclib:ReadPoint.obj
 0001:00013380       _IsPtHdbRecordByNameStr    00414380 f   ipclib:ReadPoint.obj
 0001:000133e0       _IsPtHdbCurveById          004143e0 f   ipclib:ReadPoint.obj
 0001:00013440       _IsPtHdbCurveByNameStr     00414440 f   ipclib:ReadPoint.obj
 0001:000134a0       _GetPtHdbPeriodById        004144a0 f   ipclib:ReadPoint.obj
 0001:00013500       _GetPtHdbPeriodByNameStr   00414500 f   ipclib:ReadPoint.obj
 0001:00013560       _GetAnaPtValueById         00414560 f   ipclib:ReadPoint.obj
 0001:00013630       _GetAnaPtValueByNameStr    00414630 f   ipclib:ReadPoint.obj
 0001:00013700       _GetAnaPtfValueById        00414700 f   ipclib:ReadPoint.obj
 0001:000137c0       _GetAnaPtfValueByNameStr   004147c0 f   ipclib:ReadPoint.obj
 0001:00013890       _GetAnaPtLmtStateById      00414890 f   ipclib:ReadPoint.obj
 0001:00013970       _GetAnaPtLmtStateByNameStr 00414970 f   ipclib:ReadPoint.obj
 0001:00013a50       _GetAnaPtTrendStateById    00414a50 f   ipclib:ReadPoint.obj
 0001:00013b30       _GetAnaPtTrendStateByNameStr 00414b30 f   ipclib:ReadPoint.obj
 0001:00013c10       _GetAnaPtCtrlblockStateById 00414c10 f   ipclib:ReadPoint.obj
 0001:00013cf0       _GetAnaPtCtrlBlockStateByNameStr 00414cf0 f   ipclib:ReadPoint.obj
 0001:00013dd0       _GetAnaPtOverflowStateById 00414dd0 f   ipclib:ReadPoint.obj
 0001:00013eb0       _GetAnaPtOverflowStateByNameStr 00414eb0 f   ipclib:ReadPoint.obj
 0001:00013f90       _GetAnaPtUnitNameById      00414f90 f   ipclib:ReadPoint.obj
 0001:00014060       _GetAnaPtUnitNameByNameStr 00415060 f   ipclib:ReadPoint.obj
 0001:00014130       _GetAnaPtEngLmtParaById    00415130 f   ipclib:ReadPoint.obj
 0001:00014210       _GetAnaPtEngLmtParaByNameStr 00415210 f   ipclib:ReadPoint.obj
 0001:00014300       _GetImpPtRtValueById       00415300 f   ipclib:ReadPoint.obj
 0001:000143a0       _GetImpPtRtValueByNameStr  004153a0 f   ipclib:ReadPoint.obj
 0001:00014440       _GetImpPtBaseValueById     00415440 f   ipclib:ReadPoint.obj
 0001:000144e0       _GetImpPtBaseValueByNameStr 004154e0 f   ipclib:ReadPoint.obj
 0001:00014580       _GetImpPtDaccumById        00415580 f   ipclib:ReadPoint.obj
 0001:00014620       _GetImpPtDaccumByNameStr   00415620 f   ipclib:ReadPoint.obj
 0001:000146c0       _GetImpPtEngParaById       004156c0 f   ipclib:ReadPoint.obj
 0001:00014760       _GetImpPtEngParaByNameStr  00415760 f   ipclib:ReadPoint.obj
 0001:00014800       _GetImpPtStatisticUnitNameById 00415800 f   ipclib:ReadPoint.obj
 0001:00014a60       _GetImpPtStatisticUnitNameByNameStr 00415a60 f   ipclib:ReadPoint.obj
 0001:00014cc0       _GetImpPtDataById          00415cc0 f   ipclib:ReadPoint.obj
 0001:00014e60       _GetImpPtDataByNameStr     00415e60 f   ipclib:ReadPoint.obj
 0001:00015000       _GetImpPtFloatDataById     00416000 f   ipclib:ReadPoint.obj
 0001:00015280       _GetImpPtFloatDataByNameStr 00416280 f   ipclib:ReadPoint.obj
 0001:00015500       _GetIndPtStateById         00416500 f   ipclib:ReadPoint.obj
 0001:000155e0       _GetIndPtStateByNameStr    004165e0 f   ipclib:ReadPoint.obj
 0001:000156c0       _GetIndPtRtStateById       004166c0 f   ipclib:ReadPoint.obj
 0001:000157a0       _GetIndPtRtStateByNameStr  004167a0 f   ipclib:ReadPoint.obj
 0001:00015880       _GetIndPtChangeTimeById    00416880 f   ipclib:ReadPoint.obj
 0001:00015950       _GetIndPtChangeTimeByNameStr 00416950 f   ipclib:ReadPoint.obj
 0001:00015a30       _IsIndPtFaultTagById       00416a30 f   ipclib:ReadPoint.obj
 0001:00015b10       _IsIndPtFaultTagByNameStr  00416b10 f   ipclib:ReadPoint.obj
 0001:00015c00       _GetIndPtSTCById           00416c00 f   ipclib:ReadPoint.obj
 0001:00015cd0       _GetIndPtSTCByNameStr      00416cd0 f   ipclib:ReadPoint.obj
 0001:00015da0       _GetCharaPtDataById        00416da0 f   ipclib:ReadPoint.obj
 0001:00015e40       _GetCharaPtDataByNameStr   00416e40 f   ipclib:ReadPoint.obj
 0001:00015ee0       _GetCharaStartPtNameById   00416ee0 f   ipclib:ReadPoint.obj
 0001:00015f80       _GetCharaStartPtNameByNameStr 00416f80 f   ipclib:ReadPoint.obj
 0001:00016020       _GetCharaPtNumById         00417020 f   ipclib:ReadPoint.obj
 0001:000160c0       _GetCharaPtNumByNameStr    004170c0 f   ipclib:ReadPoint.obj
 0001:00016160       _GetIndPtStateStrById      00417160 f   ipclib:ReadPoint.obj
 0001:000162c0       _GetIndPtStateStrByNameStr 004172c0 f   ipclib:ReadPoint.obj
 0001:00016420       _GetIndPtRtStateStrById    00417420 f   ipclib:ReadPoint.obj
 0001:00016580       _GetIndPtRtStateStrByNameStr 00417580 f   ipclib:ReadPoint.obj
 0001:000166e0       _GetIndPtAlmMsgStrById     004176e0 f   ipclib:ReadPoint.obj
 0001:00016850       _GetIndPtAlmMsgByNameStr   00417850 f   ipclib:ReadPoint.obj
 0001:000169c0       _GetPtCmdMsgStrById        004179c0 f   ipclib:ReadPoint.obj
 0001:00016b90       _GetPtCmdMsgStrByNameStr   00417b90 f   ipclib:ReadPoint.obj
 0001:00016d00       _GetCurvePtDataById        00417d00 f   ipclib:ReadPoint.obj
 0001:00016da0       _GetCurvePtDataByNameStr   00417da0 f   ipclib:ReadPoint.obj
 0001:00016e40       _GetCurvePtEngParaById     00417e40 f   ipclib:ReadPoint.obj
 0001:00016ee0       _GetCurvePtEngParaByNameStr 00417ee0 f   ipclib:ReadPoint.obj
 0001:00016f80       _GetCurvePtSegNumById      00417f80 f   ipclib:ReadPoint.obj
 0001:00017020       _GetCurvePtSegNumByNameStr 00418020 f   ipclib:ReadPoint.obj
 0001:000170c0       _GetObjPtStateById         004180c0 f   ipclib:ReadPoint.obj
 0001:00017230       _GetObjPtStateByNameStr    00418230 f   ipclib:ReadPoint.obj
 0001:00017390       _GetObjPtCmdTimeById       00418390 f   ipclib:ReadPoint.obj
 0001:00017440       _GetObjPtCmdTimeByNameStr  00418440 f   ipclib:ReadPoint.obj
 0001:000174f0       _GetObjPtUsrNameById       004184f0 f   ipclib:ReadPoint.obj
 0001:00017590       _GetObjPtUsrNameByNameStr  00418590 f   ipclib:ReadPoint.obj
 0001:00017630       _GetObjPtHostIdById        00418630 f   ipclib:ReadPoint.obj
 0001:000176d0       _GetObjPtHostIdByNameStr   004186d0 f   ipclib:ReadPoint.obj
 0001:00017770       _GetObjPtCmdStatusById     00418770 f   ipclib:ReadPoint.obj
 0001:00017820       _GetObjPtCmdStatusByNameStr 00418820 f   ipclib:ReadPoint.obj
 0001:000178d0       _GetObjPtCmdDataById       004188d0 f   ipclib:ReadPoint.obj
 0001:00017980       _GetObjPtCmdDataByNameStr  00418980 f   ipclib:ReadPoint.obj
 0001:00017a30       _GetObjPtFbStatus1ById     00418a30 f   ipclib:ReadPoint.obj
 0001:00017ae0       _GetObjPtFbStatus1ByNameStr 00418ae0 f   ipclib:ReadPoint.obj
 0001:00017b90       _GetObjPtFbStatus2ById     00418b90 f   ipclib:ReadPoint.obj
 0001:00017c40       _GetObjPtFbStatus2ByNameStr 00418c40 f   ipclib:ReadPoint.obj
 0001:00017cf0       _GetObjPtCmdParamById      00418cf0 f   ipclib:ReadPoint.obj
 0001:00017d90       _GetObjPtCmdParamByNameStr 00418d90 f   ipclib:ReadPoint.obj
 0001:00017e30       _GetTimePtStatusById       00418e30 f   ipclib:ReadPoint.obj
 0001:00017ed0       _GetTimePtStatusByNameStr  00418ed0 f   ipclib:ReadPoint.obj
 0001:00017f70       _GetTimePtSecValueById     00418f70 f   ipclib:ReadPoint.obj
 0001:00018010       _GetTimePtSecValueByNameStr 00419010 f   ipclib:ReadPoint.obj
 0001:000180b0       _GetTimePtMsValueById      004190b0 f   ipclib:ReadPoint.obj
 0001:00018150       _GetTimePtMsValueByNameStr 00419150 f   ipclib:ReadPoint.obj
 0001:000181f0       _GetTimePtUsrNameById      004191f0 f   ipclib:ReadPoint.obj
 0001:00018290       _GetTimePtUsrNameByNameStr 00419290 f   ipclib:ReadPoint.obj
 0001:00018330       _GetTimePtHostIdById       00419330 f   ipclib:ReadPoint.obj
 0001:000183d0       _GetTimePtHostIdByNameStr  004193d0 f   ipclib:ReadPoint.obj
 0001:00018470       _GetTimePtUpdateTimeById   00419470 f   ipclib:ReadPoint.obj
 0001:00018520       _GetTimePtUpdateTimeByNameStr 00419520 f   ipclib:ReadPoint.obj
 0001:000185d0       _GetTimePtCoordinateById   004195d0 f   ipclib:ReadPoint.obj
 0001:00018680       _GetTimePtCoordinateByNameStr 00419680 f   ipclib:ReadPoint.obj
 0001:00018730       _GetPtDataByStr            00419730 f   ipclib:ReadPoint.obj
 0001:00018ac0       _SetModuleName             00419ac0 f   ipclib:syslog.obj
 0001:00018b60       _GetModuleName             00419b60 f   ipclib:syslog.obj
 0001:00018c00       _SetModuleId               00419c00 f   ipclib:syslog.obj
 0001:00018c60       _GetModuleId               00419c60 f   ipclib:syslog.obj
 0001:00018c90       _InitSysLog                00419c90 f   ipclib:syslog.obj
 0001:00018d70       _GetSysLogCount            00419d70 f   ipclib:syslog.obj
 0001:00018db0       _GetSysLogHeader           00419db0 f   ipclib:syslog.obj
 0001:00018e30       _GetSysLogTail             00419e30 f   ipclib:syslog.obj
 0001:00018ed0       _GetSysLogInfo             00419ed0 f   ipclib:syslog.obj
 0001:00018f30       _GetLogOutputFilter        00419f30 f   ipclib:syslog.obj
 0001:00018fb0       _SetLogOutputFilter        00419fb0 f   ipclib:syslog.obj
 0001:000190a0       _GetLogOutputFileFlag      0041a0a0 f   ipclib:syslog.obj
 0001:00019120       _SetLogOutputFileFlag      0041a120 f   ipclib:syslog.obj
 0001:000191d0       _SendTraceMsg              0041a1d0 f   ipclib:syslog.obj
 0001:00019260       _Err_log                   0041a260 f   ipclib:syslog.obj
 0001:000192a0       _log_printf                0041a2a0 f   ipclib:syslog.obj
 0001:000192f0       _log_write                 0041a2f0 f   ipclib:syslog.obj
 0001:00019340       _err_write                 0041a340 f   ipclib:syslog.obj
 0001:00019390       _warn_write                0041a390 f   ipclib:syslog.obj
 0001:000193e0       _info_write                0041a3e0 f   ipclib:syslog.obj
 0001:00019430       _SendErrMsg                0041a430 f   ipclib:syslog.obj
 0001:000194a0       _SendWarnMsg               0041a4a0 f   ipclib:syslog.obj
 0001:00019510       _SendInfoMsg               0041a510 f   ipclib:syslog.obj
 0001:00019580       _SendSendMsg               0041a580 f   ipclib:syslog.obj
 0001:000195f0       _SendRecvMsg               0041a5f0 f   ipclib:syslog.obj
 0001:00019660       _CreateEmsEnv              0041a660 f   ipclib:ipc_lib.obj
 0001:000199eb       _CreateShareMemory         0041a9eb f   ipclib:ipc_lib.obj
 0001:00019b0e       _UnlinkShareMemory         0041ab0e f   ipclib:ipc_lib.obj
 0001:00019b8a       _CreateSemSet              0041ab8a f   ipclib:ipc_lib.obj
 0001:00019c85       _LinktoShareMem            0041ac85 f   ipclib:ipc_lib.obj
 0001:00019db9       _LinktoSemSet              0041adb9 f   ipclib:ipc_lib.obj
 0001:00019ea5       _WaitforSem                0041aea5 f   ipclib:ipc_lib.obj
 0001:00019fdc       _ReleaseReadSem            0041afdc f   ipclib:ipc_lib.obj
 0001:0001a08e       _ReleaseWriteSem           0041b08e f   ipclib:ipc_lib.obj
 0001:0001a140       _CreateLockFile            0041b140 f   ipclib:ipc_lib.obj
 0001:0001a1fb       _ClearEmsEnv               0041b1fb f   ipclib:ipc_lib.obj
 0001:0001a200       _InitThreadMutex           0041b200 f   ipclib:ipc_lib.obj
 0001:0001a228       _GetThreadMutex            0041b228 f   ipclib:ipc_lib.obj
 0001:0001a255       _ReleaseThreadMutex        0041b255 f   ipclib:ipc_lib.obj
 0001:0001a280       _NoConsoleSystemCmd        0041b280 f   ipclib:ipc_lib.obj
 0001:0001a4c0       _GetH9000ErrorId           0041b4c0 f   ipclib:MountDB.obj
 0001:0001a4f0       _CheckHostLicenseValid     0041b4f0 f   ipclib:MountDB.obj
 0001:0001a530       _GetAnaPtLmtValid          0041b530 f   ipclib:MountDB.obj
 0001:0001a580       _GetAnaPtLmtValue          0041b580 f   ipclib:MountDB.obj
 0001:0001a740       _GetAnaPtLmtStr            0041b740 f   ipclib:MountDB.obj
 0001:0001a970       _GetHostLicenseInfo        0041b970 f   ipclib:MountDB.obj
 0001:0001ab80       _MountDB                   0041bb80 f   ipclib:MountDB.obj
 0001:0001ac20       _UnMountDB                 0041bc20 f   ipclib:MountDB.obj
 0001:0001ac70       _MountDBFile               0041bc70 f   ipclib:MountDB.obj
 0001:0001ae80       _CreateMapFile             0041be80 f   ipclib:MountDB.obj
 0001:0001aef0       _MapFile                   0041bef0 f   ipclib:MountDB.obj
 0001:0001af60       _MapView                   0041bf60 f   ipclib:MountDB.obj
 0001:0001afc0       _OpenMap                   0041bfc0 f   ipclib:MountDB.obj
 0001:0001b020       _MountFile                 0041c020 f   ipclib:MountDB.obj
 0001:0001b1f0       _UnMountFile               0041c1f0 f   ipclib:MountDB.obj
 0001:0001b250       _IsIndTypePoint            0041c250 f   ipclib:dms_util.obj
 0001:0001b2b0       _IsAnaTypePoint            0041c2b0 f   ipclib:dms_util.obj
 0001:0001b310       _AnlgDatatoFloat           0041c310 f   ipclib:dms_util.obj
 0001:0001b350       _FloattoAnlgData           0041c350 f   ipclib:dms_util.obj
 0001:0001b390       _IsPrimeNumber             0041c390 f   ipclib:dms_util.obj
 0001:0001b430       _FindLastPrimeNumber       0041c430 f   ipclib:dms_util.obj
 0001:0001b4a0       _GetNameStrHash            0041c4a0 f   ipclib:dms_util.obj
 0001:0001b520       _PointNametoStr            0041c520 f   ipclib:dms_util.obj
 0001:0001b5c0       _StrtoPointName            0041c5c0 f   ipclib:dms_util.obj
 0001:0001b850       _GetPtIdFromStr            0041c850 f   ipclib:dms_util.obj
 0001:0001b950       _CrossCopy                 0041c950 f   ipclib:dms_util.obj
 0001:0001b9a0       _AsciiToHex                0041c9a0 f   ipclib:dms_util.obj
 0001:0001bb30       _GetSysTime                0041cb30 f   ipclib:dms_util.obj
 0001:0001bbb0       _GetSysTimeEx              0041cbb0 f   ipclib:dms_util.obj
 0001:0001bcb0       _GetSysTimeStr             0041ccb0 f   ipclib:dms_util.obj
 0001:0001bd40       _GetSysShortTimeStr        0041cd40 f   ipclib:dms_util.obj
 0001:0001bdb0       _PrintfWithCurrTime        0041cdb0 f   ipclib:dms_util.obj
 0001:0001be10       _PrintfWithCurrShortTime   0041ce10 f   ipclib:dms_util.obj
 0001:0001be70       _GetStringsFromStr         0041ce70 f   ipclib:dms_util.obj
 0001:0001c200       _LocateKeyword             0041d200 f   ipclib:LoadEmsDefine.obj
 0001:0001c2a0       _IsFileEndStr              0041d2a0 f   ipclib:LoadEmsDefine.obj
 0001:0001c310       _LoadEmsDefine             0041d310 f   ipclib:LoadEmsDefine.obj
 0001:00020120       _GetSysHostNum             00421120 f   ipclib:LoadEmsDefine.obj
 0001:00020150       _GetHostStnId              00421150 f   ipclib:LoadEmsDefine.obj
 0001:00020210       _GetLocalHostStnId         00421210 f   ipclib:LoadEmsDefine.obj
 0001:00020280       _GetHostId                 00421280 f   ipclib:LoadEmsDefine.obj
 0001:00020330       _GetHostType               00421330 f   ipclib:LoadEmsDefine.obj
 0001:000203f0       _GetHostDomain             004213f0 f   ipclib:LoadEmsDefine.obj
 0001:000204b0       _IsColorPrinter            004214b0 f   ipclib:LoadEmsDefine.obj
 0001:00020510       _GetHostDisk               00421510 f   ipclib:LoadEmsDefine.obj
 0001:000205d0       _GetLocalHostId            004215d0 f   ipclib:LoadEmsDefine.obj
 0001:00020640       _GetHostNameById           00421640 f   ipclib:LoadEmsDefine.obj
 0001:000206d0       _GetBroadcastIpaddr        004216d0 f   ipclib:LoadEmsDefine.obj
 0001:00020780       _GetHostIpaddrNum          00421780 f   ipclib:LoadEmsDefine.obj
 0001:00020840       _GetHostIpaddr             00421840 f   ipclib:LoadEmsDefine.obj
 0001:00020990       _IsServerStation           00421990 f   ipclib:LoadEmsDefine.obj
 0001:00020a90       _IsOperatorStation         00421a90 f   ipclib:LoadEmsDefine.obj
 0001:00020b90       _GetLocalHostPrvg          00421b90 f   ipclib:LoadEmsDefine.obj
 0001:00020cd0       _GetAlmPrinterNum          00421cd0 f   ipclib:LoadEmsDefine.obj
 0001:00020d50       _GetAlmPrinter             00421d50 f   ipclib:LoadEmsDefine.obj
 0001:00020e40       _GetHcopyPrinterNum        00421e40 f   ipclib:LoadEmsDefine.obj
 0001:00020ec0       _GetHcopyPrinter           00421ec0 f   ipclib:LoadEmsDefine.obj
 0001:00020fb0       _GetRptPrinterNum          00421fb0 f   ipclib:LoadEmsDefine.obj
 0001:00021030       _GetRptPrinter             00422030 f   ipclib:LoadEmsDefine.obj
 0001:00021120       _GetRunProcessNum          00422120 f   ipclib:LoadEmsDefine.obj
 0001:00021220       _GetRunProcess             00422220 f   ipclib:LoadEmsDefine.obj
 0001:000213b0       _GetRcpHostNum             004223b0 f   ipclib:LoadEmsDefine.obj
 0001:000213e0       _GetRcpHostName            004223e0 f   ipclib:LoadEmsDefine.obj
 0001:00021470       _GetDhswHostName           00422470 f   ipclib:LoadEmsDefine.obj
 0001:00021570       _GetTimeServerNum          00422570 f   ipclib:LoadEmsDefine.obj
 0001:000215a0       _GetTimeServer             004225a0 f   ipclib:LoadEmsDefine.obj
 0001:00021660       _GetPlcScanHostNum         00422660 f   ipclib:LoadEmsDefine.obj
 0001:00021740       _GetPlcScanHost            00422740 f   ipclib:LoadEmsDefine.obj
 0001:00021890       _GetLcuIpaddrNum           00422890 f   ipclib:LoadEmsDefine.obj
 0001:00021970       _GetLcuIpaddr              00422970 f   ipclib:LoadEmsDefine.obj
 0001:00021af0       _GetPlcMode                00422af0 f   ipclib:LoadEmsDefine.obj
 0001:00021b80       _GetSysNetNum              00422b80 f   ipclib:LoadEmsDefine.obj
 0001:00021bb0       _GetCtrlNetNum             00422bb0 f   ipclib:LoadEmsDefine.obj
 0001:00021be0       _IsCtrlNetIndepend         00422be0 f   ipclib:LoadEmsDefine.obj
 0001:00021c10       _IsEventFileLog            00422c10 f   ipclib:LoadEmsDefine.obj
 0001:00021c40       _IsPowerAdjLog             00422c40 f   ipclib:LoadEmsDefine.obj
 0001:00021c70       _IsInfoRecTable            00422c70 f   ipclib:LoadEmsDefine.obj
 0001:00021ca0       _IsIoForceDisable          00422ca0 f   ipclib:LoadEmsDefine.obj
 0001:00021cd0       _IsDevObjDisable           00422cd0 f   ipclib:LoadEmsDefine.obj
 0001:00021d00       _IsCurveWndDisable         00422d00 f   ipclib:LoadEmsDefine.obj
 0001:00021d30       _IsHisRdbDisable           00422d30 f   ipclib:LoadEmsDefine.obj
 0001:00021d60       _IsHostNoHardDisk          00422d60 f   ipclib:LoadEmsDefine.obj
 0001:00021df0       _IsHostIsland              00422df0 f   ipclib:LoadEmsDefine.obj
 0001:00021e80       _GetEmsVariable            00422e80 f   ipclib:LoadEmsDefine.obj
 0001:00021f30       _GetEmsString              00422f30 f   ipclib:LoadEmsDefine.obj
 0001:00021ff0       _GetSystemPassword         00422ff0 f   ipclib:LoadEmsDefine.obj
 0001:000220c0       _GetSysLcuId               004230c0 f   ipclib:LoadEmsDefine.obj
 0001:00022100       _GetHostSysLcuId           00423100 f   ipclib:LoadEmsDefine.obj
 0001:00022160       _GetLocalSysLcuId          00423160 f   ipclib:LoadEmsDefine.obj
 0001:000221d0       _GetHostCmdId              004231d0 f   ipclib:LoadEmsDefine.obj
 0001:00022280       _GetHostStatePtId          00423280 f   ipclib:LoadEmsDefine.obj
 0001:00022380       _GetHostStatePtNameStr     00423380 f   ipclib:LoadEmsDefine.obj
 0001:000223e0       _GetHostState              004233e0 f   ipclib:LoadEmsDefine.obj
 0001:00022440       _GetLocalHostState         00423440 f   ipclib:LoadEmsDefine.obj
 0001:000224c0       _GetHostSysNetStatePtId    004234c0 f   ipclib:LoadEmsDefine.obj
 0001:00022600       _GetHostSysNetStatePtNameStr 00423600 f   ipclib:LoadEmsDefine.obj
 0001:00022660       _GetHostSysNetState        00423660 f   ipclib:LoadEmsDefine.obj
 0001:000226c0       _GetHostCtrlNetStatePtId   004236c0 f   ipclib:LoadEmsDefine.obj
 0001:00022830       _GetHostCtrlNetStatePtNameStr 00423830 f   ipclib:LoadEmsDefine.obj
 0001:00022890       _GetHostCtrlNetState       00423890 f   ipclib:LoadEmsDefine.obj
 0001:000228f0       _GetDispatchStnName        004238f0 f   ipclib:LoadEmsDefine.obj
 0001:00022950       _IsLocalHostDispatch       00423950 f   ipclib:LoadEmsDefine.obj
 0001:000229e0       _IsHostStateManage         004239e0 f   ipclib:LoadEmsDefine.obj
 0001:00022a90       _GetHostLongname           00423a90 f   ipclib:LoadEmsDefine.obj
 0001:00022b50       _SetPtValueIostById        00423b50 f   ipclib:WritePoint.obj
 0001:00023e70       _SetPtValueIostByNameStr   00424e70 f   ipclib:WritePoint.obj
 0001:00023f00       _SetPtIoattrById           00424f00 f   ipclib:WritePoint.obj
 0001:000242b0       _SetPtIoattrByNameStr      004252b0 f   ipclib:WritePoint.obj
 0001:00024640       _SetImpPtVarById           00425640 f   ipclib:WritePoint.obj
 0001:000246c0       _SetImpPtVarByNameStr      004256c0 f   ipclib:WritePoint.obj
 0001:00024730       _SetCharaPtDataById        00425730 f   ipclib:WritePoint.obj
 0001:000247c0       _SetCharaPtDataByNameStr   004257c0 f   ipclib:WritePoint.obj
 0001:00024840       _SetAnaPtfValueById        00425840 f   ipclib:WritePoint.obj
 0001:00024930       _SetAnaPtfValueByNameStr   00425930 f   ipclib:WritePoint.obj
 0001:00024a20       _SetAnaPtEngLmtParaById    00425a20 f   ipclib:WritePoint.obj
 0001:00024bc0       _SetAnaPtEngLmtParaByNameStr 00425bc0 f   ipclib:WritePoint.obj
 0001:00024d60       _SetIndPtStcById           00425d60 f   ipclib:WritePoint.obj
 0001:00024e40       _SetIndPtStcByNameStr      00425e40 f   ipclib:WritePoint.obj
 0001:00024f30       _SetIndPtAlmMsgSelById     00425f30 f   ipclib:WritePoint.obj
 0001:00024fc0       _SetIndPtAlmMsgSelByNameStr 00425fc0 f   ipclib:WritePoint.obj
 0001:00025050       _SetPtCmdMsgSelById        00426050 f   ipclib:WritePoint.obj
 0001:000250b0       _SetPtCmdMsgSelByNameStr   004260b0 f   ipclib:WritePoint.obj
 0001:00025110       _SetPtCtrlAddrById         00426110 f   ipclib:WritePoint.obj
 0001:00025170       _SetPtCtrlAddrByNameStr    00426170 f   ipclib:WritePoint.obj
 0001:000251d0       _SetPtIoGroupById          004261d0 f   ipclib:WritePoint.obj
 0001:00025230       _SetPtIoGroupByNameStr     00426230 f   ipclib:WritePoint.obj
 0001:00025290       _SetCurvePtDataById        00426290 f   ipclib:WritePoint.obj
 0001:00025430       _SetCurvePtDataByNameStr   00426430 f   ipclib:WritePoint.obj
 0001:000255c0       _SetCurvePtEngParaById     004265c0 f   ipclib:WritePoint.obj
 0001:00025660       _SetCurvePtEngParaByNameStr 00426660 f   ipclib:WritePoint.obj
 0001:00025700       _SetPairPtById             00426700 f   ipclib:WritePoint.obj
 0001:00025810       _SetPairPtByNameStr        00426810 f   ipclib:WritePoint.obj
 0001:00025920       _SetDevObjPtVarById        00426920 f   ipclib:WritePoint.obj
 0001:00025990       _SetDevObjPtVarByNameStr   00426990 f   ipclib:WritePoint.obj
 0001:000259f0       _SetTimePtVarById          004269f0 f   ipclib:WritePoint.obj
 0001:00025a60       _SetTimePtVarByNameStr     00426a60 f   ipclib:WritePoint.obj
 0001:00025ac0       _SameMacAddr               00426ac0 f   ipclib:mac.obj
 0001:00025b20       _list_netcard_mac          00426b20 f   ipclib:mac.obj
 0001:00025c50       _GetAnaPtLmtBase           00426c50 f   ipclib:mac.obj
 0001:00025e30       _CmdProcess                00426e30 f   cmdlib:CmdProcess.obj
 0001:00028430       _GetFormatAnaFromRealValue 00429430 f   otsd:SimuEngine_util.obj
 0001:00028560       _GetCurrentTimeTable       00429560 f   otsd:SimuEngine_util.obj
 0001:000285e0       _GetCurrentTimeMS_Table    004295e0 f   otsd:SimuEngine_util.obj
 0001:00028660       _CalcuDiff                 00429660 f   otsd:SimuEngine_util.obj
 0001:000287f0       _BdOTSStat                 004297f0 f   otsd:SimuEngine_util.obj
 0001:00028830       _BdIostSetCmd              00429830 f   otsd:SimuEngine_util.obj
 0001:00028b80       _GetFZStyle                00429b80 f   otsd:SimuEngine_util.obj
 0001:00028bc0       _GetUnitValue              00429bc0 f   otsd:SimuEngine_util.obj
 0001:00028c20       _GetRealValue              00429c20 f   otsd:SimuEngine_util.obj
 0001:00028c50       _CheckStrIsNumeric         00429c50 f   otsd:SimuEngine_util.obj
 0001:00028e00       _BdYGParam                 00429e00 f   otsd:SimuEngine_util.obj
 0001:00028f70       _BdWGParam                 00429f70 f   otsd:SimuEngine_util.obj
 0001:000290e0       _BdANADisturb              0042a0e0 f   otsd:SimuEngine_util.obj
 0001:00029210       _GetAnaValueFromName       0042a210 f   otsd:SimuEngine_util.obj
 0001:000292d0       _GetSequenceIdByName       0042a2d0 f   otsd:SimuEngine_util.obj
 0001:00029350       _CvtArrayToStr             0042a350 f   otsd:ots_lib.obj
 0001:000293d0       _GetCurTimeStr             0042a3d0 f   otsd:ots_lib.obj
 0001:00029450       _tmtostring                0042a450 f   otsd:ots_lib.obj
 0001:000294c0       _WriteRec                  0042a4c0 f   otsd:ots_lib.obj
 0001:00029500       _ReadOtsDefFile            0042a500 f   otsd:ots_lib.obj
 0001:00029890       _GetCharBits               0042a890 f   otsd:ots_lib.obj
 0001:000298f0       _GetPointNumber            0042a8f0 f   otsd:ots_lib.obj
 0001:00029950       _SetPtScanEnable           0042a950 f   otsd:ots_lib.obj
 0001:00029a90       _SetAllPtScanEnable        0042aa90 f   otsd:ots_lib.obj
 0001:00029b80       _ReadDBByName              0042ab80 f   otsd:ots_lib.obj
 0001:00029e80       _BdPollingCmd              0042ae80 f   otsd:ots_lib.obj
 0001:00029f70       _GetYx                     0042af70 f   otsd:ots_lib.obj
 0001:0002a110       _GetYc                     0042b110 f   otsd:ots_lib.obj
 0001:0002a2b0       _SimulogDataLoad           0042b2b0 f   otsd:load_SimuEngine_rtdb.obj
 0001:0002b340       _FillDisturbScene          0042c340 f   otsd:load_SimuEngine_rtdb.obj
 0001:0002b400       _FillStepShowID            0042c400 f   otsd:load_SimuEngine_rtdb.obj
 0001:0002b540       _FillMdlWithParam          0042c540 f   otsd:load_SimuEngine_rtdb.obj
 0001:0002be80       _ReadSequenceID            0042ce80 f   otsd:load_SimuEngine_rtdb.obj
 0001:0002c050       _ReadSequenceDBIN          0042d050 f   otsd:load_SimuEngine_rtdb.obj
 0001:0002c2a0       _ReadSequenceAuto          0042d2a0 f   otsd:load_SimuEngine_rtdb.obj
 0001:0002c44c       _CreateThread@24           0042d44c f   kernel32:KERNEL32.dll
 0001:0002c452       _Beep@8                    0042d452 f   kernel32:KERNEL32.dll
 0001:0002c458       _Sleep@4                   0042d458 f   kernel32:KERNEL32.dll
 0001:0002c45e       _MapViewOfFile@20          0042d45e f   kernel32:KERNEL32.dll
 0001:0002c464       _GetLastError@0            0042d464 f   kernel32:KERNEL32.dll
 0001:0002c46a       _OpenFileMappingA@12       0042d46a f   kernel32:KERNEL32.dll
 0001:0002c470       _CreateFileMappingA@24     0042d470 f   kernel32:KERNEL32.dll
 0001:0002c476       _CloseHandle@4             0042d476 f   kernel32:KERNEL32.dll
 0001:0002c47c       _UnmapViewOfFile@4         0042d47c f   kernel32:KERNEL32.dll
 0001:0002c482       _CreateSemaphoreA@16       0042d482 f   kernel32:KERNEL32.dll
 0001:0002c488       _OpenSemaphoreA@12         0042d488 f   kernel32:KERNEL32.dll
 0001:0002c48e       _WaitForSingleObject@8     0042d48e f   kernel32:KERNEL32.dll
 0001:0002c494       _ReleaseSemaphore@12       0042d494 f   kernel32:KERNEL32.dll
 0001:0002c49a       _CreateFileA@28            0042d49a f   kernel32:KERNEL32.dll
 0001:0002c4a0       _CreateMutexA@12           0042d4a0 f   kernel32:KERNEL32.dll
 0001:0002c4a6       _ReleaseMutex@4            0042d4a6 f   kernel32:KERNEL32.dll
 0001:0002c4ac       _ReadFile@20               0042d4ac f   kernel32:KERNEL32.dll
 0001:0002c4b2       _CreateProcessA@40         0042d4b2 f   kernel32:KERNEL32.dll
 0001:0002c4b8       _CreatePipe@16             0042d4b8 f   kernel32:KERNEL32.dll
 0001:0002c4be       _GetStartupInfoA@4         0042d4be f   kernel32:KERNEL32.dll
 0001:0002c4c4       _GetVersionExA@4           0042d4c4 f   kernel32:KERNEL32.dll
 0001:0002c4ca       _GetFileSize@8             0042d4ca f   kernel32:KERNEL32.dll
 0001:0002c4d0       _GetLocalTime@4            0042d4d0 f   kernel32:KERNEL32.dll
 0001:0002c4d6       _DeviceIoControl@32        0042d4d6 f   kernel32:KERNEL32.dll
 0001:0002c4dc       _RegCloseKey@4             0042d4dc f   advapi32:ADVAPI32.dll
 0001:0002c4e2       _RegQueryValueExA@24       0042d4e2 f   advapi32:ADVAPI32.dll
 0001:0002c4e8       _RegEnumKeyExA@32          0042d4e8 f   advapi32:ADVAPI32.dll
 0001:0002c4ee       _RegOpenKeyExA@20          0042d4ee f   advapi32:ADVAPI32.dll
 0001:0002c500       _strcat                    0042d500 f   MSVCRTD:MSVCRTD.dll
 0001:0002c506       _strcpy                    0042d506 f   MSVCRTD:MSVCRTD.dll
 0001:0002c50c       _printf                    0042d50c f   MSVCRTD:MSVCRTD.dll
 0001:0002c512       _sprintf                   0042d512 f   MSVCRTD:MSVCRTD.dll
 0001:0002c518       _memset                    0042d518 f   MSVCRTD:MSVCRTD.dll
 0001:0002c51e       _memcpy                    0042d51e f   MSVCRTD:MSVCRTD.dll
 0001:0002c524       _localtime                 0042d524 f   MSVCRTD:MSVCRTD.dll
 0001:0002c52a       _strcmp                    0042d52a f   MSVCRTD:MSVCRTD.dll
 0001:0002c530       _fabs                      0042d530 f   MSVCRTD:MSVCRTD.dll
 0001:0002c536       _cos                       0042d536 f   MSVCRTD:MSVCRTD.dll
 0001:0002c53c       _sin                       0042d53c f   MSVCRTD:MSVCRTD.dll
 0001:0002c542       _exp                       0042d542 f   MSVCRTD:MSVCRTD.dll
 0001:0002c548       _sqrt                      0042d548 f   MSVCRTD:MSVCRTD.dll
 0001:0002c54e       _strstr                    0042d54e f   MSVCRTD:MSVCRTD.dll
 0001:0002c554       _atof                      0042d554 f   MSVCRTD:MSVCRTD.dll
 0001:0002c55a       _exit                      0042d55a f   MSVCRTD:MSVCRTD.dll
 0001:0002c560       _sscanf                    0042d560 f   MSVCRTD:MSVCRTD.dll
 0001:0002c566       _fprintf                   0042d566 f   MSVCRTD:MSVCRTD.dll
 0001:0002c56c       _strncmp                   0042d56c f   MSVCRTD:MSVCRTD.dll
 0001:0002c572       __ftol                     0042d572 f   MSVCRTD:MSVCRTD.dll
 0001:0002c578       _fclose                    0042d578 f   MSVCRTD:MSVCRTD.dll
 0001:0002c57e       _free                      0042d57e f   MSVCRTD:MSVCRTD.dll
 0001:0002c584       _time                      0042d584 f   MSVCRTD:MSVCRTD.dll
 0001:0002c590       _mainCRTStartup            0042d590 f   MSVCRTD:crtexe.obj
 0001:0002c6d8       _fscanf                    0042d6d8 f   MSVCRTD:MSVCRTD.dll
 0001:0002c6de       _fopen                     0042d6de f   MSVCRTD:MSVCRTD.dll
 0001:0002c6e4       _strlen                    0042d6e4 f   MSVCRTD:MSVCRTD.dll
 0001:0002c6ea       _fgets                     0042d6ea f   MSVCRTD:MSVCRTD.dll
 0001:0002c6f0       __chkesp                   0042d6f0 f   MSVCRTD:MSVCRTD.dll
 0001:0002c6f6       _strncpy                   0042d6f6 f   MSVCRTD:MSVCRTD.dll
 0001:0002c6fc       _vsprintf                  0042d6fc f   MSVCRTD:MSVCRTD.dll
 0001:0002c702       _strrchr                   0042d702 f   MSVCRTD:MSVCRTD.dll
 0001:0002c708       _mktime                    0042d708 f   MSVCRTD:MSVCRTD.dll
 0001:0002c70e       _rewind                    0042d70e f   MSVCRTD:MSVCRTD.dll
 0001:0002c720       __alloca_probe             0042d720 f   MSVCRTD:chkstk.obj
 0001:0002c720       __chkstk                   0042d720 f   MSVCRTD:chkstk.obj
 0001:0002c750       __isctype                  0042d750 f   MSVCRTD:MSVCRTD.dll
 0001:0002c756       _abs                       0042d756 f   MSVCRTD:MSVCRTD.dll
 0001:0002c75c       _fread                     0042d75c f   MSVCRTD:MSVCRTD.dll
 0001:0002c762       __strupr                   0042d762 f   MSVCRTD:MSVCRTD.dll
 0001:0002c762       _strupr                    0042d762 f   MSVCRTD:MSVCRTD.dll
 0001:0002c768       __exit                     0042d768 f   MSVCRTD:MSVCRTD.dll
 0001:0002c76e       __XcptFilter               0042d76e f   MSVCRTD:MSVCRTD.dll
 0001:0002c774       ___p___initenv             0042d774 f   MSVCRTD:MSVCRTD.dll
 0001:0002c77a       ___getmainargs             0042d77a f   MSVCRTD:MSVCRTD.dll
 0001:0002c780       __initterm                 0042d780 f   MSVCRTD:MSVCRTD.dll
 0001:0002c790       __setdefaultprecision      0042d790 f   MSVCRTD:fp8.obj
 0001:0002c7a8       ___setusermatherr          0042d7a8 f   MSVCRTD:MSVCRTD.dll
 0001:0002c7b0       __matherr                  0042d7b0 f   MSVCRTD:merr.obj
 0001:0002c7c0       __setargv                  0042d7c0 f   MSVCRTD:dllargv.obj
 0001:0002c7c6       ___p__commode              0042d7c6 f   MSVCRTD:MSVCRTD.dll
 0001:0002c7cc       ___p__fmode                0042d7cc f   MSVCRTD:MSVCRTD.dll
 0001:0002c7e0       __onexit                   0042d7e0 f   MSVCRTD:atonexit.obj
 0001:0002c820       _atexit                    0042d820 f   MSVCRTD:atonexit.obj
 0001:0002c838       ___set_app_type            0042d838 f   MSVCRTD:MSVCRTD.dll
 0001:0002c83e       __except_handler3          0042d83e f   MSVCRTD:MSVCRTD.dll
 0001:0002c844       __controlfp                0042d844 f   MSVCRTD:MSVCRTD.dll
 0001:0002c84a       ___dllonexit               0042d84a f   MSVCRTD:MSVCRTD.dll
 0001:0002c850       _gethostname@8             0042d850 f   wsock32:WSOCK32.dll
 0001:0002c856       _WSAStartup@8              0042d856 f   wsock32:WSOCK32.dll
 0001:0002c85c       _inet_addr@4               0042d85c f   wsock32:WSOCK32.dll
 0002:0000001c       ??_C@_04OAHI@Time?$AA@     0042e01c     get_coded_cmd.obj
 0002:00000024       ??_C@_06JDBI@Object?$AA@   0042e024     get_coded_cmd.obj
 0002:0000002c       ??_C@_0P@OHLE@Temp?5Character?$AA@ 0042e02c     get_coded_cmd.obj
 0002:0000003c       ??_C@_09IOKP@Parameter?$AA@ 0042e03c     get_coded_cmd.obj
 0002:00000048       ??_C@_05CFLF@Curve?$AA@    0042e048     get_coded_cmd.obj
 0002:00000050       ??_C@_0BA@INHL@Calcu?5Measurand?$AA@ 0042e050     get_coded_cmd.obj
 0002:00000060       ??_C@_0BC@JOHI@Output?5Indication?$AA@ 0042e060     get_coded_cmd.obj
 0002:00000074       ??_C@_0BB@EDBJ@Output?5Measurand?$AA@ 0042e074     get_coded_cmd.obj
 0002:00000088       ??_C@_0L@OCCN@Infomation?$AA@ 0042e088     get_coded_cmd.obj
 0002:00000094       ??_C@_0L@EFMM@Indication?$AA@ 0042e094     get_coded_cmd.obj
 0002:000000a0       ??_C@_03IJFE@SOE?$AA@      0042e0a0     get_coded_cmd.obj
 0002:000000a4       ??_C@_07JPPB@Impulse?$AA@  0042e0a4     get_coded_cmd.obj
 0002:000000ac       ??_C@_09PHHH@Measurand?$AA@ 0042e0ac     get_coded_cmd.obj
 0002:000000b8       ??_C@_06CEA@?J?$LB?$LM?d?$LF?c?$AA@ 0042e0b8     get_coded_cmd.obj
 0002:000000c0       ??_C@_08ENBB@?I?h?$LB?$LI?$LG?T?O?s?$AA@ 0042e0c0     get_coded_cmd.obj
 0002:000000cc       ??_C@_0L@IEMJ@?N?B?$LG?H?L?X?U?w?V?$LF?$AA@ 0042e0cc     get_coded_cmd.obj
 0002:000000d8       ??_C@_06NPKM@?U?$PL?$LG?$KI?V?$LF?$AA@ 0042e0d8     get_coded_cmd.obj
 0002:000000e0       ??_C@_06EFFB@?G?z?O?$NP?$LF?c?$AA@ 0042e0e0     get_coded_cmd.obj
 0002:000000e8       ??_C@_06MEEH@?$LM?F?K?c?A?$LP?$AA@ 0042e0e8     get_coded_cmd.obj
 0002:000000f0       ??_C@_0L@OFIL@?$LP?$KK?$LJ?X?J?d?$LD?v?A?$LP?$AA@ 0042e0f0     get_coded_cmd.obj
 0002:000000fc       ??_C@_0L@JIDP@?D?$KD?D?b?J?d?$LD?v?A?$LP?$AA@ 0042e0fc     get_coded_cmd.obj
 0002:00000108       ??_C@_0L@NGCP@?W?$NL?$LK?O?P?E?O?$KC?A?$LP?$AA@ 0042e108     get_coded_cmd.obj
 0002:00000114       ??_C@_0L@PBII@?I?$KI?$LC?i?$LP?$KK?H?k?A?$LP?$AA@ 0042e114     get_coded_cmd.obj
 0002:00000120       ??_C@_0L@CEEP@?V?P?$LG?O?$LP?$KK?H?k?A?$LP?$AA@ 0042e120     get_coded_cmd.obj
 0002:0000012c       ??_C@_06PJHH@?B?v?$LD?e?A?$LP?$AA@ 0042e12c     get_coded_cmd.obj
 0002:00000134       ??_C@_06EADP@?D?$KD?D?b?A?$LP?$AA@ 0042e134     get_coded_cmd.obj
 0002:0000013c       ??_C@_03BKGA@TME?$AA@      0042e13c     get_coded_cmd.obj
 0002:00000140       ??_C@_03IINI@OBJ?$AA@      0042e140     get_coded_cmd.obj
 0002:00000144       ??_C@_03GDDH@CHA?$AA@      0042e144     get_coded_cmd.obj
 0002:00000148       ??_C@_03OJHM@PAM?$AA@      0042e148     get_coded_cmd.obj
 0002:0000014c       ??_C@_03KGAD@CUR?$AA@      0042e14c     get_coded_cmd.obj
 0002:00000150       ??_C@_03JELK@CAL?$AA@      0042e150     get_coded_cmd.obj
 0002:00000154       ??_C@_03NEHL@OUS?$AA@      0042e154     get_coded_cmd.obj
 0002:00000158       ??_C@_03CICF@OUA?$AA@      0042e158     get_coded_cmd.obj
 0002:0000015c       ??_C@_03MCAA@SYS?$AA@      0042e15c     get_coded_cmd.obj
 0002:00000160       ??_C@_03IBEA@POL?$AA@      0042e160     get_coded_cmd.obj
 0002:00000164       ??_C@_03IJOL@INT?$AA@      0042e164     get_coded_cmd.obj
 0002:00000168       ??_C@_03BIEI@IMP?$AA@      0042e168     get_coded_cmd.obj
 0002:0000016c       ??_C@_03LAOF@ANA?$AA@      0042e16c     get_coded_cmd.obj
 0002:00000170       ??_C@_00A@?$AA@            0042e170     get_coded_cmd.obj
 0002:00000174       ??_C@_0BO@DCFK@?5?$CFs?5is?5not?5found?5in?5database?4?$AA@ 0042e174     get_coded_cmd.obj
 0002:00000194       ??_C@_05OGKG@?$CFs?4?$CFs?$AA@ 0042e194     get_coded_cmd.obj
 0002:0000019c       ??_C@_0CM@CIJF@get_coded_cmd?4c?5CmdProcess?5retur@ 0042e19c     get_coded_cmd.obj
 0002:000001c8       ??_C@_0CK@EJDG@get_coded_cmd?4c?5?5CmdProcess?5retu@ 0042e1c8     get_coded_cmd.obj
 0002:000001f4       ??_C@_0BF@JAP@BS?4BS_F1?4ANA?4WG_MVAR?$AA@ 0042e1f4     get_coded_cmd.obj
 0002:0000020c       ??_C@_0CB@OMIM@in?5CheckCmdBuffer?3?5cmd_name?$DN?$CFs?4?6@ 0042e20c     get_coded_cmd.obj
 0002:00000230       ??_C@_0BH@MPOF@?$LH?B?U?f?M?$KD?V?$LJ?$KD?$KM?C?$PM?A?n?N?$NO?$LH?$KI?O?B?$LE?o?$AA@ 0042e230     get_coded_cmd.obj
 0002:00000248       ??_C@_0CJ@HBFI@Err?3?5can?5not?5find?5?$CFs?5in?5sequence@ 0042e248     get_coded_cmd.obj
 0002:00000274       ??_C@_0BF@DOLB@Err?3?5recved?5?5?$CFs?5cmd?6?$AA@ 0042e274     get_coded_cmd.obj
 0002:0000028c       ??_C@_0BF@GHBE@?$CFd?4?$CFd?4?$CFd?4?$CFd?4?$CFd?4?$CFd?4?$CFd?$AA@ 0042e28c     get_coded_cmd.obj
 0002:000002a4       ??_C@_0CH@HHI@cmd_type?$DN?$CFd?5not?5processsed?5by?5si@ 0042e2a4     get_coded_cmd.obj
 0002:000002d0       __real@8@4008fa00000000000000 0042e2d0     get_coded_cmd.obj
 0002:000002d8       ??_C@_0CH@NANH@?6in?5GetNLF_IdByName?3?5?$CFs?5is?5not?5f@ 0042e2d8     model_proc.obj
 0002:00000300       __real@8@00000000000000000000 0042e300     model_proc.obj
 0002:00000308       ??_C@_0DA@EBCG@This?5point?5is?5not?5Found?5in?5the?5d@ 0042e308     model_proc.obj
 0002:00000338       __real@8@3fff8000000000000000 0042e338     model_proc.obj
 0002:00000340       __real@8@40008000000000000000 0042e340     model_proc.obj
 0002:00000348       __real@8@40018000000000000000 0042e348     model_proc.obj
 0002:00000350       ??_C@_0CM@EJNB@NLF?5Function?5is?5not?5found?5in?5the@ 0042e350     model_proc.obj
 0002:0000037c       ??_C@_0CA@NGGB@?$CFs?5point?5is?5not?5analog?5entry?5?$CB?6?$AA@ 0042e37c     model_proc.obj
 0002:0000039c       ??_C@_0CO@EJBK@?$CFs?5point?5is?5not?5found?5in?5the?5dat@ 0042e39c     model_proc.obj
 0002:000003cc       ??_C@_01PJCK@?4?$AA@       0042e3cc     model_proc.obj
 0002:000003d0       ??_C@_0CH@EFAO@in?5GetModelIdByName?3?5?$CFs?5is?5not?5f@ 0042e3d0     model_proc.obj
 0002:000003f8       ??_C@_0BJ@DOAJ@?6?7Active?5Model?5Name?3?7?$CFs?6?$AA@ 0042e3f8     model_proc.obj
 0002:00000414       ??_C@_0DD@EMCC@This?5point?5?$CFs?5is?5not?5Found?5in?5th@ 0042e414     model_proc.obj
 0002:00000448       ??_C@_0P@KAHM@Stop?5Model?5?$CFs?6?$AA@ 0042e448     model_proc.obj
 0002:00000458       ??_C@_03HKPM@?$DN?$CFx?$AA@ 0042e458     read_recv_buf.obj
 0002:0000045c       ??_C@_0L@KBPP@?6id?$DN?$CF02d?3?5?$AA@ 0042e45c     read_recv_buf.obj
 0002:00000468       ??_C@_0BI@ILLN@after?5LAN_ReadPtrInit?4?6?$AA@ 0042e468     SimuEngine.obj
 0002:00000480       ??_C@_0BJ@BMFE@before?5LAN_ReadPtrInit?4?6?$AA@ 0042e480     SimuEngine.obj
 0002:0000049c       ??_C@_06IBFK@?9debug?$AA@  0042e49c     SimuEngine.obj
 0002:000004a4       ??_C@_0DI@IAGN@trend_data_rec?3?5RealCurve?3?3?5?5Lin@ 0042e4a4     SimuEngine.obj
 0002:000004dc       ??_C@_0BI@FOLL@Fail?5to?5?5Real?5curve?5shm?$AA@ 0042e4dc     SimuEngine.obj
 0002:000004f4       ??_C@_0BE@EFLB@simulog?4dat?5error?$CB?6?$AA@ 0042e4f4     SimuEngine.obj
 0002:00000508       ??_C@_0CD@KEB@call?5MountDB?$CIDATABASE_NAME?$CJ?5erro@ 0042e508     SimuEngine.obj
 0002:0000052c       ??_C@_0BA@MGE@Simulog?5Start?4?6?$AA@ 0042e52c     SimuEngine.obj
 0002:0000053c       ??_C@_0CE@FHGL@?$DN?$DN?$DN?$DN?5simulog?3?5Create?5thread?5fail@ 0042e53c     SimuEngine.obj
 0002:00000560       ??_C@_0CO@NMIH@?$DN?$DN?$DN?$DN?5simulog?3?5Create?5mdl?5thread?5@ 0042e560     SimuEngine.obj
 0002:00000590       ??_C@_0DA@LIJN@?$DN?$DN?$DN?$DN?5simulog?3?5Create?5seq?5logical@ 0042e590     SimuEngine.obj
 0002:000005c0       ??_C@_0DG@CALI@?$DN?$DN?$DN?$DN?5simulog?3?5Create?5seq?5logical@ 0042e5c0     SimuEngine.obj
 0002:000005f8       ??_C@_0CI@GDBC@?$DN?$DN?$DN?$DN?5simulog?3?5Create?5seq?5thread?5@ 0042e5f8     SimuEngine.obj
 0002:00000620       ??_C@_0CO@CFGB@?$DN?$DN?$DN?$DN?5simulog?3?5Create?5seq?5thread?5@ 0042e620     SimuEngine.obj
 0002:00000650       ??_C@_0CH@HJLG@in?5GetSceneIdByName?3?5?$CFs?5is?5not?5f@ 0042e650     SimuEngine.obj
 0002:00000678       ??_C@_0BF@GBCM@BS?4BS_SYS?4SYS?4BY_061?$AA@ 0042e678     SimuEngine.obj
 0002:00000690       ??_C@_0DE@NJJA@in?5Scene?3?5id?$DN?$CFd?5name?$DN?5?$CFs?5is?5not?5@ 0042e690     SimuEngine.obj
 0002:000006c4       ??_C@_02JBAA@?$CFf?$AA@    0042e6c4     SimuEngine.obj
 0002:000006c8       ??_C@_0CO@OONL@?7?$CK?$CK?$CK?7?$FL?5step?5?$CFd?5?$FN?5condition?5is?5no@ 0042e6c8     SimuEngine.obj
 0002:000006f8       ??_C@_0DD@LNEL@sq?5?$CFs?5not?5satisfied?5in?5step?3?5?$CFd?5@ 0042e6f8     SimuEngine.obj
 0002:0000072c       ??_C@_0DI@LHMP@sq?5?$CFs?5not?5satisfied?5in?5step?3?5?$CFd?5@ 0042e72c     SimuEngine.obj
 0002:00000764       ??_C@_0BL@IPBN@in?5GoOneStep?3?5?$CFs?5in?5ELSE?3?6?$AA@ 0042e764     SimuEngine.obj
 0002:00000780       ??_C@_0DP@LLED@in?5set?5TIMER?5Process?$CK?$CK?$CK?$CK?$CK?$CK?5?$CFs?5?$CK?$CK@ 0042e780     SimuEngine.obj
 0002:000007c0       ??_C@_0CO@ODNM@WAIT_FOR?5XX?3?5sq?5?$CFs?5?$CFd?5wait?5in?5st@ 0042e7c0     SimuEngine.obj
 0002:000007f0       ??_C@_0EJ@MNMP@in?5STOP_MODEL?$CK?$CK?$CK?$CK?$CK?$CK?5seq?5?$CFs?3?5?5ste@ 0042e7f0     SimuEngine.obj
 0002:0000083c       ??_C@_0DL@GLFA@in?5STOP_SEQUENCE?0?5?$CFs?$CK?$CK?$CK?$CK?$CK?$CK?$CK?$CK?$CK?$CK?$CK?$CK@ 0042e83c     SimuEngine.obj
 0002:00000878       ??_C@_0DD@KJAJ@?$CK?$CK?$CK?$CKbegin?5ActivateModelByName?3?$CFs@ 0042e878     SimuEngine.obj
 0002:000008ac       ??_C@_0DB@HEHK@?$CD?$CD?$CD?$CD?$CD?$CD?$CD?$CD?$CD?$CD?$CD?$CD?$CD?$CDChange?5Met?5sq?5name@ 0042e8ac     SimuEngine.obj
 0002:000008e0       ??_C@_0EF@PMHE@?$CD?$CD?$CD?$CD?$CD?$CD?$CD?$CD?$CD?$CD?$CD?$CD?$CD?$CDChange?5Met?5because@ 0042e8e0     SimuEngine.obj
 0002:00000928       ??_C@_0CI@MBJE@Err?3?5?$CFs?5isn?8t?5an?5ANALOG?5type?5var@ 0042e928     SimuEngine.obj
 0002:00000950       ??_C@_0DC@BDOB@?7in?5GoOneStep?3?5?$CFs?5isn?8t?5an?5ON_OF@ 0042e950     SimuEngine.obj
 0002:00000984       ??_C@_0DD@ODKE@sq?5name?5?$DN?$CFs?0?5step?5?$DN?$CFs?0?5entryname@ 0042e984     SimuEngine.obj
 0002:000009b8       ??_C@_0DH@LCFN@?6in?5GoOneStep?3?5?$FL?5entry?5?$CFd?5?$FN?5is?5n@ 0042e9b8     SimuEngine.obj
 0002:000009f0       ??_C@_0CH@IMAL@err?3?5sequence?5entry?5param?5def?5no@ 0042e9f0     SimuEngine.obj
 0002:00000a18       ??_C@_05DHIH@PARAM?$AA@    0042ea18     SimuEngine.obj
 0002:00000a20       __real@8@3ffba3d70a3d70a3d800 0042ea20     SimuEngine.obj
 0002:00000a28       ??_C@_0DK@LNML@time_cnt?3?$CF10?42f?7step_time?3?$CF10?42f@ 0042ea28     SimuEngine.obj
 0002:00000a64       __real@4@4008fa00000000000000 0042ea64     SimuEngine.obj
 0002:00000a68       __real@4@00000000000000000000 0042ea68     SimuEngine.obj
 0002:00000a6c       ??_C@_0EB@GAEL@in?5SequenceInitialize?3?5id?$DN?$CFd?5nam@ 0042ea6c     SimuEngine.obj
 0002:00000ab0       ??_C@_0BE@ELPA@Active?5Sequence?5?$CFs?6?$AA@ 0042eab0     SimuEngine.obj
 0002:00000ac4       ??_C@_04BAK@NULL?$AA@      0042eac4     SimuEngine.obj
 0002:00000acc       ??_C@_0CE@KGDN@in?5StopSequenceByName?3?5sq_name?$DN?5@ 0042eacc     SimuEngine.obj
 0002:00000af0       ??_C@_0BK@HCGP@can?8t?5get?5sequence?5id?5?$CFs?6?$AA@ 0042eaf0     SimuEngine.obj
 0002:00000b10       __real@8@4004f000000000000000 0042eb10     SimuEngine.obj
 0002:00000b18       __real@4@4005a000000000000000 0042eb18     SimuEngine.obj
 0002:00000b1c       ??_C@_0CE@JMKJ@?$CD?$CD?$CD?$CD?$CD?$CD?$CD?$CD?$CD?$CD?$CD?$CD?$CD?$CD?$CD?5model?5main?3?5k?5?$DN?5@ 0042eb1c     SimuEngine.obj
 0002:00000b40       __real@4@4006c800000000000000 0042eb40     SimuEngine.obj
 0002:00000b44       ??_C@_0CK@PFJF@?$CD?$CD?$CD?$CD?$CD?$CD?$CD?$CD?$CD?$CD?$CD?$CD?$CD?$CD?$CD?5seq?5logical?5main@ 0042eb44     SimuEngine.obj
 0002:00000b70       ??_C@_0CF@EHPC@?$CD?$CD?$CD?$CD?$CD?$CD?$CD?$CD?$CD?$CD?$CD?$CD?$CD?$CD?$CD?5first_time_run?5?$DN@ 0042eb70     SimuEngine.obj
 0002:00000b98       __real@8@400bccd8000000000000 0042eb98     SimuEngine.obj
 0002:00000ba0       ??_C@_0BD@JFIN@resume?5simulog?4?4?4?6?$AA@ 0042eba0     SimuEngine.obj
 0002:00000bb4       ??_C@_0BC@NNME@pause?5simulog?4?4?4?6?$AA@ 0042ebb4     SimuEngine.obj
 0002:00000bc8       ??_C@_0BM@JOAJ@?$CD?$CD?$CD?$CD?$CD?$CD?$CD?$CD?$CD?$CD?$CD?$CD?$CD?$CD?$CDrunflag?$DN?$CFd?5?6?$AA@ 0042ebc8     SimuEngine.obj
 0002:00000be4       ??_C@_0BM@MDEB@?$CD?$CD?$CD?$CD?$CD?$CD?$CD?$CD?$CD?$CD?$CD?$CD?$CD?$CD?$CDchg_any?$DN?$CFd?5?6?$AA@ 0042ebe4     SimuEngine.obj
 0002:00000c00       __real@4@40028000000000000000 0042ec00     SimuEngine.obj
 0002:00000c04       ??_C@_0CC@DDLG@?$CD?$CD?$CD?$CD?$CD?$CD?$CD?$CD?$CD?$CD?$CD?$CD?$CD?$CD?$CD?5seq?5main?3?5j?5?$DN?5?$CFd@ 0042ec04     SimuEngine.obj
 0002:00000c28       ??_C@_0BB@KED@stop?5simulog?4?4?4?6?$AA@ 0042ec28     SimuEngine.obj
 0002:00000c3c       ??_C@_0CH@GKPP@group?$DN?$CFd?5?5entry?$DN?$CFd?5?$CFs?5not?5find?5i@ 0042ec3c     SimuEngine.obj
 0002:00000c64       ??_C@_0CP@DOLI@time_cnt?3?$CF10?42f?7step_time?3?$CF10?42f@ 0042ec64     SimuEngine.obj
 0002:00000c94       ??_C@_0CH@DBHC@in?5SetTimerByID?3?5timer_id?$DN?5?$CFd?7rt@ 0042ec94     timer_task.obj
 0002:00000cbc       ??_C@_0BP@GMGG@in?5SetTimerByID?3?5timer_id?$DN?5?$CFd?6?$AA@ 0042ecbc     timer_task.obj
 0002:00000cdc       ??_C@_0CD@NFDC@in?5ActivateTimedTask?5?$CImodel?$CJ?3?5?$CFs@ 0042ecdc     timer_task.obj
 0002:00000d00       ??_C@_0CG@IAKN@in?5ActivateTimedTask?5?$CISequence?$CJ?3@ 0042ed00     timer_task.obj
 0002:00000d28       ??_C@_05EKLJ@NETB_?$AA@    0042ed28     lan:commonlib.obj
 0002:00000d30       ??_C@_05HBEG@NETA_?$AA@    0042ed30     lan:commonlib.obj
 0002:00000d38       ??_C@_0CD@HFGG@lanlib?3?5plc?5?$CFd?4?$CFd?5ipnum?5?$DN?$CFd?5erro@ 0042ed38     lan:commonlib.obj
 0002:00000d5c       ??_C@_03JGPL@RTP?$AA@      0042ed5c     lan:commonlib.obj
 0002:00000d60       ??_C@_0BO@JAKK@GetEmsConfig?$CI?$CJ?3stnId?5?$DN?$CFd?5err?6?$AA@ 0042ed60     lan:commonlib.obj
 0002:00000d80       ??_C@_09FCOK@127?40?40?41?$AA@ 0042ed80     lan:commonlib.obj
 0002:00000d8c       ??_C@_0BO@CPLF@error?3?5Get?5Brdcst?5Ip?5failed?5?6?$AA@ 0042ed8c     lan:commonlib.obj
 0002:00000dac       ??_C@_0CA@CDGM@error?3?5CtrlNetNum?5?$DN?$CFd?5invalid?5?6?$AA@ 0042edac     lan:commonlib.obj
 0002:00000dcc       ??_C@_0BP@ONIM@error?3?5SysNetNum?5?$DN?$CFd?5invalid?5?6?$AA@ 0042edcc     lan:commonlib.obj
 0002:00000dec       ??_C@_0CK@MMKE@ClearCommShm?$CI?$CJ?3?5WaitforSem?5retur@ 0042edec     lan:commonlib.obj
 0002:00000e18       ??_C@_0BL@MCLJ@ClearCommShm?$CI?$CJ?3id?5?$DN?$CFd?5err?6?$AA@ 0042ee18     lan:commonlib.obj
 0002:00000e34       ??_C@_03PIHE@END?$AA@      0042ee34     lan:commonlib.obj
 0002:00000e38       ??_C@_0L@DNMF@SIMUSERVER?$AA@ 0042ee38     lan:commonlib.obj
 0002:00000e44       ??_C@_0BE@CBJM@HOSTADDRESSFORMYSQL?$AA@ 0042ee44     lan:commonlib.obj
 0002:00000e58       ??_C@_09FEFL@IPWITHCPU?$AA@ 0042ee58     lan:commonlib.obj
 0002:00000e64       ??_C@_07GMAC@GRP_BRD?$AA@  0042ee64     lan:commonlib.obj
 0002:00000e6c       ??_C@_08LDID@SIMUMODE?$AA@ 0042ee6c     lan:commonlib.obj
 0002:00000e78       ??_C@_08DDNJ@SYNCTIME?$AA@ 0042ee78     lan:commonlib.obj
 0002:00000e84       ??_C@_08BNKE@WROFFSET?$AA@ 0042ee84     lan:commonlib.obj
 0002:00000e90       ??_C@_06GGLP@WRCOND?$AA@   0042ee90     lan:commonlib.obj
 0002:00000e98       ??_C@_09PBCP@WRANYHOST?$AA@ 0042ee98     lan:commonlib.obj
 0002:00000ea4       ??_C@_02MECO@?$CFd?$AA@    0042eea4     lan:commonlib.obj
 0002:00000ea8       ??_C@_0M@NNJ@UPDATEFIRST?$AA@ 0042eea8     lan:commonlib.obj
 0002:00000eb4       ??_C@_03FEDM@SID?$AA@      0042eeb4     lan:commonlib.obj
 0002:00000eb8       ??_C@_05JBBL@BEGIN?$AA@    0042eeb8     lan:commonlib.obj
 0002:00000ec0       ??_C@_02DILL@?$CFs?$AA@    0042eec0     lan:commonlib.obj
 0002:00000ec4       ??_C@_0CD@DONG@?$DN?$DN?$DN?$DN?5can?8t?5open?5?$CIw?$CJ?5the?5file?5?$CFs?$CB@ 0042eec4     lan:commonlib.obj
 0002:00000ee8       ??_C@_01LHO@r?$AA@         0042eee8     lan:commonlib.obj
 0002:00000eec       ??_C@_05JEDD@HISTA?$AA@    0042eeec     lan:commonlib.obj
 0002:00000ef4       ??_C@_0CC@FOJN@?1home?1ems?1h9000?1def?1appconfig?4de@ 0042eef4     lan:commonlib.obj
 0002:00000f18       ??_C@_0DG@FIEF@?6commonlib?4c?3?3?$CFs?5No?5this?5point?5i@ 0042ef18     lan:commonlib.obj
 0002:00000f50       ??_C@_0BA@ELFG@?4SYS?4NET_WK_STA?$AA@ 0042ef50     lan:commonlib.obj
 0002:00000f60       ??_C@_0CE@PKE@?6rdb?4c?3?3?5Rdb_net?5devid?5?$DN?$CFd?5?5erro@ 0042ef60     lan:commonlib.obj
 0002:00000f84       ??_C@_0BA@CCEL@?4SYS?4CPU_WK_STA?$AA@ 0042ef84     lan:commonlib.obj
 0002:00000f94       ??_C@_0CK@IIEB@?6commonlib?4c?3?3?5rdb_cpu?5devid?5?$DN?$CFd@ 0042ef94     lan:commonlib.obj
 0002:00000fc0       ??_C@_0BO@GECG@No?5this?5point?5?$CFs?5in?5database?6?$AA@ 0042efc0     lan:commonlib.obj
 0002:00000fe0       ??_C@_0BL@LJDO@No?5this?5point?5in?5database?6?$AA@ 0042efe0     lan:commonlib.obj
 0002:00000ffc       ??_C@_0CG@EFHJ@BdcastMsg?3?3?5pt?5?$CFd?4?$CFd?4?$CFd?4?$CFd?5statu@ 0042effc     lan:commonlib.obj
 0002:00001024       ??_C@_0CD@LKGA@BdcastQlt?3?3?5pt?5?$CFd?4?$CFd?4?$CFd?4?$CFd?5qlt?$DN?$CF@ 0042f024     lan:commonlib.obj
 0002:00001048       ??_C@_0CG@LHLN@BdcastQltObj?3?3?5pt?5?$CFd?4?$CFd?4?$CFd?4?$CFd?5ql@ 0042f048     lan:commonlib.obj
 0002:00001070       ??_C@_0CC@CHCL@BdOBJ?3?3?5pt?5?$CFd?4?$CFd?4?$CFd?4?$CFd?5status?$DN?$CFd@ 0042f070     lan:commonlib.obj
 0002:00001094       ??_C@_0CC@KMMN@BdIND?3?3?5pt?5?$CFd?4?$CFd?4?$CFd?4?$CFd?5status?$DN?$CFd@ 0042f094     lan:commonlib.obj
 0002:000010b8       ??_C@_0BB@GDOI@WrANA?5?$CFs?5?$DN?5?$CF?43f?6?$AA@ 0042f0b8     lan:commonlib.obj
 0002:000010d0       __real@8@bff583126e978d4fe000 0042f0d0     lan:commonlib.obj
 0002:000010d8       __real@8@3ff583126e978d4fe000 0042f0d8     lan:commonlib.obj
 0002:000010e0       ??_C@_0CJ@IFNO@?6in?5WrAna?3?5?$CFs?5is?5not?5found?5in?5da@ 0042f0e0     lan:commonlib.obj
 0002:0000110c       ??_C@_0CJ@MLKK@?6in?5WrInd?3?5?$CFs?5is?5not?5found?5in?5da@ 0042f10c     lan:commonlib.obj
 0002:00001138       ??_C@_0BO@DADI@BdINDByName?3?5pt?5?$CFs?5not?5found?6?$AA@ 0042f138     lan:commonlib.obj
 0002:00001158       ??_C@_0BO@BAL@BdANAByName?3?5pt?5?$CFs?5not?5found?6?$AA@ 0042f158     lan:commonlib.obj
 0002:00001178       ??_C@_06LDDL@SYSTEM?$AA@   0042f178     lan:commonlib.obj
 0002:00001180       ??_C@_08CBN@?$CFs?4?$CFs?4?$CFs?$AA@ 0042f180     lan:commonlib.obj
 0002:0000118c       ??_C@_0P@IFJP@SYS?4NET_WK_STA?$AA@ 0042f18c     lan:commonlib.obj
 0002:0000119c       ??_C@_0P@OMIC@SYS?4CPU_WK_STA?$AA@ 0042f19c     lan:commonlib.obj
 0002:000011ac       ??_C@_0BD@FMPE@?4SYS?4LCU_ONOFF_STA?$AA@ 0042f1ac     lan:commonlib.obj
 0002:000011c0       ??_C@_0O@HPBB@?4SYS?4LINK_STA?$AA@ 0042f1c0     lan:commonlib.obj
 0002:000011d0       ??_C@_0O@IBC@?4SYS?4SCAN_STA?$AA@ 0042f1d0     lan:commonlib.obj
 0002:000011e0       ??_C@_0CA@FHIK@BdScanHost?$CI?$CJ?3?5srcid?5?$DN?$CFd?5invalid?$AA@ 0042f1e0     lan:commonlib.obj
 0002:00001200       ??_C@_0P@LBLL@?4SYS?4SCAN_HOST?$AA@ 0042f200     lan:commonlib.obj
 0002:00001210       ??_C@_0N@NMJM@SYS?4CPUB_STA?$AA@ 0042f210     lan:commonlib.obj
 0002:00001220       ??_C@_0N@DMPD@SYS?4CPUA_STA?$AA@ 0042f220     lan:commonlib.obj
 0002:00001230       ??_C@_0CE@KJOJ@WriteScanHost?$CI?$CJ?3?5hostid?5?$DN?$CFd?5inva@ 0042f230     lan:commonlib.obj
 0002:00001254       ??_C@_0CC@LFPE@BdPlcMonHost?$CI?$CJ?3?5srcid?5?$DN?$CFd?5invali@ 0042f254     lan:commonlib.obj
 0002:00001278       ??_C@_0BC@PPPB@?4SYS?4LCU_MON_HOST?$AA@ 0042f278     lan:commonlib.obj
 0002:0000128c       ??_C@_0P@CFOP@?4SYS?4HISTA_STA?$AA@ 0042f28c     lan:commonlib.obj
 0002:0000129c       ??_C@_0CG@NCGL@commonlib?4c?3?5sms?5length?5?$DN?$CFd?5inva@ 0042f29c     lan:commonlib.obj
 0002:000012c4       ??_C@_0DA@2commonlib?4c?3?5sms?5length?5?$DN?$CFd?5too?5@ 0042f2c4     lan:commonlib.obj
 0002:000012f4       ??_C@_0CH@LDCL@signal?5INT?5or?5TRRM?5or?5KILL?5?9?9?0ex@ 0042f2f4     lan:commonlib.obj
 0002:0000131c       ??_C@_03IHMC@?$CFd?3?$AA@  0042f31c     lan:commonlib.obj
 0002:00001320       ??_C@_03CPCE@?$CFd?5?$AA@  0042f320     lan:commonlib.obj
 0002:00001324       ??_C@_03HLFH@?$CFd?9?$AA@  0042f324     lan:commonlib.obj
 0002:00001328       ??_C@_0P@JHCN@?$CFs?5?$CFs?5?$CFs?5?$CFs?5?$CFs?$AA@ 0042f328     lan:commonlib.obj
 0002:00001338       ??_C@_01FIMD@?$FN?$AA@     0042f338     lan:commonlib.obj
 0002:0000133c       ??_C@_01KHLB@?$FL?$AA@     0042f33c     lan:commonlib.obj
 0002:00001340       ??_C@_0CD@KNPF@?1home?1ems?1h9000?1def?1ipc_config?4d@ 0042f340     lan:commonlib.obj
 0002:00001364       ??_C@_07JFPH@?9errlog?$AA@ 0042f364     lan:commonlib.obj
 0002:0000136c       ??_C@_0BN@LHK@?6WSAStartup?3?3?5?$CFd?5is?5the?5err?6?$AA@ 0042f36c     lan:lanlib.obj
 0002:0000138c       ??_C@_0CF@HFHD@lanlib?4c?3?5call?5GetEmsConfig?$CI?$CJ?5er@ 0042f38c     lan:lanlib.obj
 0002:000013b4       ??_C@_0CP@LHIE@lan_out?$CI?$CJ?3?5WaitforSem?5return?5?91?5@ 0042f3b4     lan:lanlib.obj
 0002:000013e4       ??_C@_02EMOB@AB?$AA@       0042f3e4     lan:lanlib.obj
 0002:000013e8       ??_C@_07IICE@PREMIUM?$AA@  0042f3e8     lan:lanlib.obj
 0002:000013f0       ??_C@_07KCB@QUANTUM?$AA@   0042f3f0     lan:lanlib.obj
 0002:000013f8       ??_C@_07IMCO@SIEMENS?$AA@  0042f3f8     lan:lanlib.obj
 0002:00001400       ??_C@_02GOPL@GE?$AA@       0042f400     lan:lanlib.obj
 0002:00001404       ??_C@_0CO@JNFK@lanlib?4c?5?3?5call?5GetPlcTypeStr?$CI?$CFd@ 0042f404     lan:lanlib.obj
 0002:00001434       ??_C@_0BI@NCKK@head?5length?$DN?$CFd?5?5error?5?6?$AA@ 0042f434     lan:lanlib.obj
 0002:0000144c       ??_C@_0BJ@BHA@InitPlcDataShm?$CI?$CJfailed?$CB?6?$AA@ 0042f44c     lan:lanlib.obj
 0002:00001468       ??_C@_0DK@KNBO@InitPlcDataShm?$CI?$CJfailed?$CB?0the?5lcu?5@ 0042f468     lan:lanlib.obj
 0002:000014a4       ??_C@_0DI@PEBL@InitPlcDataShm?$CI?$CJ?3?5call?5GetGroupN@ 0042f4a4     lan:lanlib.obj
 0002:000014dc       ??_C@_0CM@PMEK@InitPlcDataShm?$CI?$CJ?3?5call?5GetStatio@ 0042f4dc     lan:lanlib.obj
 0002:00001508       ??_C@_0DL@EEKI@InitPlcDataShm?$CI?$CJ?3?5error?0shm_plc_@ 0042f508     lan:lanlib.obj
 0002:00001544       ??_C@_0DC@FBMK@?6lan_lib?4c?3?3Error?5in?5?5MapViewFil@ 0042f544     lan:lanlib.obj
 0002:00001578       ??_C@_0DG@HHK@?6lan_lib?4c?3?3Error?5in?5?5OpenFileMa@ 0042f578     lan:lanlib.obj
 0002:000015b0       ??_C@_0DB@LBLK@?6lan_lib?4c?3?3Error?5in?5?5MapViewFil@ 0042f5b0     lan:lanlib.obj
 0002:000015e4       ??_C@_0DF@MEDO@?6lan_lib?4c?3?3Error?5in?5?5OpenFileMa@ 0042f5e4     lan:lanlib.obj
 0002:0000161c       ??_C@_0DD@MHKE@?6lan_lib?4c?3?3Error?5in?5?5MapViewFil@ 0042f61c     lan:lanlib.obj
 0002:00001650       ??_C@_0DG@BMBL@?6lan_lib?4c?3?3Error?5in?5?5OpenFileMa@ 0042f650     lan:lanlib.obj
 0002:00001688       ??_C@_0DD@MEIF@?6lan_lib?4c?3?3Error?5in?5?5MapViewFil@ 0042f688     lan:lanlib.obj
 0002:000016bc       ??_C@_0DG@DNAJ@?6lan_lib?4c?3?3Error?5in?5?5OpenFileMa@ 0042f6bc     lan:lanlib.obj
 0002:000016f4       ??_C@_0M@NNFA@SHM_NAME_?$CFc?$AA@ 0042f6f4     lan:lanlib.obj
 0002:00001700       ??_C@_0DE@NGIL@?6get_lcu_shm?3?3Error?5MapViewOfFil@ 0042f700     lan:lanlib.obj
 0002:00001734       ??_C@_0DG@BEPD@?6get_lcu_shm?3?3Error?5OpenFileMapp@ 0042f734     lan:lanlib.obj
 0002:0000176c       ??_C@_0DD@GIKI@?6get_lcu_shm?3?3Error?5MapViewOfFil@ 0042f76c     lan:lanlib.obj
 0002:000017a0       ??_C@_0DF@BADO@?6get_lcu_shm?3?3Error?5OpenFileMapp@ 0042f7a0     lan:lanlib.obj
 0002:000017d8       ??_C@_0DE@JOLH@?6get_lcu_shm?3?3Error?5MapViewOfFil@ 0042f7d8     lan:lanlib.obj
 0002:0000180c       ??_C@_0DG@FMMP@?6get_lcu_shm?3?3Error?5OpenFileMapp@ 0042f80c     lan:lanlib.obj
 0002:00001844       ??_C@_0DE@IJLK@?6get_rec_shm?3?3Error?5MapViewOfFil@ 0042f844     lan:lanlib.obj
 0002:00001878       ??_C@_0DB@HMAB@?6get_rec_shm?3?3Error?5OpenFileMapp@ 0042f878     lan:lanlib.obj
 0002:000018ac       ??_C@_0DE@CJN@?6get_hdb_shm?3?3Error?5MapViewOfFil@ 0042f8ac     lan:lanlib.obj
 0002:000018e0       ??_C@_0DB@LBP@?6get_hdb_shm?3?3Error?5OpenFileMapp@ 0042f8e0     lan:lanlib.obj
 0002:00001914       ??_C@_0DE@DBGF@?6get_ots_shm?3?3Error?5MapViewOfFil@ 0042f914     lan:lanlib.obj
 0002:00001948       ??_C@_0DB@DOLC@?6get_ots_shm?3?3Error?5OpenFileMapp@ 0042f948     lan:lanlib.obj
 0002:0000197c       ??_C@_09NPKD@?6?$CFs?3?5OK?$CB?6?$AA@ 0042f97c     lan:lanlib.obj
 0002:00001988       ??_C@_0CC@NEBI@Error?5in?5CreateFileMapping?5?$CFs?3?$CFd@ 0042f988     lan:lanlib.obj
 0002:000019ac       ??_C@_0CA@HLHM@No?5such?5station?5index?5in?5db?3?5?$CFd?$AA@ 0042f9ac     ipclib:ReadDatabase.obj
 0002:000019cc       ??_C@_0BJ@ECOB@No?5such?5a?5station?5id?3?5?$CFd?$AA@ 0042f9cc     ipclib:ReadDatabase.obj
 0002:000019e8       ??_C@_0BG@PIIA@No?5such?5a?5station?3?5?$CFs?$AA@ 0042f9e8     ipclib:ReadDatabase.obj
 0002:00001a00       ??_C@_0BD@KKBG@Station?5name?5empty?$AA@ 0042fa00     ipclib:ReadDatabase.obj
 0002:00001a14       ??_C@_0BE@JHOK@No?5such?5a?5group?3?5?$CFd?$AA@ 0042fa14     ipclib:ReadDatabase.obj
 0002:00001a28       ??_C@_0BH@OBGA@No?5such?5a?5group?3?5?$CFd?9?$CFs?$AA@ 0042fa28     ipclib:ReadDatabase.obj
 0002:00001a40       ??_C@_0BB@MAND@group?5name?5empty?$AA@ 0042fa40     ipclib:ReadDatabase.obj
 0002:00001a54       ??_C@_0CB@EHOK@Fail?5to?5find?5LCU?$CFd?4?$CFd?5ioGroup?5?$CFd@ 0042fa54     ipclib:ReadDatabase.obj
 0002:00001a78       ??_C@_0DH@MGBP@ioGroup?5index?5?$CFd?5is?5overrange?3?5L@ 0042fa78     ipclib:ReadDatabase.obj
 0002:00001ab0       ??_C@_0CC@GELE@Fail?5to?5find?5ioGroup?5?$CFd?3?5LCU?$CFd?4?$CF@ 0042fab0     ipclib:ReadDatabase.obj
 0002:00001ad4       ??_C@_0BN@PIGJ@No?5such?5a?5point?3?5?$CFd?9?$CFd?9?$CFd?9?$CFd?$AA@ 0042fad4     ipclib:ReadDatabase.obj
 0002:00001af4       ??_C@_0BE@IFAH@No?5such?5a?5point?3?5?$CFs?$AA@ 0042faf4     ipclib:ReadDatabase.obj
[...]
 0004:000001e0       __imp__CloseHandle@4       1c98c1e0     kernel32:KERNEL32.dll
 0004:000001e4       __imp__UnmapViewOfFile@4   1c98c1e4     kernel32:KERNEL32.dll
 0004:000001e8       __imp__CreateSemaphoreA@16 1c98c1e8     kernel32:KERNEL32.dll
 0004:000001ec       __imp__OpenSemaphoreA@12   1c98c1ec     kernel32:KERNEL32.dll
 0004:000001f0       __imp__WaitForSingleObject@8 1c98c1f0     kernel32:KERNEL32.dll
 0004:000001f4       __imp__ReleaseSemaphore@12 1c98c1f4     kernel32:KERNEL32.dll
 0004:000001f8       __imp__CreateFileA@28      1c98c1f8     kernel32:KERNEL32.dll
 0004:000001fc       __imp__GetLastError@0      1c98c1fc     kernel32:KERNEL32.dll
 0004:00000200       __imp__ReleaseMutex@4      1c98c200     kernel32:KERNEL32.dll
 0004:00000204       __imp__ReadFile@20         1c98c204     kernel32:KERNEL32.dll
 0004:00000208       __imp__CreateProcessA@40   1c98c208     kernel32:KERNEL32.dll
 0004:0000020c       __imp__CreatePipe@16       1c98c20c     kernel32:KERNEL32.dll
 0004:00000210       __imp__GetStartupInfoA@4   1c98c210     kernel32:KERNEL32.dll
 0004:00000214       __imp__GetVersionExA@4     1c98c214     kernel32:KERNEL32.dll
 0004:00000218       __imp__GetFileSize@8       1c98c218     kernel32:KERNEL32.dll
 0004:0000021c       __imp__GetLocalTime@4      1c98c21c     kernel32:KERNEL32.dll
 0004:00000220       __imp__DeviceIoControl@32  1c98c220     kernel32:KERNEL32.dll
 0004:00000224       __imp__MapViewOfFile@20    1c98c224     kernel32:KERNEL32.dll
 0004:00000228       __imp__Sleep@4             1c98c228     kernel32:KERNEL32.dll
 0004:0000022c       __imp__Beep@8              1c98c22c     kernel32:KERNEL32.dll
 0004:00000230       __imp__CreateMutexA@12     1c98c230     kernel32:KERNEL32.dll
 0004:00000234       __imp__CreateThread@24     1c98c234     kernel32:KERNEL32.dll
 0004:00000238       \177KERNEL32_NULL_THUNK_DATA 1c98c238     kernel32:KERNEL32.dll
 0004:0000023c       __imp__strcat              1c98c23c     MSVCRTD:MSVCRTD.dll
 0004:00000240       __imp__strcpy              1c98c240     MSVCRTD:MSVCRTD.dll
 0004:00000244       __imp__printf              1c98c244     MSVCRTD:MSVCRTD.dll
 0004:00000248       __imp__sprintf             1c98c248     MSVCRTD:MSVCRTD.dll
 0004:0000024c       __imp__memset              1c98c24c     MSVCRTD:MSVCRTD.dll
 0004:00000250       __imp__memcpy              1c98c250     MSVCRTD:MSVCRTD.dll
 0004:00000254       __imp__localtime           1c98c254     MSVCRTD:MSVCRTD.dll
 0004:00000258       __imp__strcmp              1c98c258     MSVCRTD:MSVCRTD.dll
 0004:0000025c       __imp__fabs                1c98c25c     MSVCRTD:MSVCRTD.dll
 0004:00000260       __imp__cos                 1c98c260     MSVCRTD:MSVCRTD.dll
 0004:00000264       __imp__sin                 1c98c264     MSVCRTD:MSVCRTD.dll
 0004:00000268       __imp__exp                 1c98c268     MSVCRTD:MSVCRTD.dll
 0004:0000026c       __imp__sqrt                1c98c26c     MSVCRTD:MSVCRTD.dll
 0004:00000270       __imp__strstr              1c98c270     MSVCRTD:MSVCRTD.dll
 0004:00000274       __imp__atof                1c98c274     MSVCRTD:MSVCRTD.dll
 0004:00000278       __imp__exit                1c98c278     MSVCRTD:MSVCRTD.dll
 0004:0000027c       __imp__sscanf              1c98c27c     MSVCRTD:MSVCRTD.dll
 0004:00000280       __imp__fprintf             1c98c280     MSVCRTD:MSVCRTD.dll
 0004:00000284       __imp__strncmp             1c98c284     MSVCRTD:MSVCRTD.dll
 0004:00000288       __imp___ftol               1c98c288     MSVCRTD:MSVCRTD.dll
 0004:0000028c       __imp__fclose              1c98c28c     MSVCRTD:MSVCRTD.dll
 0004:00000290       __imp__free                1c98c290     MSVCRTD:MSVCRTD.dll
 0004:00000294       __imp__time                1c98c294     MSVCRTD:MSVCRTD.dll
 0004:00000298       __imp__fscanf              1c98c298     MSVCRTD:MSVCRTD.dll
 0004:0000029c       __imp__fopen               1c98c29c     MSVCRTD:MSVCRTD.dll
 0004:000002a0       __imp__strlen              1c98c2a0     MSVCRTD:MSVCRTD.dll
 0004:000002a4       __imp__fgets               1c98c2a4     MSVCRTD:MSVCRTD.dll
 0004:000002a8       __imp___chkesp             1c98c2a8     MSVCRTD:MSVCRTD.dll
 0004:000002ac       __imp__strncpy             1c98c2ac     MSVCRTD:MSVCRTD.dll
 0004:000002b0       __imp__vsprintf            1c98c2b0     MSVCRTD:MSVCRTD.dll
 0004:000002b4       __imp__strrchr             1c98c2b4     MSVCRTD:MSVCRTD.dll
 0004:000002b8       __imp__mktime              1c98c2b8     MSVCRTD:MSVCRTD.dll
 0004:000002bc       __imp__rewind              1c98c2bc     MSVCRTD:MSVCRTD.dll
 0004:000002c0       __imp___pctype             1c98c2c0     MSVCRTD:MSVCRTD.dll
 0004:000002c4       __imp___isctype            1c98c2c4     MSVCRTD:MSVCRTD.dll
 0004:000002c8       __imp____mb_cur_max        1c98c2c8     MSVCRTD:MSVCRTD.dll
 0004:000002cc       __imp__abs                 1c98c2cc     MSVCRTD:MSVCRTD.dll
 0004:000002d0       __imp__fread               1c98c2d0     MSVCRTD:MSVCRTD.dll
 0004:000002d4       __imp___strupr             1c98c2d4     MSVCRTD:MSVCRTD.dll
 0004:000002d8       __imp___exit               1c98c2d8     MSVCRTD:MSVCRTD.dll
 0004:000002dc       __imp___XcptFilter         1c98c2dc     MSVCRTD:MSVCRTD.dll
 0004:000002e0       __imp____p___initenv       1c98c2e0     MSVCRTD:MSVCRTD.dll
 0004:000002e4       __imp____getmainargs       1c98c2e4     MSVCRTD:MSVCRTD.dll
 0004:000002e8       __imp___initterm           1c98c2e8     MSVCRTD:MSVCRTD.dll
 0004:000002ec       __imp____setusermatherr    1c98c2ec     MSVCRTD:MSVCRTD.dll
 0004:000002f0       __imp___adjust_fdiv        1c98c2f0     MSVCRTD:MSVCRTD.dll
 0004:000002f4       __imp____p__commode        1c98c2f4     MSVCRTD:MSVCRTD.dll
 0004:000002f8       __imp____p__fmode          1c98c2f8     MSVCRTD:MSVCRTD.dll
 0004:000002fc       __imp____set_app_type      1c98c2fc     MSVCRTD:MSVCRTD.dll
 0004:00000300       __imp___except_handler3    1c98c300     MSVCRTD:MSVCRTD.dll
 0004:00000304       __imp___controlfp          1c98c304     MSVCRTD:MSVCRTD.dll
 0004:00000308       __imp____dllonexit         1c98c308     MSVCRTD:MSVCRTD.dll
 0004:0000030c       __imp___onexit             1c98c30c     MSVCRTD:MSVCRTD.dll
 0004:00000310       \177MSVCRTD_NULL_THUNK_DATA 1c98c310     MSVCRTD:MSVCRTD.dll
 0004:00000314       __imp__WSAStartup@8        1c98c314     wsock32:WSOCK32.dll
 0004:00000318       __imp__inet_addr@4         1c98c318     wsock32:WSOCK32.dll
 0004:0000031c       __imp__gethostname@8       1c98c31c     wsock32:WSOCK32.dll
 0004:00000320       \177WSOCK32_NULL_THUNK_DATA 1c98c320     wsock32:WSOCK32.dll

 entry point at        0001:0002c590

 Static symbols

 0001:0000c6f0       _GetStnEntryPtrById        0040d6f0 f   ipclib:ReadDatabase.obj
 0001:0000dcb0       _GetRecPosition            0040ecb0 f   ipclib:ReadDatabase.obj
 0001:0000deb0       _GetRecPositionByOffset    0040eeb0 f   ipclib:ReadDatabase.obj
 0001:0000e0d0       _GetPtPosition             0040f0d0 f   ipclib:ReadDatabase.obj
 0001:0000e480       _GetEntryId                0040f480 f   ipclib:ReadDatabase.obj
 0001:0002c720       _$$$00001                  0042d720 f   MSVCRTD:chkstk.obj
 0001:0002c72c       probepages                 0042d72c f   MSVCRTD:chkstk.obj
 0001:0002c740       lastpage                   0042d740 f   MSVCRTD:chkstk.obj

FIXUPS: 2d828 ffffff76 fffffe68 1c f 3b 1f 27 ffffc80d 10 1c 2e 10 1c 18
FIXUPS: 29f97 20 3a 10 2e 10 1c 2e 10 1c 18 43 11 23 79 b 6 20 13 43 23
FIXUPS: 2a2b9 67 21 34cd ffffbf50 38 26 1a 10 39 3b 23 6b 8a 1b 1c 1f f7
FIXUPS: 29ade a 4f 1f 13 46 32 29 74 11 46 4d 5b 72 38 20 3a 10 1011 3f
FIXUPS: 2af1c 1a 16 12 95 20 24 29 2b 36 25 1b 92 20 24 29 2b 36 25 1b
FIXUPS: 29535 b 16 34 16 2a 40 16 2b d9 1003 11 14 2c 11 24 22 2a 11 2a
FIXUPS: 2a845 27 10 ac 1c 36 41 1f f 77 21 9e 33 23 35 8f 14 85 9d 14 ee
FIXUPS: 2ae99 2451 2d 2d 30 22 12 3e 49 15 ffffcfb6 16 24 10 5c 12 2b 15
FIXUPS: 2a554 2a 2a 16 30 1a 2c 11 14 2c 11 14 2c 11 14 2570 5b 2a 1c 3c
FIXUPS: 2cdbd 5c 2a 26 66 2d 2d 30 22 12 50 49 15 70 1c 23 2d 2d 30 22
FIXUPS: 2d1a8 40 c 3f 21 21 15 fffff04a a 1c a 1c 17 9e 19 db 39 36 5d
FIXUPS: 2c5e1 3d 4d 20 66 20 9b 67 136 59 2a 43 5b 2a 44 5b 2b 44 5c 2a
FIXUPS: 2be4b 25 1f 27 25 1f 2a 25 1f 27 25 1f 78 23 23 1f 23 23 1f 23
FIXUPS: 2c160 1f 2a 25 32 25 55 18 17 5 5 5 fffff6ad 23 25 22 23 25 2a
FIXUPS: 2ba66 2f 25 2f 25 32 25 2f 25 32 25 1f 27 25 2f 25 32 25 1f 2a
FIXUPS: 2bd94 1f 2a 25 1f fffff6c8 29 23 26 21 23 26 21 23 2a 22 2a 23
FIXUPS: 2b6c7 22 23 25 22 23 25 22 23 25 22 23 25 22 23 25 22 23 25 ffffd7d3
FIXUPS: 2912b 24 15 3c 5c f 19 5f f 19 3b f 19 2d f 19 16 1f68 2c 26 2b
FIXUPS: 2b388 23 25 22 23 25 22 23 25 22 ffffd4df 72 46 f 19 73 19 f 19
FIXUPS: 28b8c f 19 1d 24 15 24 15 3c 39 276 2b 46 f 19 52 19 f 19 53 f
FIXUPS: 290d5 1d fffff42a f 19 1d 24 15 24 15 3c 2a 3e f 19 49 f 19 4e
FIXUPS: 2876d 19 39 39 f 19 40 f 19 4e f 19 39 46 f fffff69d 49 23 f 19
FIXUPS: 28110 f 19 1d 24 15 24 15 3c 2a 3e f 19 46 f 19 4e f 19 79 f 19
FIXUPS: 28435 49 23 f 19 fffff646 4e f 19 6b 21 22 f 19 53 f 19 1d 24 15
FIXUPS: 27d50 15 3c 2f f 19 24 59 f 19 39 5f f 19 87 f 19 fffff69c f 19
FIXUPS: 27710 f 19 4e f 19 6b 21 23 f 19 53 f 19 1d 24 15 24 15 3c 2f f
FIXUPS: 27a22 24 39 f 19 40 f fffff6ab f 19 28 56 2d f 19 1e 26 f 19 53
FIXUPS: 2736a 19 2c 15 24 15 3c 5c 5c f 19 39 46 f 19 4e f 19 39 fffe94f9
FIXUPS: 10b92 24 2d 9c a7 a5 71e a5 a5 a8 a5 7e f 16 15631 13 15 5b 102
FIXUPS: 26fe8 19 38 1d 11 23 39 f 19 40 f 19 fffe83d0 4d 45 87 25 21 2b
FIXUPS: f8d6 71 24 2b 24 2e 9f ac ac af ac ac af ac 85 f 16 78 13e 3a f
FIXUPS: 10200 73 869 6b ffffe0c1 25 38 38 36 6b f dd 3b 38 36 6b f b3 35
FIXUPS: f06d 30 1e 48 6d f 3c 3c 24 35 30 39 139 20 f 16 bd ffffed0a f
FIXUPS: e2eb 35 16 2d 6b f 44 32 6b f 82 51 33 6b f 10d 16 33 6b f 105
FIXUPS: e938 2b 6b f 6e 87 17 89 17 ffffef75 f 60 15 31 6b f 60 15 31 6b
FIXUPS: dd4d 90 15 31 28 11 33 5d 39 f 16 39 6b f 35 15 2c 6b f 6e 38 fffff335
FIXUPS: d4f3 12 8a 38 96 f 16 2b 1e 12 a4 f 16 27 21 12 2d 21 12 3e 6d
FIXUPS: d944 f 16 34 2b 25 2b 25 2b 2b ba42 37 3b 35 f 32 54 f 15 42 30
FIXUPS: 196dc f 3d 5b f b1 7b 57 40 3f f 35 f 25 25 29 f 1a ffff39f3 12
FIXUPS: d4b6 bb81 35 f 25 51 f 15 2c 36 35 f 27 4f f 15 1d 15 30 35 f 18
FIXUPS: 19328 49 f 15 2a 38 35 f 25 51 f fffff6a5 15 57 f 15 1f 15 3e 35
FIXUPS: 18cab 1a 15 57 f 15 2c 36 35 f 27 4f f 15 2c 36 35 f 27 4f f 15
FIXUPS: 18fff fffff6f8 35 f 25 51 f 15 1f 15 3e 35 f 1a 15 57 f 15 1f 15
FIXUPS: 189a7 35 f 1a 15 57 f 15 1f 15 3e 35 f fffff5b6 f 18 22 cf 3e 38
FIXUPS: 1829e 1d cd 49 f 15 3a 38 35 f 35 51 f 15 1d 15 30 35 f 18 15 49
FIXUPS: 18680 15 2a fffff4c1 37 38 f ab 27 f 16 4c f 15 2f 33 35 f 2a 4c
FIXUPS: 17e90 15 2f 33 35 f 2a 4c f 15 2c 36 35 f 27 fffff347 15 7a f 18
FIXUPS: 17554 15 3e 61 f 9e 15 58 f 59 f 18 7d 15 4f f 18 61 f 79 15 8b
FIXUPS: 17a7a f ab 27 f fffff29b 2f 33 35 f 2a 4c f 15 1d 15 30 35 f 18
FIXUPS: 17018 49 f 15 2a 38 35 f 25 78 f 18 a9 15 3a 61 f fffff3f5 3e 3d
FIXUPS: 16828 f 39 78 f 15 3a 31 61 f 35 7c f 15 47 34 61 f 42 7f f 15
FIXUPS: 16cbc 3b 5e f 2b 52 f ffffee3f 1e 1e 1c f 16 55 f 18 10d 52 38
FIXUPS: 15ece 108 6b f 18 1f0 4f 38 f 1eb 8f f 15 42 39 61 f 3d 74 f fffff094
FIXUPS: 157f5 4c f 18 4d f 39 21 21 21 1f f 1f 21 1e 1e 1c f 16 3c 38 f
FIXUPS: 15b16 f 39 21 21 21 1f f 1f fffff699 46 54 f 15 2a 38 35 f 25 51
FIXUPS: 15490 15 2a 38 35 f 25 51 f 15 2a 38 35 f 25 51 f 15 2f 33 35 fffff4bc
FIXUPS: 14c87 15 42 39 61 f 3d 74 f 15 42 39 61 f 3d 74 f 15 1d 15 39 5e
FIXUPS: 150f4 18 15 77 f 15 4b 30 61 fffff330 f 15 30 3b 5e f 2b 79 f 15
FIXUPS: 147b6 31 5e f 25 7f f 15 3e 3d 61 f 39 78 f 15 42 39 61 f 3d fffff37d
FIXUPS: 13fb7 2a 36 2a 36 2a 36 2a 36 2a 36 2a 36 2a 36 2a 36 2a 36 2a
FIXUPS: 14377 2a 36 2a 36 2a 36 2a 36 2a 36 fffff42a 36 2a 36 2a 36 2a
FIXUPS: 13ad7 2a 36 2a 36 2a 36 2a 36 2a 36 2a 36 2a 36 2a 36 2a 36 2a
FIXUPS: 13e97 2a 36 2a 36 fffff3da 3c 34 3c 7b f 15 37 34 61 f 32 38 36
FIXUPS: 13621 36 2a 36 2a 36 2a 36 2a 36 2a 36 2a 36 2a 36 2a 36 fffff19a
FIXUPS: 12ba6 5b b6 5a 38 38 38 38 3c 34 3c 34 3c 34 3c 34 3c 34 3c 34
FIXUPS: 130cd 34 3c 34 3c 34 3c 34 3c 34 3c ffffeec4 1a 10 36 69 22 2d
FIXUPS: 12311 1a 10 36 1d 12 31 1d 12 31 5c 34 5c 34 125 6b 126 70 87 f
FIXUPS: 1294e 69 88 f 41 fffff159 1e 15 36 2a 36 2a 36 2a 36 2a 36 2c 34
FIXUPS: 11e5d 34 2c 34 2c 34 2a 36 2a 36 2c 34 2c 34 69 22 20 12 8447 13
FIXUPS: 1a624 21 13 ffff7239 1a 12 34 1d 12 31 1d 12 33 2a 21 1e 24 25
FIXUPS: 11a99 1e 19 1e 10 1e 15 36 21 1e 14 1e 84bc 54 24 57 46 12 49 16
FIXUPS: 1a240 13 33 10 35 15 3b 15 36 15 3b 15 3b 15 49 21 13 3c 21 13
FIXUPS: 1a544 21 13 3c ecc 13 13 f ffffe633 28 38 10 3e 2b 21 12 4b 19
FIXUPS: 19cb4 a 1b f 12 11 c 4f 87 23 12 4b 3c 12 bd 27 57 8c 1040 c 27
FIXUPS: 1b101 26 11 3b 28 1f 11 f a f 22 d 25 8 23 8 33 47 41 1d 13 21
FIXUPS: 1b399 23 13 21 52 13 13 fffff8a3 29 18 16 f 16 18 12 33 24 f 22
FIXUPS: 1ae5f 16 f 19 42 f 2d f 2f 2b f 1d f 15 3c c 27 c 26 11 fffff8ba
FIXUPS: 1a988 22 16 14 f 34 22 18 16 f 26 18 16 f 16 17 31 17 13 c 15 4f
FIXUPS: 1ac27 13 16 f 1e 34 1d 18 16 1380 f 20 28 f 16 17 21 f 16 e 1c
FIXUPS: 1c192 1e f 1e 44 1d ffffe44a 48 25 25 25 25 25 25 25 25 25 25 48
FIXUPS: 1a8af 1395 20 57 1e 37 1c 19 1a 13 11 20 22 14 1b 24 20 f 8 27
FIXUPS: 1beb9 13 13 48 13 13 44 13 13 34 13 13 4a fffff7af 2b 16 16 2f
FIXUPS: 1b8a3 18 1b 18 73 3a 12 26 14 21 20 52 16 19 20 15 16 16 16 16
FIXUPS: 1bb42 15 16 36 20 23 23 d2b 13 210 4f 31 ad 15 34 55 10 2b 38 10
FIXUPS: 1cdd6 18 13 35 18 13 9f 1f 19 2be ffffe313 12 3c a d 218 2c 19
FIXUPS: 1b7fb 8264 f 15 5d 20 1e f 16 ffff882f fd 1e 10d 12 75 f a6 f 3d
FIXUPS: 1c731 5e f 3f f 23 f 28 31 12 33 15 15 15 6cfd 2e 1c 10 34 1a 10
FIXUPS: 236f5 2d c 14 f 1c c 18 1d 3b 13 1f 3b 1c 10 34 1a 10 3d 1d 33
FIXUPS: 23982 19 38 5d fffff845 2e f 1c c 15 1d 2e 13 1f 35 1c 10 34 1a
FIXUPS: 2342b 34 e 11 10 1a 10 47 c 14 f 1c c 18 1d 3b 13 fffff844 10 10
FIXUPS: 22e57 1d 59 33 f 16 58 1d 1e f 16 44 16 39 1c 17 15 29 10 30 1a
FIXUPS: 2314b 34 e 11 10 10 92 f fffff38a 1e 18 19 15 b3 f 24 ad f 48 f
FIXUPS: 2286b 15 b0 f 24 48 f 91 f 42 f 25 15 29a e 10 10 1a 1d 2b fffff302
FIXUPS: 22148 e 17 3c 2e f 2d 35 e 17 3c 2e f 47 f 29 2b 15 78 c 1e 15
FIXUPS: 2248f e 14 36 1c 1d 1d 1c 84 fffff4f3 3a 4d 24 3a e 14 3d 4d 3d
FIXUPS: 21cad 16 58 29 61 36 f 28 1f 5a 29 61 36 f 28 1f 5a 29 61 36 f
FIXUPS: 220f2 fffff53c 4f c 24 15 46 c 25 c 1e 15 58 2b f 2e 43 f 41 2b
FIXUPS: 21905 35 f 28 15 29 e 13 3a 4d 24 34 e fffff728 16 34 e 11 10 10
FIXUPS: 212d0 2d f 16 5e 20 1e f 16 5d 20 1e f 16 2e 1a 1d 58 36 f 16 34
FIXUPS: 215fd 11 10 fffff808 20 f c 2a 1c 18 13 21 31 f c 41 f c 36 f c
FIXUPS: 21003 27 f c 17 27 f c 24 1d 20 15 8c 36 fffff914 f c 21 13 20
FIXUPS: 20b68 c 2a 1c 18 13 21 31 f c 41 f c 36 f c 17 27 f c 27 24 27
FIXUPS: 20dd9 c 2e fffff898 34 f c 2c f c 67 13 20 f c 20 1c 18 21 31 f
FIXUPS: 208b7 48 3e f c 1c 28 29 29 28 29 29 28 26 fffff89f 21 31 f c 2c
FIXUPS: 2041c f c 1c 14 13 20 f c 20 1c 18 13 21 31 f c 41 f c 1c 1d 34
FIXUPS: 20661 c 21 fffff906 c 2a 1c 18 13 21 31 f c 41 f c 33 f c 53 38
FIXUPS: 201c2 c 2d 34 f c 56 13 20 f c 20 1c 18 fffff8cb f c 2a 1c 18 13
FIXUPS: 1fcba 31 f c 41 f c 36 f c 1e 27 f c 25 2e f c 23 27 f c 6c 13
FIXUPS: 1ff85 fffff88e 18 13 21 31 f c 44 f c 38 f c 1e 27 f c 25 2e f
FIXUPS: 1fa2b 4e 31 f c 21 2e f c 3e 6d 13 fffff7ca 18 13 21 31 f c 44
FIXUPS: 1f4a2 c 38 f c 1e 27 f c 25 2e f c 94 42 f c 56 69 13 20 f c 2a
FIXUPS: 1efa8 18 13 21 31 f c 41 f c 33 f c 53 38 f c 6b 38 f c 4e f c
FIXUPS: 1f2de 1d 28 13 20 f c 2a fffff866 c 2a 1c 18 13 21 31 f c 41 f
FIXUPS: 1ed47 33 f c 53 38 f c 27 24 26 f c 27 26 13 20 f c 2a fffff7c0
FIXUPS: 1e75f 20 f c 20 1c 18 13 21 31 f c 4f f c 53 38 f c 5e 34 f c af
FIXUPS: 1eb0d f c 61 36 13 20 fffff78b f c 41 39 13 20 f c 2a 1c 18 13
FIXUPS: 1e4f2 31 f c 41 f c 3f 27 f c 33 f c 50 26 f c 2c fffff85a c 21
FIXUPS: 1dfdb f c 31 3b 13 20 f c 20 1c 18 13 21 31 f c 4f f c 53 38 f
FIXUPS: 1e294 4e 31 f c 21 fffff7aa 38 f c 17 27 f c 28 a3 42 f c 59 44
FIXUPS: 1dd7d 20 f c 2a 1c 18 13 21 31 f c 5c 31 f c 33 fffff7f8 1c 1c
FIXUPS: 1d7bd 1c 1c 18 18 26 f c 28 22 22 20 14 1a 48 13 20 f c 2a 1c 18
FIXUPS: 1da27 21 31 f c 4a f fffff913 2a 1c 18 13 21 31 f c 4a f c 17 27
FIXUPS: 1d590 c 17 27 f c 17 27 f c 1e 27 f c 33 2f 3e f 8fc4 1d bd 36
FIXUPS: 2684e be 35 38 38 29 37 38 38 29 ffff6785 c 18 1a 20 35 15 27 1b
FIXUPS: 1d33f e 19 21 f 1c 13 20 f 8b96 28 2f 64 2c 28 38 28 38 2a 36 2a
FIXUPS: 261f1 2a 36 2a 56 f 18 66 f b4 36 38 f 60 f a5 41 5c 32 6f ffffe621
FIXUPS: 24d20 1a 157 51 10 2f 386 2a 35d 45 38 36 3c 46 51 2d 55 67 1a
FIXUPS: 25928 29 59 63 63 fa 77 12b ae 6b 3c aa ead 1d 34 12 ffffcd5c 2e0
FIXUPS: 23e66 8e f 8e f 8e f 267 1da f 22 2c 165 f 27 f a6 f 163 f ed f
FIXUPS: 24b0a f 11d f fffe7391 18 18 18 41 16 27 3f 28 28 26 28 5b 58 49
FIXUPS: c2e3 20 1a84c 2b 34 3b 16 16 1a 12 5a 4a 33 3f 17 17 1d fffe4ea4
FIXUPS: bc72 1d 12 16 2e 1a 1c 12 c 4c 16 24 a 28 21 10 1b 10 18 10 18
FIXUPS: be9d 18 10 17 10 50 20 22 19 23 fffff7f2 16 20 3e 13 1b 4b 40 38
FIXUPS: b925 17 20 14 16 1c 31 13 1b 5a 63 20 14 1a 20 14 16 20 43 29 1a
FIXUPS: bc08 16 fffff7be 13 21 2b 10 1d 2c 1e 10 1a 29 38 f 13 21 28 10
FIXUPS: b5d2 29 32 f 13 21 28 10 1a 29 3f 20 14 1a 20 fffff862 14 1a 1d
FIXUPS: b059 16 2f 3c 20 14 1a 1d 14 16 2f 3c 20 14 1a 1d 14 16 2f 3c 20
FIXUPS: b30e 1a 1d 14 16 2f 2f fffff795 20 43 45 20 14 1a 1d 14 16 20 5b
FIXUPS: ad3a 14 1a 20 14 16 1c 32 13 1b 5c 40 20 14 1a 1d 14 16 20 5b fffff74b
FIXUPS: a76a 20 14 1a 1d 14 16 20 5b 20 14 1a 20 14 16 20 43 45 20 14 1a
FIXUPS: aa25 14 16 20 5b 20 14 1a 20 14 fffff735 1d 19 71 3b 20 16 34 f
FIXUPS: a3ef 21 2b 10 1a 37 31 f 13 21 2b 10 1a 37 50 3e 20 14 1a 20 14
FIXUPS: a6c2 20 ffffefb6 1d f 1d 67 2e 59 1a 3e 1e 40 4f 29 710 f 23 35
FIXUPS: a080 4f 12 16 2e 1d f 23 31 1d f 22 32 21 2b ffffed96 82 42 13
FIXUPS: 9131 21 48 f 23 43 12 54 37 13 39 41 15 38 cc 18 18 18 81 43 13
FIXUPS: 95a1 10 1d f 17 50 25 fffff1ca 67 43 29 9b 15 29 42 12 67 47 13
FIXUPS: 8b7a 4f 41 15 38 89 18 18 18 82 45 13 40 36 41 15 38 b9 18 18 fffff15c
FIXUPS: 8161 9c 24 f 23 44 12 55 36 13 38 12 6f b3 15 29 42 12 67 47 13
FIXUPS: 868c 37 32 32 f 23 57 c 4f 12 fffff49a 1d 14 1a 43 41 3c 43 20
FIXUPS: 7e5f 1b 17 11 10 11 10 16 4e 2e 20 37 1b 17 11 10 11 10 16 4e 72
FIXUPS: 8118 1d fffff7ea c 4b 57 20 20 19 23 1d 1f 14 14 1d 14 1d 14 1d
FIXUPS: 7b40 1d 14 1d 14 1d 14 1d 14 1d 1e 1d 14 1f 14 fffff437 f 40 46
FIXUPS: 7181 22 37 5d 31 73 8b 11 95 88 11 15 1c ac 6d 8f 11 15 1c d3 4e
FIXUPS: 77f4 a 40 24 12 24 3a 555d 37 2f 3e 37 2f 3b 7f 2f 3e 2c 2f 3e
FIXUPS: d126 2f 3b 50 2f 3b 66 2f 3b 46 2f 3b 5f 13 ffff9bf9 a 13 14 35
FIXUPS: c5dd 18 15 15 15 15 15 14 12 36 80 16 14 12 41 be 11 12 39 be 48
FIXUPS: ca19 12 49 24 34 105 14e 2f 3e 36 2f ffff4cf3 25 8e 13 25 8e 13
FIXUPS: 1c95 45 25 f a641 20 1d 16 16 13 13 18 e e 13 37 16 13 13 18 e
FIXUPS: c4c8 13 66 78 ffff4de7 d 7 14 f 14 12 2a 11 31 f a 11 31 13 89
FIXUPS: 15a6 3c 23 1d 47 22 1d 1a aa 14f 4a 40 b4 13 25 a0 25bd 2b 25 15
FIXUPS: 1eaa 21 72 21 18 21 fffff09b 10 26 16 49 19 19 2e 78 13 22 64 13
FIXUPS: 1263 13 1c f 53 32 1c 19 1a 226c 1a 39 19 39 5b 43 19 38 1b 1c
FIXUPS: 37e7 8c d3 12 11 12 14 372 25 68 d 130 17 24 1b 61 55 4f c c c
FIXUPS: 2843 12 69 31 12 1a 12 a8 8d 2f 2f 2f 2c 2c 2c c9 e e e e e 95
FIXUPS: 3142 8d 17 1c 17 264 e9 17 16 38 31e9 d 1e 45 16 21 28 31 57 20
FIXUPS: 697a 22 23 4d 48 141 101 56 47 14d 27 ffffd273 b0 12 50 ffffde35
FIXUPS: 2086 35 b0 310 b0 2d9 3832 160 1e 1e 4c 29 11 26 56 13 82 14 6
FIXUPS: 63ae 63 72 27 35 32 30 6 65 4a 29 8 6c 1b 7a 4b 1f 6 8 ffffef02
FIXUPS: 56f9 2e 15 3c 15 42 3d 15 28 129 10 4a 58 dc 23 3c d d e 73 22
FIXUPS: 5c33 51 25 10e 5e 38 2f 15c d 45 ffffedfe 1b 1f 1d 5e 4a 29 27
FIXUPS: 4fc5 62 24 27 38 30 53 33 4a 27 d9 6e 97 3f 42 49 30 44 61 19 25
FIXUPS: 55d0 30 51 ffffee23 3c 15 16 15 14 3c 15 16 15 e 1b0 25 2b 6b 23
FIXUPS: 4832 5c 25 19 1b a 49 25 91 22 79 15 188 2d 75 13a 20e0 41 c c
FIXUPS: 6fb7 e 1c 10 ffffd29e 8 7 12 a 5 f a 36 1b d a 5 b 17 3c d d 8
FIXUPS: 43cf 51 15 16 15
